Archive member included to satisfy reference by file (symbol)

C:/ST/STM32CubeIDE_1.17.0/STM32CubeIDE/plugins/com.st.stm32cube.ide.mcu.externaltools.gnu-tools-for-stm32.12.3.rel1.win32_1.1.0.202410251130/tools/bin/../lib/gcc/arm-none-eabi/12.3.1/../../../../arm-none-eabi/lib/thumb/v7e-m+fp/hard\libc_nano.a(libc_a-exit.o)
                              C:/ST/STM32CubeIDE_1.17.0/STM32CubeIDE/plugins/com.st.stm32cube.ide.mcu.externaltools.gnu-tools-for-stm32.12.3.rel1.win32_1.1.0.202410251130/tools/bin/../lib/gcc/arm-none-eabi/12.3.1/../../../../arm-none-eabi/lib/thumb/v7e-m+fp/hard/crt0.o (exit)
C:/ST/STM32CubeIDE_1.17.0/STM32CubeIDE/plugins/com.st.stm32cube.ide.mcu.externaltools.gnu-tools-for-stm32.12.3.rel1.win32_1.1.0.202410251130/tools/bin/../lib/gcc/arm-none-eabi/12.3.1/../../../../arm-none-eabi/lib/thumb/v7e-m+fp/hard\libc_nano.a(libc_a-findfp.o)
                              C:/ST/STM32CubeIDE_1.17.0/STM32CubeIDE/plugins/com.st.stm32cube.ide.mcu.externaltools.gnu-tools-for-stm32.12.3.rel1.win32_1.1.0.202410251130/tools/bin/../lib/gcc/arm-none-eabi/12.3.1/../../../../arm-none-eabi/lib/thumb/v7e-m+fp/hard\libc_nano.a(libc_a-exit.o) (__stdio_exit_handler)
C:/ST/STM32CubeIDE_1.17.0/STM32CubeIDE/plugins/com.st.stm32cube.ide.mcu.externaltools.gnu-tools-for-stm32.12.3.rel1.win32_1.1.0.202410251130/tools/bin/../lib/gcc/arm-none-eabi/12.3.1/../../../../arm-none-eabi/lib/thumb/v7e-m+fp/hard\libc_nano.a(libc_a-fwalk.o)
                              C:/ST/STM32CubeIDE_1.17.0/STM32CubeIDE/plugins/com.st.stm32cube.ide.mcu.externaltools.gnu-tools-for-stm32.12.3.rel1.win32_1.1.0.202410251130/tools/bin/../lib/gcc/arm-none-eabi/12.3.1/../../../../arm-none-eabi/lib/thumb/v7e-m+fp/hard\libc_nano.a(libc_a-findfp.o) (_fwalk_sglue)
C:/ST/STM32CubeIDE_1.17.0/STM32CubeIDE/plugins/com.st.stm32cube.ide.mcu.externaltools.gnu-tools-for-stm32.12.3.rel1.win32_1.1.0.202410251130/tools/bin/../lib/gcc/arm-none-eabi/12.3.1/../../../../arm-none-eabi/lib/thumb/v7e-m+fp/hard\libc_nano.a(libc_a-sprintf.o)
                              ./Core/Src/sd.o (sprintf)
C:/ST/STM32CubeIDE_1.17.0/STM32CubeIDE/plugins/com.st.stm32cube.ide.mcu.externaltools.gnu-tools-for-stm32.12.3.rel1.win32_1.1.0.202410251130/tools/bin/../lib/gcc/arm-none-eabi/12.3.1/../../../../arm-none-eabi/lib/thumb/v7e-m+fp/hard\libc_nano.a(libc_a-stdio.o)
                              C:/ST/STM32CubeIDE_1.17.0/STM32CubeIDE/plugins/com.st.stm32cube.ide.mcu.externaltools.gnu-tools-for-stm32.12.3.rel1.win32_1.1.0.202410251130/tools/bin/../lib/gcc/arm-none-eabi/12.3.1/../../../../arm-none-eabi/lib/thumb/v7e-m+fp/hard\libc_nano.a(libc_a-findfp.o) (__sread)
C:/ST/STM32CubeIDE_1.17.0/STM32CubeIDE/plugins/com.st.stm32cube.ide.mcu.externaltools.gnu-tools-for-stm32.12.3.rel1.win32_1.1.0.202410251130/tools/bin/../lib/gcc/arm-none-eabi/12.3.1/../../../../arm-none-eabi/lib/thumb/v7e-m+fp/hard\libc_nano.a(libc_a-memset.o)
                              C:/ST/STM32CubeIDE_1.17.0/STM32CubeIDE/plugins/com.st.stm32cube.ide.mcu.externaltools.gnu-tools-for-stm32.12.3.rel1.win32_1.1.0.202410251130/tools/bin/../lib/gcc/arm-none-eabi/12.3.1/../../../../arm-none-eabi/lib/thumb/v7e-m+fp/hard/crt0.o (memset)
C:/ST/STM32CubeIDE_1.17.0/STM32CubeIDE/plugins/com.st.stm32cube.ide.mcu.externaltools.gnu-tools-for-stm32.12.3.rel1.win32_1.1.0.202410251130/tools/bin/../lib/gcc/arm-none-eabi/12.3.1/../../../../arm-none-eabi/lib/thumb/v7e-m+fp/hard\libc_nano.a(libc_a-strcat.o)
                              ./Core/Src/sd.o (strcat)
C:/ST/STM32CubeIDE_1.17.0/STM32CubeIDE/plugins/com.st.stm32cube.ide.mcu.externaltools.gnu-tools-for-stm32.12.3.rel1.win32_1.1.0.202410251130/tools/bin/../lib/gcc/arm-none-eabi/12.3.1/../../../../arm-none-eabi/lib/thumb/v7e-m+fp/hard\libc_nano.a(libc_a-closer.o)
                              C:/ST/STM32CubeIDE_1.17.0/STM32CubeIDE/plugins/com.st.stm32cube.ide.mcu.externaltools.gnu-tools-for-stm32.12.3.rel1.win32_1.1.0.202410251130/tools/bin/../lib/gcc/arm-none-eabi/12.3.1/../../../../arm-none-eabi/lib/thumb/v7e-m+fp/hard\libc_nano.a(libc_a-stdio.o) (_close_r)
C:/ST/STM32CubeIDE_1.17.0/STM32CubeIDE/plugins/com.st.stm32cube.ide.mcu.externaltools.gnu-tools-for-stm32.12.3.rel1.win32_1.1.0.202410251130/tools/bin/../lib/gcc/arm-none-eabi/12.3.1/../../../../arm-none-eabi/lib/thumb/v7e-m+fp/hard\libc_nano.a(libc_a-reent.o)
                              C:/ST/STM32CubeIDE_1.17.0/STM32CubeIDE/plugins/com.st.stm32cube.ide.mcu.externaltools.gnu-tools-for-stm32.12.3.rel1.win32_1.1.0.202410251130/tools/bin/../lib/gcc/arm-none-eabi/12.3.1/../../../../arm-none-eabi/lib/thumb/v7e-m+fp/hard\libc_nano.a(libc_a-closer.o) (errno)
C:/ST/STM32CubeIDE_1.17.0/STM32CubeIDE/plugins/com.st.stm32cube.ide.mcu.externaltools.gnu-tools-for-stm32.12.3.rel1.win32_1.1.0.202410251130/tools/bin/../lib/gcc/arm-none-eabi/12.3.1/../../../../arm-none-eabi/lib/thumb/v7e-m+fp/hard\libc_nano.a(libc_a-impure.o)
[...]
Memory Configuration

Name             Origin             Length             Attributes
CCMRAM           0x10000000         0x00010000         xrw
RAM              0x20000000         0x00030000         xrw
FLASH            0x08000000         0x00200000         xr
*default*        0x00000000         0xffffffff

Linker script and memory map

LOAD C:/ST/STM32CubeIDE_1.17.0/STM32CubeIDE/plugins/com.st.stm32cube.ide.mcu.externaltools.gnu-tools-for-stm32.12.3.rel1.win32_1.1.0.202410251130/tools/bin/../lib/gcc/arm-none-eabi/12.3.1/thumb/v7e-m+fp/hard/crti.o
LOAD C:/ST/STM32CubeIDE_1.17.0/STM32CubeIDE/plugins/com.st.stm32cube.ide.mcu.externaltools.gnu-tools-for-stm32.12.3.rel1.win32_1.1.0.202410251130/tools/bin/../lib/gcc/arm-none-eabi/12.3.1/thumb/v7e-m+fp/hard/crtbegin.o
LOAD C:/ST/STM32CubeIDE_1.17.0/STM32CubeIDE/plugins/com.st.stm32cube.ide.mcu.externaltools.gnu-tools-for-stm32.12.3.rel1.win32_1.1.0.202410251130/tools/bin/../lib/gcc/arm-none-eabi/12.3.1/../../../../arm-none-eabi/lib/thumb/v7e-m+fp/hard/crt0.o
LOAD ./Core/Src/fatfs.o
LOAD ./Core/Src/main.o
LOAD ./Core/Src/sd.o
LOAD ./Core/Src/stm32f4xx_hal_msp.o
LOAD ./Core/Src/stm32f4xx_it.o
LOAD ./Core/Src/syscalls.o
LOAD ./Core/Src/sysmem.o
LOAD ./Core/Src/system_stm32f4xx.o
LOAD ./Core/Src/user_diskio.o
LOAD ./Core/Startup/startup_stm32f429zitx.o
LOAD ./Drivers/STM32F4xx_HAL_Driver/Src/stm32f4xx_hal.o
LOAD ./Drivers/STM32F4xx_HAL_Driver/Src/stm32f4xx_hal_cortex.o
LOAD ./Drivers/STM32F4xx_HAL_Driver/Src/stm32f4xx_hal_dma.o
LOAD ./Drivers/STM32F4xx_HAL_Driver/Src/stm32f4xx_hal_dma_ex.o
LOAD ./Drivers/STM32F4xx_HAL_Driver/Src/stm32f4xx_hal_exti.o
LOAD ./Drivers/STM32F4xx_HAL_Driver/Src/stm32f4xx_hal_flash.o
LOAD ./Drivers/STM32F4xx_HAL_Driver/Src/stm32f4xx_hal_flash_ex.o
LOAD ./Drivers/STM32F4xx_HAL_Driver/Src/stm32f4xx_hal_flash_ramfunc.o
LOAD ./Drivers/STM32F4xx_HAL_Driver/Src/stm32f4xx_hal_gpio.o
LOAD ./Drivers/STM32F4xx_HAL_Driver/Src/stm32f4xx_hal_pwr.o
LOAD ./Drivers/STM32F4xx_HAL_Driver/Src/stm32f4xx_hal_pwr_ex.o
LOAD ./Drivers/STM32F4xx_HAL_Driver/Src/stm32f4xx_hal_rcc.o
LOAD ./Drivers/STM32F4xx_HAL_Driver/Src/stm32f4xx_hal_rcc_ex.o
LOAD ./Drivers/STM32F4xx_HAL_Driver/Src/stm32f4xx_hal_spi.o
LOAD ./Drivers/STM32F4xx_HAL_Driver/Src/stm32f4xx_hal_uart.o
LOAD ./Middlewares/Third_Party/FatFs/src/diskio.o
LOAD ./Middlewares/Third_Party/FatFs/src/ff.o
LOAD ./Middlewares/Third_Party/FatFs/src/ff_gen_drv.o
LOAD ./Middlewares/Third_Party/FatFs/src/option/ccsbcs.o
LOAD ./Middlewares/Third_Party/FatFs/src/option/syscall.o
START GROUP
LOAD C:/ST/STM32CubeIDE_1.17.0/STM32CubeIDE/plugins/com.st.stm32cube.ide.mcu.externaltools.gnu-tools-for-stm32.12.3.rel1.win32_1.1.0.202410251130/tools/bin/../lib/gcc/arm-none-eabi/12.3.1/../../../../arm-none-eabi/lib/thumb/v7e-m+fp/hard\libc_nano.a
LOAD C:/ST/STM32CubeIDE_1.17.0/STM32CubeIDE/plugins/com.st.stm32cube.ide.mcu.externaltools.gnu-tools-for-stm32.12.3.rel1.win32_1.1.0.202410251130/tools/bin/../lib/gcc/arm-none-eabi/12.3.1/../../../../arm-none-eabi/lib/thumb/v7e-m+fp/hard\libm.a
END GROUP
START GROUP
LOAD C:/ST/STM32CubeIDE_1.17.0/STM32CubeIDE/plugins/com.st.stm32cube.ide.mcu.externaltools.gnu-tools-for-stm32.12.3.rel1.win32_1.1.0.202410251130/tools/bin/../lib/gcc/arm-none-eabi/12.3.1/thumb/v7e-m+fp/hard\libgcc.a
LOAD C:/ST/STM32CubeIDE_1.17.0/STM32CubeIDE/plugins/com.st.stm32cube.ide.mcu.externaltools.gnu-tools-for-stm32.12.3.rel1.win32_1.1.0.202410251130/tools/bin/../lib/gcc/arm-none-eabi/12.3.1/../../../../arm-none-eabi/lib/thumb/v7e-m+fp/hard\libc_nano.a
END GROUP
START GROUP
LOAD C:/ST/STM32CubeIDE_1.17.0/STM32CubeIDE/plugins/com.st.stm32cube.ide.mcu.externaltools.gnu-tools-for-stm32.12.3.rel1.win32_1.1.0.202410251130/tools/bin/../lib/gcc/arm-none-eabi/12.3.1/thumb/v7e-m+fp/hard\libgcc.a
LOAD C:/ST/STM32CubeIDE_1.17.0/STM32CubeIDE/plugins/com.st.stm32cube.ide.mcu.externaltools.gnu-tools-for-stm32.12.3.rel1.win32_1.1.0.202410251130/tools/bin/../lib/gcc/arm-none-eabi/12.3.1/../../../../arm-none-eabi/lib/thumb/v7e-m+fp/hard\libc_nano.a
LOAD C:/ST/STM32CubeIDE_1.17.0/STM32CubeIDE/plugins/com.st.stm32cube.ide.mcu.externaltools.gnu-tools-for-stm32.12.3.rel1.win32_1.1.0.202410251130/tools/bin/../lib/gcc/arm-none-eabi/12.3.1/../../../../arm-none-eabi/lib/thumb/v7e-m+fp/hard\libnosys.a
END GROUP
START GROUP
LOAD C:/ST/STM32CubeIDE_1.17.0/STM32CubeIDE/plugins/com.st.stm32cube.ide.mcu.externaltools.gnu-tools-for-stm32.12.3.rel1.win32_1.1.0.202410251130/tools/bin/../lib/gcc/arm-none-eabi/12.3.1/thumb/v7e-m+fp/hard\libgcc.a
LOAD C:/ST/STM32CubeIDE_1.17.0/STM32CubeIDE/plugins/com.st.stm32cube.ide.mcu.externaltools.gnu-tools-for-stm32.12.3.rel1.win32_1.1.0.202410251130/tools/bin/../lib/gcc/arm-none-eabi/12.3.1/../../../../arm-none-eabi/lib/thumb/v7e-m+fp/hard\libc_nano.a
LOAD C:/ST/STM32CubeIDE_1.17.0/STM32CubeIDE/plugins/com.st.stm32cube.ide.mcu.externaltools.gnu-tools-for-stm32.12.3.rel1.win32_1.1.0.202410251130/tools/bin/../lib/gcc/arm-none-eabi/12.3.1/../../../../arm-none-eabi/lib/thumb/v7e-m+fp/hard\libnosys.a
END GROUP
LOAD C:/ST/STM32CubeIDE_1.17.0/STM32CubeIDE/plugins/com.st.stm32cube.ide.mcu.externaltools.gnu-tools-for-stm32.12.3.rel1.win32_1.1.0.202410251130/tools/bin/../lib/gcc/arm-none-eabi/12.3.1/thumb/v7e-m+fp/hard/crtend.o
LOAD C:/ST/STM32CubeIDE_1.17.0/STM32CubeIDE/plugins/com.st.stm32cube.ide.mcu.externaltools.gnu-tools-for-stm32.12.3.rel1.win32_1.1.0.202410251130/tools/bin/../lib/gcc/arm-none-eabi/12.3.1/thumb/v7e-m+fp/hard/crtn.o
                0x20030000                        _estack = (ORIGIN (RAM) + LENGTH (RAM))
                0x00000200                        _Min_Heap_Size = 0x200
                0x00000400                        _Min_Stack_Size = 0x400

.isr_vector     0x08000000      0x1ac
                0x08000000                        . = ALIGN (0x4)
 *(.isr_vector)
 .isr_vector    0x08000000      0x1ac ./Core/Startup/startup_stm32f429zitx.o
                0x08000000                g_pfnVectors
                0x080001ac                        . = ALIGN (0x4)

.text           0x080001b0     0x5c68
                0x080001b0                        . = ALIGN (0x4)
 *(.text)
 .text          0x080001b0       0x40 C:/ST/STM32CubeIDE_1.17.0/STM32CubeIDE/plugins/com.st.stm32cube.ide.mcu.externaltools.gnu-tools-for-stm32.12.3.rel1.win32_1.1.0.202410251130/tools/bin/../lib/gcc/arm-none-eabi/12.3.1/thumb/v7e-m+fp/hard/crtbegin.o
 .text          0x080001f0       0x10 C:/ST/STM32CubeIDE_1.17.0/STM32CubeIDE/plugins/com.st.stm32cube.ide.mcu.externaltools.gnu-tools-for-stm32.12.3.rel1.win32_1.1.0.202410251130/tools/bin/../lib/gcc/arm-none-eabi/12.3.1/../../../../arm-none-eabi/lib/thumb/v7e-m+fp/hard\libc_nano.a(libc_a-strlen.o)
                0x080001f0                strlen
 .text          0x08000200       0xa0 C:/ST/STM32CubeIDE_1.17.0/STM32CubeIDE/plugins/com.st.stm32cube.ide.mcu.externaltools.gnu-tools-for-stm32.12.3.rel1.win32_1.1.0.202410251130/tools/bin/../lib/gcc/arm-none-eabi/12.3.1/../../../../arm-none-eabi/lib/thumb/v7e-m+fp/hard\libc_nano.a(libc_a-memchr.o)
                0x08000200                memchr
 .text          0x080002a0       0x30 C:/ST/STM32CubeIDE_1.17.0/STM32CubeIDE/plugins/com.st.stm32cube.ide.mcu.externaltools.gnu-tools-for-stm32.12.3.rel1.win32_1.1.0.202410251130/tools/bin/../lib/gcc/arm-none-eabi/12.3.1/thumb/v7e-m+fp/hard\libgcc.a(_aeabi_uldivmod.o)
                0x080002a0                __aeabi_uldivmod
 .text          0x080002d0      0x2bc C:/ST/STM32CubeIDE_1.17.0/STM32CubeIDE/plugins/com.st.stm32cube.ide.mcu.externaltools.gnu-tools-for-stm32.12.3.rel1.win32_1.1.0.202410251130/tools/bin/../lib/gcc/arm-none-eabi/12.3.1/thumb/v7e-m+fp/hard\libgcc.a(_udivmoddi4.o)
                0x080002d0                __udivmoddi4
 .text          0x0800058c        0x4 C:/ST/STM32CubeIDE_1.17.0/STM32CubeIDE/plugins/com.st.stm32cube.ide.mcu.externaltools.gnu-tools-for-stm32.12.3.rel1.win32_1.1.0.202410251130/tools/bin/../lib/gcc/arm-none-eabi/12.3.1/thumb/v7e-m+fp/hard\libgcc.a(_dvmd_tls.o)
                0x0800058c                __aeabi_idiv0
                0x0800058c                __aeabi_ldiv0
 *(.text*)
 .text.MX_FATFS_Init
                0x08000590       0x24 ./Core/Src/fatfs.o
                0x08000590                MX_FATFS_Init
 .text.main     0x080005b4       0x34 ./Core/Src/main.o
                0x080005b4                main
 .text.SystemClock_Config
                0x080005e8       0xd4 ./Core/Src/main.o
                0x080005e8                SystemClock_Config
 .text.MX_SPI1_Init
                0x080006bc       0x6c ./Core/Src/main.o
 .text.MX_USART2_UART_Init
                0x08000728       0x54 ./Core/Src/main.o
 .text.MX_GPIO_Init
                0x0800077c       0x50 ./Core/Src/main.o
 .text.Error_Handler
                0x080007cc        0xc ./Core/Src/main.o
                0x080007cc                Error_Handler
 .text.Error    0x080007d8       0x18 ./Core/Src/sd.o
 .text.SPIx_WriteRead
                0x080007f0       0x3c ./Core/Src/sd.o
                0x080007f0                SPIx_WriteRead
 .text.SPI_SendByte
                0x0800082c       0x1a ./Core/Src/sd.o
                0x0800082c                SPI_SendByte
 .text.SPI_ReceiveByte
                0x08000846       0x1a ./Core/Src/sd.o
                0x08000846                SPI_ReceiveByte
 .text.SPI_Release
                0x08000860        0xe ./Core/Src/sd.o
                0x08000860                SPI_Release
 .text.SPI_wait_ready
                0x0800086e       0x40 ./Core/Src/sd.o
                0x0800086e                SPI_wait_ready
 *fill*         0x080008ae        0x2 
 .text.SD_cmd   0x080008b0       0xd4 ./Core/Src/sd.o
 .text.SD_Read_Block
                0x08000984       0x88 ./Core/Src/sd.o
                0x08000984                SD_Read_Block
 .text.SD_Write_Block
                0x08000a0c       0xa4 ./Core/Src/sd.o
                0x08000a0c                SD_Write_Block
 .text.sd_ini   0x08000ab0      0x264 ./Core/Src/sd.o
                0x08000ab0                sd_ini
 .text.SD_List_File
                0x08000d14      0x10c ./Core/Src/sd.o
                0x08000d14                SD_List_File
 .text.HAL_MspInit
                0x08000e20       0x50 ./Core/Src/stm32f4xx_hal_msp.o
                0x08000e20                HAL_MspInit
 .text.HAL_SPI_MspInit
                0x08000e70       0x90 ./Core/Src/stm32f4xx_hal_msp.o
                0x08000e70                HAL_SPI_MspInit
 .text.HAL_UART_MspInit
                0x08000f00       0x90 ./Core/Src/stm32f4xx_hal_msp.o
                0x08000f00                HAL_UART_MspInit
 .text.NMI_Handler
                0x08000f90        0x8 ./Core/Src/stm32f4xx_it.o
                0x08000f90                NMI_Handler
 .text.HardFault_Handler
                0x08000f98        0x8 ./Core/Src/stm32f4xx_it.o
                0x08000f98                HardFault_Handler
 .text.MemManage_Handler
                0x08000fa0        0x8 ./Core/Src/stm32f4xx_it.o
                0x08000fa0                MemManage_Handler
 .text.BusFault_Handler
                0x08000fa8        0x8 ./Core/Src/stm32f4xx_it.o
                0x08000fa8                BusFault_Handler
 .text.UsageFault_Handler
                0x08000fb0        0x8 ./Core/Src/stm32f4xx_it.o
                0x08000fb0                UsageFault_Handler
 .text.SVC_Handler
                0x08000fb8        0xe ./Core/Src/stm32f4xx_it.o
                0x08000fb8                SVC_Handler
 .text.DebugMon_Handler
                0x08000fc6        0xe ./Core/Src/stm32f4xx_it.o
                0x08000fc6                DebugMon_Handler
 .text.PendSV_Handler
                0x08000fd4        0xe ./Core/Src/stm32f4xx_it.o
                0x08000fd4                PendSV_Handler
 .text.SysTick_Handler
                0x08000fe2        0xc ./Core/Src/stm32f4xx_it.o
                0x08000fe2                SysTick_Handler
 *fill*         0x08000fee        0x2 
 .text._sbrk    0x08000ff0       0x6c ./Core/Src/sysmem.o
                0x08000ff0                _sbrk
 .text.SystemInit
                0x0800105c       0x24 ./Core/Src/system_stm32f4xx.o
                0x0800105c                SystemInit
 .text.USER_initialize
                0x08001080       0x54 ./Core/Src/user_diskio.o
                0x08001080                USER_initialize
 .text.USER_status
                0x080010d4       0x2c ./Core/Src/user_diskio.o
                0x080010d4                USER_status
 .text.USER_read
                0x08001100       0x78 ./Core/Src/user_diskio.o
                0x08001100                USER_read
 .text.USER_write
                0x08001178       0x8c ./Core/Src/user_diskio.o
                0x08001178                USER_write
 .text.USER_ioctl
                0x08001204       0x74 ./Core/Src/user_diskio.o
                0x08001204                USER_ioctl
 .text.Reset_Handler
                0x08001278       0x50 ./Core/Startup/startup_stm32f429zitx.o
                0x08001278                Reset_Handler
 .text.Default_Handler
                0x080012c8        0x2 ./Core/Startup/startup_stm32f429zitx.o
                0x080012c8                RTC_Alarm_IRQHandler
                0x080012c8                HASH_RNG_IRQHandler
                0x080012c8                EXTI2_IRQHandler
                0x080012c8                TIM8_CC_IRQHandler
                0x080012c8                UART8_IRQHandler
                0x080012c8                SPI4_IRQHandler
                0x080012c8                TIM1_CC_IRQHandler
                0x080012c8                DMA2_Stream5_IRQHandler
                0x080012c8                DMA1_Stream5_IRQHandler
                0x080012c8                PVD_IRQHandler
                0x080012c8                SDIO_IRQHandler
                0x080012c8                TAMP_STAMP_IRQHandler
                0x080012c8                CAN2_RX1_IRQHandler
                0x080012c8                EXTI3_IRQHandler
                0x080012c8                TIM8_TRG_COM_TIM14_IRQHandler
                0x080012c8                TIM1_UP_TIM10_IRQHandler
                0x080012c8                TIM8_UP_TIM13_IRQHandler
                0x080012c8                I2C3_ER_IRQHandler
                0x080012c8                EXTI0_IRQHandler
                0x080012c8                I2C2_EV_IRQHandler
                0x080012c8                DMA1_Stream2_IRQHandler
                0x080012c8                CAN1_RX0_IRQHandler
                0x080012c8                FPU_IRQHandler
                0x080012c8                OTG_HS_WKUP_IRQHandler
                0x080012c8                LTDC_ER_IRQHandler
                0x080012c8                CAN2_SCE_IRQHandler
                0x080012c8                DMA2_Stream2_IRQHandler
                0x080012c8                SPI1_IRQHandler
                0x080012c8                TIM6_DAC_IRQHandler
                0x080012c8                TIM1_BRK_TIM9_IRQHandler
                0x080012c8                DCMI_IRQHandler
                0x080012c8                CAN2_RX0_IRQHandler
                0x080012c8                DMA2_Stream3_IRQHandler
                0x080012c8                USART6_IRQHandler
                0x080012c8                USART3_IRQHandler
                0x080012c8                CAN1_RX1_IRQHandler
                0x080012c8                UART5_IRQHandler
                0x080012c8                DMA2_Stream0_IRQHandler
                0x080012c8                TIM4_IRQHandler
                0x080012c8                I2C1_EV_IRQHandler
                0x080012c8                DMA1_Stream6_IRQHandler
                0x080012c8                DMA1_Stream1_IRQHandler
                0x080012c8                UART4_IRQHandler
                0x080012c8                TIM3_IRQHandler
                0x080012c8                RCC_IRQHandler
                0x080012c8                TIM8_BRK_TIM12_IRQHandler
                0x080012c8                Default_Handler
                0x080012c8                EXTI15_10_IRQHandler
                0x080012c8                ADC_IRQHandler
                0x080012c8                DMA1_Stream7_IRQHandler
                0x080012c8                SPI5_IRQHandler
                0x080012c8                TIM7_IRQHandler
                0x080012c8                CAN2_TX_IRQHandler
                0x080012c8                TIM5_IRQHandler
                0x080012c8                DMA2_Stream7_IRQHandler
                0x080012c8                I2C3_EV_IRQHandler
                0x080012c8                EXTI9_5_IRQHandler
                0x080012c8                RTC_WKUP_IRQHandler
                0x080012c8                LTDC_IRQHandler
                0x080012c8                ETH_WKUP_IRQHandler
                0x080012c8                SPI2_IRQHandler
                0x080012c8                OTG_HS_EP1_IN_IRQHandler
                0x080012c8                DMA1_Stream0_IRQHandler
                0x080012c8                CAN1_TX_IRQHandler
                0x080012c8                EXTI4_IRQHandler
                0x080012c8                ETH_IRQHandler
                0x080012c8                OTG_HS_EP1_OUT_IRQHandler
                0x080012c8                WWDG_IRQHandler
                0x080012c8                SPI6_IRQHandler
                0x080012c8                TIM2_IRQHandler
                0x080012c8                OTG_FS_WKUP_IRQHandler
                0x080012c8                TIM1_TRG_COM_TIM11_IRQHandler
                0x080012c8                OTG_HS_IRQHandler
                0x080012c8                DMA2D_IRQHandler
                0x080012c8                EXTI1_IRQHandler
                0x080012c8                UART7_IRQHandler
                0x080012c8                USART2_IRQHandler
                0x080012c8                I2C2_ER_IRQHandler
                0x080012c8                DMA2_Stream1_IRQHandler
                0x080012c8                CAN1_SCE_IRQHandler
                0x080012c8                FLASH_IRQHandler
                0x080012c8                DMA2_Stream4_IRQHandler
                0x080012c8                USART1_IRQHandler
                0x080012c8                OTG_FS_IRQHandler
                0x080012c8                SPI3_IRQHandler
                0x080012c8                DMA1_Stream4_IRQHandler
                0x080012c8                I2C1_ER_IRQHandler
                0x080012c8                FMC_IRQHandler
                0x080012c8                DMA2_Stream6_IRQHandler
                0x080012c8                SAI1_IRQHandler
                0x080012c8                DMA1_Stream3_IRQHandler
 *fill*         0x080012ca        0x2 
 .text.HAL_Init
                0x080012cc       0x44 ./Drivers/STM32F4xx_HAL_Driver/Src/stm32f4xx_hal.o
                0x080012cc                HAL_Init
 .text.HAL_InitTick
                0x08001310       0x60 ./Drivers/STM32F4xx_HAL_Driver/Src/stm32f4xx_hal.o
                0x08001310                HAL_InitTick
 .text.HAL_IncTick
                0x08001370       0x28 ./Drivers/STM32F4xx_HAL_Driver/Src/stm32f4xx_hal.o
                0x08001370                HAL_IncTick
 .text.HAL_GetTick
                0x08001398       0x18 ./Drivers/STM32F4xx_HAL_Driver/Src/stm32f4xx_hal.o
                0x08001398                HAL_GetTick
 .text.HAL_Delay
                0x080013b0       0x48 ./Drivers/STM32F4xx_HAL_Driver/Src/stm32f4xx_hal.o
                0x080013b0                HAL_Delay
 .text.__NVIC_SetPriorityGrouping
                0x080013f8       0x48 ./Drivers/STM32F4xx_HAL_Driver/Src/stm32f4xx_hal_cortex.o
 .text.__NVIC_GetPriorityGrouping
                0x08001440       0x1c ./Drivers/STM32F4xx_HAL_Driver/Src/stm32f4xx_hal_cortex.o
 .text.__NVIC_SetPriority
                0x0800145c       0x54 ./Drivers/STM32F4xx_HAL_Driver/Src/stm32f4xx_hal_cortex.o
 .text.NVIC_EncodePriority
                0x080014b0       0x66 ./Drivers/STM32F4xx_HAL_Driver/Src/stm32f4xx_hal_cortex.o
 *fill*         0x08001516        0x2 
 .text.SysTick_Config
                0x08001518       0x44 ./Drivers/STM32F4xx_HAL_Driver/Src/stm32f4xx_hal_cortex.o
 .text.HAL_NVIC_SetPriorityGrouping
                0x0800155c       0x16 ./Drivers/STM32F4xx_HAL_Driver/Src/stm32f4xx_hal_cortex.o
                0x0800155c                HAL_NVIC_SetPriorityGrouping
 .text.HAL_NVIC_SetPriority
                0x08001572       0x38 ./Drivers/STM32F4xx_HAL_Driver/Src/stm32f4xx_hal_cortex.o
                0x08001572                HAL_NVIC_SetPriority
 .text.HAL_SYSTICK_Config
                0x080015aa       0x18 ./Drivers/STM32F4xx_HAL_Driver/Src/stm32f4xx_hal_cortex.o
                0x080015aa                HAL_SYSTICK_Config
 *fill*         0x080015c2        0x2 
 .text.HAL_GPIO_Init
                0x080015c4      0x358 ./Drivers/STM32F4xx_HAL_Driver/Src/stm32f4xx_hal_gpio.o
                0x080015c4                HAL_GPIO_Init
 .text.HAL_GPIO_WritePin
                0x0800191c       0x32 ./Drivers/STM32F4xx_HAL_Driver/Src/stm32f4xx_hal_gpio.o
                0x0800191c                HAL_GPIO_WritePin
 *fill*         0x0800194e        0x2 
 .text.HAL_RCC_OscConfig
                0x08001950      0x4f0 ./Drivers/STM32F4xx_HAL_Driver/Src/stm32f4xx_hal_rcc.o
                0x08001950                HAL_RCC_OscConfig
 .text.HAL_RCC_ClockConfig
                0x08001e40      0x1cc ./Drivers/STM32F4xx_HAL_Driver/Src/stm32f4xx_hal_rcc.o
                0x08001e40                HAL_RCC_ClockConfig
 .text.HAL_RCC_GetSysClockFreq
                0x0800200c      0x20c ./Drivers/STM32F4xx_HAL_Driver/Src/stm32f4xx_hal_rcc.o
                0x0800200c                HAL_RCC_GetSysClockFreq
 .text.HAL_RCC_GetHCLKFreq
                0x08002218       0x18 ./Drivers/STM32F4xx_HAL_Driver/Src/stm32f4xx_hal_rcc.o
                0x08002218                HAL_RCC_GetHCLKFreq
 .text.HAL_RCC_GetPCLK1Freq
                0x08002230       0x28 ./Drivers/STM32F4xx_HAL_Driver/Src/stm32f4xx_hal_rcc.o
                0x08002230                HAL_RCC_GetPCLK1Freq
 .text.HAL_RCC_GetPCLK2Freq
                0x08002258       0x28 ./Drivers/STM32F4xx_HAL_Driver/Src/stm32f4xx_hal_rcc.o
                0x08002258                HAL_RCC_GetPCLK2Freq
 .text.HAL_SPI_Init
                0x08002280      0x112 ./Drivers/STM32F4xx_HAL_Driver/Src/stm32f4xx_hal_spi.o
                0x08002280                HAL_SPI_Init
 .text.HAL_SPI_TransmitReceive
                0x08002392      0x352 ./Drivers/STM32F4xx_HAL_Driver/Src/stm32f4xx_hal_spi.o
                0x08002392                HAL_SPI_TransmitReceive
 .text.SPI_WaitFlagStateUntilTimeout
                0x080026e4      0x110 ./Drivers/STM32F4xx_HAL_Driver/Src/stm32f4xx_hal_spi.o
 .text.SPI_EndRxTxTransaction
                0x080027f4       0xa8 ./Drivers/STM32F4xx_HAL_Driver/Src/stm32f4xx_hal_spi.o
 .text.HAL_UART_Init
                0x0800289c       0xa0 ./Drivers/STM32F4xx_HAL_Driver/Src/stm32f4xx_hal_uart.o
                0x0800289c                HAL_UART_Init
 .text.HAL_UART_Transmit
                0x0800293c      0x116 ./Drivers/STM32F4xx_HAL_Driver/Src/stm32f4xx_hal_uart.o
                0x0800293c                HAL_UART_Transmit
 .text.UART_WaitOnFlagUntilTimeout
                0x08002a52       0xb2 ./Drivers/STM32F4xx_HAL_Driver/Src/stm32f4xx_hal_uart.o
 .text.UART_EndRxTransfer
                0x08002b04       0xc6 ./Drivers/STM32F4xx_HAL_Driver/Src/stm32f4xx_hal_uart.o
 *fill*         0x08002bca        0x2 
 .text.UART_SetConfig
                0x08002bcc      0x4e8 ./Drivers/STM32F4xx_HAL_Driver/Src/stm32f4xx_hal_uart.o
 .text.disk_status
                0x080030b4       0x34 ./Middlewares/Third_Party/FatFs/src/diskio.o
                0x080030b4                disk_status
 .text.disk_initialize
                0x080030e8       0x50 ./Middlewares/Third_Party/FatFs/src/diskio.o
                0x080030e8                disk_initialize
 .text.disk_read
                0x08003138       0x40 ./Middlewares/Third_Party/FatFs/src/diskio.o
                0x08003138                disk_read
 .text.disk_write
                0x08003178       0x40 ./Middlewares/Third_Party/FatFs/src/diskio.o
                0x08003178                disk_write
 .text.disk_ioctl
                0x080031b8       0x3c ./Middlewares/Third_Party/FatFs/src/diskio.o
                0x080031b8                disk_ioctl
 .text.ld_word  0x080031f4       0x30 ./Middlewares/Third_Party/FatFs/src/ff.o
 .text.ld_dword
                0x08003224       0x46 ./Middlewares/Third_Party/FatFs/src/ff.o
 .text.st_word  0x0800326a       0x36 ./Middlewares/Third_Party/FatFs/src/ff.o
 .text.st_dword
                0x080032a0       0x58 ./Middlewares/Third_Party/FatFs/src/ff.o
 .text.mem_set  0x080032f8       0x36 ./Middlewares/Third_Party/FatFs/src/ff.o
 .text.mem_cmp  0x0800332e       0x4e ./Middlewares/Third_Party/FatFs/src/ff.o
 .text.chk_chr  0x0800337c       0x36 ./Middlewares/Third_Party/FatFs/src/ff.o
 *fill*         0x080033b2        0x2 
 .text.inc_lock
                0x080033b4      0x11c ./Middlewares/Third_Party/FatFs/src/ff.o
 .text.dec_lock
                0x080034d0       0x78 ./Middlewares/Third_Party/FatFs/src/ff.o
 .text.clear_lock
                0x08003548       0x48 ./Middlewares/Third_Party/FatFs/src/ff.o
 .text.sync_window
                0x08003590       0x88 ./Middlewares/Third_Party/FatFs/src/ff.o
 .text.move_window
                0x08003618       0x5a ./Middlewares/Third_Party/FatFs/src/ff.o
 .text.clust2sect
                0x08003672       0x3e ./Middlewares/Third_Party/FatFs/src/ff.o
 .text.get_fat  0x080036b0      0x1a6 ./Middlewares/Third_Party/FatFs/src/ff.o
 .text.put_fat  0x08003856      0x234 ./Middlewares/Third_Party/FatFs/src/ff.o
 .text.create_chain
                0x08003a8a      0x130 ./Middlewares/Third_Party/FatFs/src/ff.o
 .text.dir_sdi  0x08003bba      0x112 ./Middlewares/Third_Party/FatFs/src/ff.o
 .text.dir_next
                0x08003ccc      0x1ac ./Middlewares/Third_Party/FatFs/src/ff.o
 .text.ld_clust
                0x08003e78       0x3e ./Middlewares/Third_Party/FatFs/src/ff.o
 *fill*         0x08003eb6        0x2 
 .text.cmp_lfn  0x08003eb8       0xe0 ./Middlewares/Third_Party/FatFs/src/ff.o
 .text.pick_lfn
                0x08003f98       0xc8 ./Middlewares/Third_Party/FatFs/src/ff.o
 .text.sum_sfn  0x08004060       0x42 ./Middlewares/Third_Party/FatFs/src/ff.o
 .text.dir_read
                0x080040a2      0x14e ./Middlewares/Third_Party/FatFs/src/ff.o
 .text.dir_find
                0x080041f0      0x180 ./Middlewares/Third_Party/FatFs/src/ff.o
 .text.get_fileinfo
                0x08004370      0x1bc ./Middlewares/Third_Party/FatFs/src/ff.o
 .text.create_name
                0x0800452c      0x370 ./Middlewares/Third_Party/FatFs/src/ff.o
 .text.follow_path
                0x0800489c       0xec ./Middlewares/Third_Party/FatFs/src/ff.o
 .text.get_ldnumber
                0x08004988       0x88 ./Middlewares/Third_Party/FatFs/src/ff.o
 .text.check_fs
                0x08004a10       0xac ./Middlewares/Third_Party/FatFs/src/ff.o
 .text.find_volume
                0x08004abc      0x50c ./Middlewares/Third_Party/FatFs/src/ff.o
 .text.validate
                0x08004fc8       0x6a ./Middlewares/Third_Party/FatFs/src/ff.o
 *fill*         0x08005032        0x2 
 .text.f_mount  0x08005034       0x8c ./Middlewares/Third_Party/FatFs/src/ff.o
                0x08005034                f_mount
 .text.f_opendir
                0x080050c0       0xe6 ./Middlewares/Third_Party/FatFs/src/ff.o
                0x080050c0                f_opendir
 .text.f_closedir
                0x080051a6       0x4c ./Middlewares/Third_Party/FatFs/src/ff.o
                0x080051a6                f_closedir
 .text.f_readdir
                0x080051f2       0x7a ./Middlewares/Third_Party/FatFs/src/ff.o
                0x080051f2                f_readdir
 .text.FATFS_LinkDriverEx
                0x0800526c       0x98 ./Middlewares/Third_Party/FatFs/src/ff_gen_drv.o
                0x0800526c                FATFS_LinkDriverEx
 .text.FATFS_LinkDriver
                0x08005304       0x1e ./Middlewares/Third_Party/FatFs/src/ff_gen_drv.o
                0x08005304                FATFS_LinkDriver
 *fill*         0x08005322        0x2 
 .text.ff_convert
                0x08005324       0x78 ./Middlewares/Third_Party/FatFs/src/option/ccsbcs.o
                0x08005324                ff_convert
 .text.ff_wtoupper
                0x0800539c      0x114 ./Middlewares/Third_Party/FatFs/src/option/ccsbcs.o
                0x0800539c                ff_wtoupper
 .text.sprintf  0x080054b0       0x40 C:/ST/STM32CubeIDE_1.17.0/STM32CubeIDE/plugins/com.st.stm32cube.ide.mcu.externaltools.gnu-tools-for-stm32.12.3.rel1.win32_1.1.0.202410251130/tools/bin/../lib/gcc/arm-none-eabi/12.3.1/../../../../arm-none-eabi/lib/thumb/v7e-m+fp/hard\libc_nano.a(libc_a-sprintf.o)
                0x080054b0                siprintf
                0x080054b0                sprintf
 .text.memset   0x080054f0       0x10 C:/ST/STM32CubeIDE_1.17.0/STM32CubeIDE/plugins/com.st.stm32cube.ide.mcu.externaltools.gnu-tools-for-stm32.12.3.rel1.win32_1.1.0.202410251130/tools/bin/../lib/gcc/arm-none-eabi/12.3.1/../../../../arm-none-eabi/lib/thumb/v7e-m+fp/hard\libc_nano.a(libc_a-memset.o)
                0x080054f0                memset
 .text.__errno  0x08005500        0xc C:/ST/STM32CubeIDE_1.17.0/STM32CubeIDE/plugins/com.st.stm32cube.ide.mcu.externaltools.gnu-tools-for-stm32.12.3.rel1.win32_1.1.0.202410251130/tools/bin/../lib/gcc/arm-none-eabi/12.3.1/../../../../arm-none-eabi/lib/thumb/v7e-m+fp/hard\libc_nano.a(libc_a-errno.o)
                0x08005500                __errno
 .text.__libc_init_array
                0x0800550c       0x48 C:/ST/STM32CubeIDE_1.17.0/STM32CubeIDE/plugins/com.st.stm32cube.ide.mcu.externaltools.gnu-tools-for-stm32.12.3.rel1.win32_1.1.0.202410251130/tools/bin/../lib/gcc/arm-none-eabi/12.3.1/../../../../arm-none-eabi/lib/thumb/v7e-m+fp/hard\libc_nano.a(libc_a-init.o)
                0x0800550c                __libc_init_array
 .text.__retarget_lock_acquire_recursive
                0x08005554        0x2 C:/ST/STM32CubeIDE_1.17.0/STM32CubeIDE/plugins/com.st.stm32cube.ide.mcu.externaltools.gnu-tools-for-stm32.12.3.rel1.win32_1.1.0.202410251130/tools/bin/../lib/gcc/arm-none-eabi/12.3.1/../../../../arm-none-eabi/lib/thumb/v7e-m+fp/hard\libc_nano.a(libc_a-lock.o)
                0x08005554                __retarget_lock_acquire_recursive
 .text.__retarget_lock_release_recursive
                0x08005556        0x2 C:/ST/STM32CubeIDE_1.17.0/STM32CubeIDE/plugins/com.st.stm32cube.ide.mcu.externaltools.gnu-tools-for-stm32.12.3.rel1.win32_1.1.0.202410251130/tools/bin/../lib/gcc/arm-none-eabi/12.3.1/../../../../arm-none-eabi/lib/thumb/v7e-m+fp/hard\libc_nano.a(libc_a-lock.o)
                0x08005556                __retarget_lock_release_recursive
 .text.strcpy   0x08005558       0x10 C:/ST/STM32CubeIDE_1.17.0/STM32CubeIDE/plugins/com.st.stm32cube.ide.mcu.externaltools.gnu-tools-for-stm32.12.3.rel1.win32_1.1.0.202410251130/tools/bin/../lib/gcc/arm-none-eabi/12.3.1/../../../../arm-none-eabi/lib/thumb/v7e-m+fp/hard\libc_nano.a(libc_a-strcpy.o)
                0x08005558                strcpy
 .text._free_r  0x08005568       0x94 C:/ST/STM32CubeIDE_1.17.0/STM32CubeIDE/plugins/com.st.stm32cube.ide.mcu.externaltools.gnu-tools-for-stm32.12.3.rel1.win32_1.1.0.202410251130/tools/bin/../lib/gcc/arm-none-eabi/12.3.1/../../../../arm-none-eabi/lib/thumb/v7e-m+fp/hard\libc_nano.a(libc_a-freer.o)
                0x08005568                _free_r
 .text.sbrk_aligned
                0x080055fc       0x44 C:/ST/STM32CubeIDE_1.17.0/STM32CubeIDE/plugins/com.st.stm32cube.ide.mcu.externaltools.gnu-tools-for-stm32.12.3.rel1.win32_1.1.0.202410251130/tools/bin/../lib/gcc/arm-none-eabi/12.3.1/../../../../arm-none-eabi/lib/thumb/v7e-m+fp/hard\libc_nano.a(libc_a-mallocr.o)
 .text._malloc_r
                0x08005640      0x100 C:/ST/STM32CubeIDE_1.17.0/STM32CubeIDE/plugins/com.st.stm32cube.ide.mcu.externaltools.gnu-tools-for-stm32.12.3.rel1.win32_1.1.0.202410251130/tools/bin/../lib/gcc/arm-none-eabi/12.3.1/../../../../arm-none-eabi/lib/thumb/v7e-m+fp/hard\libc_nano.a(libc_a-mallocr.o)
                0x08005640                _malloc_r
 .text.__malloc_lock
                0x08005740        0xc C:/ST/STM32CubeIDE_1.17.0/STM32CubeIDE/plugins/com.st.stm32cube.ide.mcu.externaltools.gnu-tools-for-stm32.12.3.rel1.win32_1.1.0.202410251130/tools/bin/../lib/gcc/arm-none-eabi/12.3.1/../../../../arm-none-eabi/lib/thumb/v7e-m+fp/hard\libc_nano.a(libc_a-mlock.o)
                0x08005740                __malloc_lock
 .text.__malloc_unlock
                0x0800574c        0xc C:/ST/STM32CubeIDE_1.17.0/STM32CubeIDE/plugins/com.st.stm32cube.ide.mcu.externaltools.gnu-tools-for-stm32.12.3.rel1.win32_1.1.0.202410251130/tools/bin/../lib/gcc/arm-none-eabi/12.3.1/../../../../arm-none-eabi/lib/thumb/v7e-m+fp/hard\libc_nano.a(libc_a-mlock.o)
                0x0800574c                __malloc_unlock
 .text.__ssputs_r
                0x08005758       0xb6 C:/ST/STM32CubeIDE_1.17.0/STM32CubeIDE/plugins/com.st.stm32cube.ide.mcu.externaltools.gnu-tools-for-stm32.12.3.rel1.win32_1.1.0.202410251130/tools/bin/../lib/gcc/arm-none-eabi/12.3.1/../../../../arm-none-eabi/lib/thumb/v7e-m+fp/hard\libc_nano.a(libc_a-nano-svfprintf.o)
                0x08005758                __ssputs_r
 *fill*         0x0800580e        0x2 
 .text._svfprintf_r
                0x08005810      0x1f8 C:/ST/STM32CubeIDE_1.17.0/STM32CubeIDE/plugins/com.st.stm32cube.ide.mcu.externaltools.gnu-tools-for-stm32.12.3.rel1.win32_1.1.0.202410251130/tools/bin/../lib/gcc/arm-none-eabi/12.3.1/../../../../arm-none-eabi/lib/thumb/v7e-m+fp/hard\libc_nano.a(libc_a-nano-svfprintf.o)
                0x08005810                _svfiprintf_r
                0x08005810                _svfprintf_r
 .text._printf_common
                0x08005a08       0xda C:/ST/STM32CubeIDE_1.17.0/STM32CubeIDE/plugins/com.st.stm32cube.ide.mcu.externaltools.gnu-tools-for-stm32.12.3.rel1.win32_1.1.0.202410251130/tools/bin/../lib/gcc/arm-none-eabi/12.3.1/../../../../arm-none-eabi/lib/thumb/v7e-m+fp/hard\libc_nano.a(libc_a-nano-vfprintf_i.o)
                0x08005a08                _printf_common
 *fill*         0x08005ae2        0x2 
 .text._printf_i
                0x08005ae4      0x240 C:/ST/STM32CubeIDE_1.17.0/STM32CubeIDE/plugins/com.st.stm32cube.ide.mcu.externaltools.gnu-tools-for-stm32.12.3.rel1.win32_1.1.0.202410251130/tools/bin/../lib/gcc/arm-none-eabi/12.3.1/../../../../arm-none-eabi/lib/thumb/v7e-m+fp/hard\libc_nano.a(libc_a-nano-vfprintf_i.o)
                0x08005ae4                _printf_i
 .text.memmove  0x08005d24       0x34 C:/ST/STM32CubeIDE_1.17.0/STM32CubeIDE/plugins/com.st.stm32cube.ide.mcu.externaltools.gnu-tools-for-stm32.12.3.rel1.win32_1.1.0.202410251130/tools/bin/../lib/gcc/arm-none-eabi/12.3.1/../../../../arm-none-eabi/lib/thumb/v7e-m+fp/hard\libc_nano.a(libc_a-memmove.o)
                0x08005d24                memmove
 .text._sbrk_r  0x08005d58       0x20 C:/ST/STM32CubeIDE_1.17.0/STM32CubeIDE/plugins/com.st.stm32cube.ide.mcu.externaltools.gnu-tools-for-stm32.12.3.rel1.win32_1.1.0.202410251130/tools/bin/../lib/gcc/arm-none-eabi/12.3.1/../../../../arm-none-eabi/lib/thumb/v7e-m+fp/hard\libc_nano.a(libc_a-sbrkr.o)
                0x08005d58                _sbrk_r
 .text.memcpy   0x08005d78       0x1c C:/ST/STM32CubeIDE_1.17.0/STM32CubeIDE/plugins/com.st.stm32cube.ide.mcu.externaltools.gnu-tools-for-stm32.12.3.rel1.win32_1.1.0.202410251130/tools/bin/../lib/gcc/arm-none-eabi/12.3.1/../../../../arm-none-eabi/lib/thumb/v7e-m+fp/hard\libc_nano.a(libc_a-memcpy-stub.o)
                0x08005d78                memcpy
 .text._realloc_r
                0x08005d94       0x5c C:/ST/STM32CubeIDE_1.17.0/STM32CubeIDE/plugins/com.st.stm32cube.ide.mcu.externaltools.gnu-tools-for-stm32.12.3.rel1.win32_1.1.0.202410251130/tools/bin/../lib/gcc/arm-none-eabi/12.3.1/../../../../arm-none-eabi/lib/thumb/v7e-m+fp/hard\libc_nano.a(libc_a-reallocr.o)
                0x08005d94                _realloc_r
 .text._malloc_usable_size_r
                0x08005df0       0x10 C:/ST/STM32CubeIDE_1.17.0/STM32CubeIDE/plugins/com.st.stm32cube.ide.mcu.externaltools.gnu-tools-for-stm32.12.3.rel1.win32_1.1.0.202410251130/tools/bin/../lib/gcc/arm-none-eabi/12.3.1/../../../../arm-none-eabi/lib/thumb/v7e-m+fp/hard\libc_nano.a(libc_a-msizer.o)
                0x08005df0                _malloc_usable_size_r
 *(.glue_7)
 .glue_7        0x08005e00        0x0 linker stubs
 *(.glue_7t)
 .glue_7t       0x08005e00        0x0 linker stubs
 *(.eh_frame)
 .eh_frame      0x08005e00        0x0 C:/ST/STM32CubeIDE_1.17.0/STM32CubeIDE/plugins/com.st.stm32cube.ide.mcu.externaltools.gnu-tools-for-stm32.12.3.rel1.win32_1.1.0.202410251130/tools/bin/../lib/gcc/arm-none-eabi/12.3.1/thumb/v7e-m+fp/hard/crtbegin.o
 *(.init)
 .init          0x08005e00        0x4 C:/ST/STM32CubeIDE_1.17.0/STM32CubeIDE/plugins/com.st.stm32cube.ide.mcu.externaltools.gnu-tools-for-stm32.12.3.rel1.win32_1.1.0.202410251130/tools/bin/../lib/gcc/arm-none-eabi/12.3.1/thumb/v7e-m+fp/hard/crti.o
                0x08005e00                _init
 .init          0x08005e04        0x8 C:/ST/STM32CubeIDE_1.17.0/STM32CubeIDE/plugins/com.st.stm32cube.ide.mcu.externaltools.gnu-tools-for-stm32.12.3.rel1.win32_1.1.0.202410251130/tools/bin/../lib/gcc/arm-none-eabi/12.3.1/thumb/v7e-m+fp/hard/crtn.o
 *(.fini)
 .fini          0x08005e0c        0x4 C:/ST/STM32CubeIDE_1.17.0/STM32CubeIDE/plugins/com.st.stm32cube.ide.mcu.externaltools.gnu-tools-for-stm32.12.3.rel1.win32_1.1.0.202410251130/tools/bin/../lib/gcc/arm-none-eabi/12.3.1/thumb/v7e-m+fp/hard/crti.o
                0x08005e0c                _fini
 .fini          0x08005e10        0x8 C:/ST/STM32CubeIDE_1.17.0/STM32CubeIDE/plugins/com.st.stm32cube.ide.mcu.externaltools.gnu-tools-for-stm32.12.3.rel1.win32_1.1.0.202410251130/tools/bin/../lib/gcc/arm-none-eabi/12.3.1/thumb/v7e-m+fp/hard/crtn.o
                0x08005e18                        . = ALIGN (0x4)
                0x08005e18                        _etext = .

.vfp11_veneer   0x08005e18        0x0
 .vfp11_veneer  0x08005e18        0x0 linker stubs

.v4_bx          0x08005e18        0x0
 .v4_bx         0x08005e18        0x0 linker stubs

.iplt           0x08005e18        0x0
 .iplt          0x08005e18        0x0 C:/ST/STM32CubeIDE_1.17.0/STM32CubeIDE/plugins/com.st.stm32cube.ide.mcu.externaltools.gnu-tools-for-stm32.12.3.rel1.win32_1.1.0.202410251130/tools/bin/../lib/gcc/arm-none-eabi/12.3.1/thumb/v7e-m+fp/hard/crtbegin.o

.rodata         0x08005e18      0x668
                0x08005e18                        . = ALIGN (0x4)
 *(.rodata)
 .rodata        0x08005e18      0x17d ./Core/Src/sd.o
 *fill*         0x08005f95        0x3 
 .rodata        0x08005f98       0x12 ./Core/Src/user_diskio.o
 *fill*         0x08005faa        0x2 
 .rodata        0x08005fac       0x48 ./Middlewares/Third_Party/FatFs/src/ff.o
 *(.rodata*)
 .rodata.AHBPrescTable
                0x08005ff4       0x10 ./Core/Src/system_stm32f4xx.o
                0x08005ff4                AHBPrescTable
 .rodata.APBPrescTable
                0x08006004        0x8 ./Core/Src/system_stm32f4xx.o
                0x08006004                APBPrescTable
 .rodata.ExCvt  0x0800600c       0x80 ./Middlewares/Third_Party/FatFs/src/ff.o
 .rodata.LfnOfs
                0x0800608c        0xd ./Middlewares/Third_Party/FatFs/src/ff.o
 *fill*         0x08006099        0x3 
 .rodata.Tbl    0x0800609c      0x100 ./Middlewares/Third_Party/FatFs/src/option/ccsbcs.o
 .rodata.cvt1.1
                0x0800619c      0x1f2 ./Middlewares/Third_Party/FatFs/src/option/ccsbcs.o
 *fill*         0x0800638e        0x2 
 .rodata.cvt2.0
                0x08006390       0xbc ./Middlewares/Third_Party/FatFs/src/option/ccsbcs.o
 .rodata._svfprintf_r.str1.1
                0x0800644c       0x11 C:/ST/STM32CubeIDE_1.17.0/STM32CubeIDE/plugins/com.st.stm32cube.ide.mcu.externaltools.gnu-tools-for-stm32.12.3.rel1.win32_1.1.0.202410251130/tools/bin/../lib/gcc/arm-none-eabi/12.3.1/../../../../arm-none-eabi/lib/thumb/v7e-m+fp/hard\libc_nano.a(libc_a-nano-svfprintf.o)
 .rodata._printf_i.str1.1
                0x0800645d       0x22 C:/ST/STM32CubeIDE_1.17.0/STM32CubeIDE/plugins/com.st.stm32cube.ide.mcu.externaltools.gnu-tools-for-stm32.12.3.rel1.win32_1.1.0.202410251130/tools/bin/../lib/gcc/arm-none-eabi/12.3.1/../../../../arm-none-eabi/lib/thumb/v7e-m+fp/hard\libc_nano.a(libc_a-nano-vfprintf_i.o)
                0x08006480                        . = ALIGN (0x4)
 *fill*         0x0800647f        0x1 

.ARM.extab      0x08006480        0x0
                0x08006480                        . = ALIGN (0x4)
 *(.ARM.extab* .gnu.linkonce.armextab.*)
                0x08006480                        . = ALIGN (0x4)

.ARM            0x08006480        0x8
                0x08006480                        . = ALIGN (0x4)
                0x08006480                        __exidx_start = .
 *(.ARM.exidx*)
 .ARM.exidx     0x08006480        0x8 C:/ST/STM32CubeIDE_1.17.0/STM32CubeIDE/plugins/com.st.stm32cube.ide.mcu.externaltools.gnu-tools-for-stm32.12.3.rel1.win32_1.1.0.202410251130/tools/bin/../lib/gcc/arm-none-eabi/12.3.1/../../../../arm-none-eabi/lib/thumb/v7e-m+fp/hard\libc_nano.a(libc_a-strlen.o)
 .ARM.exidx     0x08006488        0x0 C:/ST/STM32CubeIDE_1.17.0/STM32CubeIDE/plugins/com.st.stm32cube.ide.mcu.externaltools.gnu-tools-for-stm32.12.3.rel1.win32_1.1.0.202410251130/tools/bin/../lib/gcc/arm-none-eabi/12.3.1/../../../../arm-none-eabi/lib/thumb/v7e-m+fp/hard\libc_nano.a(libc_a-memchr.o)
                                  0x8 (size before relaxing)
 .ARM.exidx     0x08006488        0x0 C:/ST/STM32CubeIDE_1.17.0/STM32CubeIDE/plugins/com.st.stm32cube.ide.mcu.externaltools.gnu-tools-for-stm32.12.3.rel1.win32_1.1.0.202410251130/tools/bin/../lib/gcc/arm-none-eabi/12.3.1/thumb/v7e-m+fp/hard\libgcc.a(_udivmoddi4.o)
                                  0x8 (size before relaxing)
                0x08006488                        __exidx_end = .
                0x08006488                        . = ALIGN (0x4)

.preinit_array  0x08006488        0x0
                0x08006488                        . = ALIGN (0x4)
                0x08006488                        PROVIDE (__preinit_array_start = .)
 *(.preinit_array*)
                0x08006488                        PROVIDE (__preinit_array_end = .)
                0x08006488                        . = ALIGN (0x4)

.init_array     0x08006488        0x4
                0x08006488                        . = ALIGN (0x4)
                0x08006488                        PROVIDE (__init_array_start = .)
 *(SORT_BY_NAME(.init_array.*))
 *(.init_array*)
 .init_array    0x08006488        0x4 C:/ST/STM32CubeIDE_1.17.0/STM32CubeIDE/plugins/com.st.stm32cube.ide.mcu.externaltools.gnu-tools-for-stm32.12.3.rel1.win32_1.1.0.202410251130/tools/bin/../lib/gcc/arm-none-eabi/12.3.1/thumb/v7e-m+fp/hard/crtbegin.o
                0x0800648c                        PROVIDE (__init_array_end = .)
                0x0800648c                        . = ALIGN (0x4)

.fini_array     0x0800648c        0x4
                0x0800648c                        . = ALIGN (0x4)
                [!provide]                        PROVIDE (__fini_array_start = .)
 *(SORT_BY_NAME(.fini_array.*))
 *(.fini_array*)
 .fini_array    0x0800648c        0x4 C:/ST/STM32CubeIDE_1.17.0/STM32CubeIDE/plugins/com.st.stm32cube.ide.mcu.externaltools.gnu-tools-for-stm32.12.3.rel1.win32_1.1.0.202410251130/tools/bin/../lib/gcc/arm-none-eabi/12.3.1/thumb/v7e-m+fp/hard/crtbegin.o
                [!provide]                        PROVIDE (__fini_array_end = .)
                0x08006490                        . = ALIGN (0x4)
                0x08006490                        _sidata = LOADADDR (.data)

.rel.dyn        0x08006490        0x0
 .rel.iplt      0x08006490        0x0 C:/ST/STM32CubeIDE_1.17.0/STM32CubeIDE/plugins/com.st.stm32cube.ide.mcu.externaltools.gnu-tools-for-stm32.12.3.rel1.win32_1.1.0.202410251130/tools/bin/../lib/gcc/arm-none-eabi/12.3.1/thumb/v7e-m+fp/hard/crtbegin.o

.data           0x20000000       0x74 load address 0x08006490
                0x20000000                        . = ALIGN (0x4)
                0x20000000                        _sdata = .
 *(.data)
 *(.data*)
 .data.SystemCoreClock
                0x20000000        0x4 ./Core/Src/system_stm32f4xx.o
                0x20000000                SystemCoreClock
 .data.Stat     0x20000004        0x1 ./Core/Src/user_diskio.o
 *fill*         0x20000005        0x3 
 .data.USER_Driver
                0x20000008       0x14 ./Core/Src/user_diskio.o
                0x20000008                USER_Driver
 .data.uwTickPrio
                0x2000001c        0x4 ./Drivers/STM32F4xx_HAL_Driver/Src/stm32f4xx_hal.o
                0x2000001c                uwTickPrio
 .data.uwTickFreq
                0x20000020        0x1 ./Drivers/STM32F4xx_HAL_Driver/Src/stm32f4xx_hal.o
                0x20000020                uwTickFreq
 *fill*         0x20000021        0x3 
 .data._impure_ptr
                0x20000024        0x4 C:/ST/STM32CubeIDE_1.17.0/STM32CubeIDE/plugins/com.st.stm32cube.ide.mcu.externaltools.gnu-tools-for-stm32.12.3.rel1.win32_1.1.0.202410251130/tools/bin/../lib/gcc/arm-none-eabi/12.3.1/../../../../arm-none-eabi/lib/thumb/v7e-m+fp/hard\libc_nano.a(libc_a-impure.o)
                0x20000024                _impure_ptr
 .data._impure_data
                0x20000028       0x4c C:/ST/STM32CubeIDE_1.17.0/STM32CubeIDE/plugins/com.st.stm32cube.ide.mcu.externaltools.gnu-tools-for-stm32.12.3.rel1.win32_1.1.0.202410251130/tools/bin/../lib/gcc/arm-none-eabi/12.3.1/../../../../arm-none-eabi/lib/thumb/v7e-m+fp/hard\libc_nano.a(libc_a-impure.o)
                0x20000028                _impure_data
 *(.RamFunc)
 *(.RamFunc*)
                0x20000074                        . = ALIGN (0x4)
                0x20000074                        _edata = .
                0x08006504                        _siccmram = LOADADDR (.ccmram)

.igot.plt       0x20000074        0x0 load address 0x08006504
 .igot.plt      0x20000074        0x0 C:/ST/STM32CubeIDE_1.17.0/STM32CubeIDE/plugins/com.st.stm32cube.ide.mcu.externaltools.gnu-tools-for-stm32.12.3.rel1.win32_1.1.0.202410251130/tools/bin/../lib/gcc/arm-none-eabi/12.3.1/thumb/v7e-m+fp/hard/crtbegin.o

.ccmram         0x10000000        0x0 load address 0x08006504
                0x10000000                        . = ALIGN (0x4)
                0x10000000                        _sccmram = .
 *(.ccmram)
 *(.ccmram*)
                0x10000000                        . = ALIGN (0x4)
                0x10000000                        _eccmram = .
                0x10000000                        . = ALIGN (0x4)

.bss            0x20000074     0x1814
                0x20000074                        _sbss = .
                0x20000074                        __bss_start__ = _sbss
 *(.bss)
 .bss           0x20000074       0x1c C:/ST/STM32CubeIDE_1.17.0/STM32CubeIDE/plugins/com.st.stm32cube.ide.mcu.externaltools.gnu-tools-for-stm32.12.3.rel1.win32_1.1.0.202410251130/tools/bin/../lib/gcc/arm-none-eabi/12.3.1/thumb/v7e-m+fp/hard/crtbegin.o
 *(.bss*)
 .bss.retUSER   0x20000090        0x1 ./Core/Src/fatfs.o
                0x20000090                retUSER
 *fill*         0x20000091        0x3 
 .bss.USER_Path
                0x20000094        0x4 ./Core/Src/fatfs.o
                0x20000094                USER_Path
 .bss.hspi1     0x20000098       0x58 ./Core/Src/main.o
                0x20000098                hspi1
 .bss.huart2    0x200000f0       0x48 ./Core/Src/main.o
                0x200000f0                huart2
 .bss.sdinfo    0x20000138        0x1 ./Core/Src/sd.o
                0x20000138                sdinfo
 *fill*         0x20000139        0x3 
 .bss.SDFatFs   0x2000013c     0x1038 ./Core/Src/sd.o
                0x2000013c                SDFatFs
 .bss.str1      0x20001174       0x3c ./Core/Src/sd.o
                0x20001174                str1
 .bss.sect      0x200011b0      0x200 ./Core/Src/sd.o
                0x200011b0                sect
 .bss.result    0x200013b0        0x1 ./Core/Src/sd.o
                0x200013b0                result
 *fill*         0x200013b1        0x3 
 .bss.fileInfo  0x200013b4      0x118 ./Core/Src/sd.o
                0x200013b4                fileInfo
 .bss.fn        0x200014cc        0x4 ./Core/Src/sd.o
                0x200014cc                fn
 .bss.dir       0x200014d0       0x34 ./Core/Src/sd.o
                0x200014d0                dir
 .bss.__sbrk_heap_end
                0x20001504        0x4 ./Core/Src/sysmem.o
 .bss.uwTick    0x20001508        0x4 ./Drivers/STM32F4xx_HAL_Driver/Src/stm32f4xx_hal.o
                0x20001508                uwTick
 .bss.FatFs     0x2000150c        0x4 ./Middlewares/Third_Party/FatFs/src/ff.o
 .bss.Fsid      0x20001510        0x2 ./Middlewares/Third_Party/FatFs/src/ff.o
 *fill*         0x20001512        0x2 
 .bss.Files     0x20001514       0x20 ./Middlewares/Third_Party/FatFs/src/ff.o
 .bss.LfnBuf    0x20001534      0x200 ./Middlewares/Third_Party/FatFs/src/ff.o
 .bss.disk      0x20001734        0xc ./Middlewares/Third_Party/FatFs/src/ff_gen_drv.o
                0x20001734                disk
 .bss.__sf      0x20001740      0x138 C:/ST/STM32CubeIDE_1.17.0/STM32CubeIDE/plugins/com.st.stm32cube.ide.mcu.externaltools.gnu-tools-for-stm32.12.3.rel1.win32_1.1.0.202410251130/tools/bin/../lib/gcc/arm-none-eabi/12.3.1/../../../../arm-none-eabi/lib/thumb/v7e-m+fp/hard\libc_nano.a(libc_a-findfp.o)
                0x20001740                __sf
 .bss.errno     0x20001878        0x4 C:/ST/STM32CubeIDE_1.17.0/STM32CubeIDE/plugins/com.st.stm32cube.ide.mcu.externaltools.gnu-tools-for-stm32.12.3.rel1.win32_1.1.0.202410251130/tools/bin/../lib/gcc/arm-none-eabi/12.3.1/../../../../arm-none-eabi/lib/thumb/v7e-m+fp/hard\libc_nano.a(libc_a-reent.o)
                0x20001878                errno
 .bss.__lock___malloc_recursive_mutex
                0x2000187c        0x1 C:/ST/STM32CubeIDE_1.17.0/STM32CubeIDE/plugins/com.st.stm32cube.ide.mcu.externaltools.gnu-tools-for-stm32.12.3.rel1.win32_1.1.0.202410251130/tools/bin/../lib/gcc/arm-none-eabi/12.3.1/../../../../arm-none-eabi/lib/thumb/v7e-m+fp/hard\libc_nano.a(libc_a-lock.o)
                0x2000187c                __lock___malloc_recursive_mutex
 *fill*         0x2000187d        0x3 
 .bss.__malloc_sbrk_start
                0x20001880        0x4 C:/ST/STM32CubeIDE_1.17.0/STM32CubeIDE/plugins/com.st.stm32cube.ide.mcu.externaltools.gnu-tools-for-stm32.12.3.rel1.win32_1.1.0.202410251130/tools/bin/../lib/gcc/arm-none-eabi/12.3.1/../../../../arm-none-eabi/lib/thumb/v7e-m+fp/hard\libc_nano.a(libc_a-mallocr.o)
                0x20001880                __malloc_sbrk_start
 .bss.__malloc_free_list
                0x20001884        0x4 C:/ST/STM32CubeIDE_1.17.0/STM32CubeIDE/plugins/com.st.stm32cube.ide.mcu.externaltools.gnu-tools-for-stm32.12.3.rel1.win32_1.1.0.202410251130/tools/bin/../lib/gcc/arm-none-eabi/12.3.1/../../../../arm-none-eabi/lib/thumb/v7e-m+fp/hard\libc_nano.a(libc_a-mallocr.o)
                0x20001884                __malloc_free_list
 *(COMMON)
                0x20001888                        . = ALIGN (0x4)
                0x20001888                        _ebss = .
                0x20001888                        __bss_end__ = _ebss

._user_heap_stack
                0x20001888      0x600
                0x20001888                        . = ALIGN (0x8)
                [!provide]                        PROVIDE (end = .)
                0x20001888                        PROVIDE (_end = .)
                0x20001a88                        . = (. + _Min_Heap_Size)
 *fill*         0x20001888      0x200 
                0x20001e88                        . = (. + _Min_Stack_Size)
 *fill*         0x20001a88      0x400 
                0x20001e88                        . = ALIGN (0x8)

/DISCARD/
 libc.a(*)
 libm.a(*)
 libgcc.a(*)

.ARM.attributes
                0x00000000       0x30
 *(.ARM.attributes)
 .ARM.attributes
                0x00000000       0x22 C:/ST/STM32CubeIDE_1.17.0/STM32CubeIDE/plugins/com.st.stm32cube.ide.mcu.externaltools.gnu-tools-for-stm32.12.3.rel1.win32_1.1.0.202410251130/tools/bin/../lib/gcc/arm-none-eabi/12.3.1/thumb/v7e-m+fp/hard/crti.o
 .ARM.attributes
                0x00000022       0x34 C:/ST/STM32CubeIDE_1.17.0/STM32CubeIDE/plugins/com.st.stm32cube.ide.mcu.externaltools.gnu-tools-for-stm32.12.3.rel1.win32_1.1.0.202410251130/tools/bin/../lib/gcc/arm-none-eabi/12.3.1/thumb/v7e-m+fp/hard/crtbegin.o
 .ARM.attributes
                0x00000056       0x34 ./Core/Src/fatfs.o
 .ARM.attributes
                0x0000008a       0x34 ./Core/Src/main.o
 .ARM.attributes
                0x000000be       0x34 ./Core/Src/sd.o
 .ARM.attributes
                0x000000f2       0x34 ./Core/Src/stm32f4xx_hal_msp.o
 .ARM.attributes
                0x00000126       0x34 ./Core/Src/stm32f4xx_it.o
 .ARM.attributes
                0x0000015a       0x34 ./Core/Src/sysmem.o
 .ARM.attributes
                0x0000018e       0x34 ./Core/Src/system_stm32f4xx.o
 .ARM.attributes
                0x000001c2       0x34 ./Core/Src/user_diskio.o
 .ARM.attributes
                0x000001f6       0x21 ./Core/Startup/startup_stm32f429zitx.o
 .ARM.attributes
                0x00000217       0x34 ./Drivers/STM32F4xx_HAL_Driver/Src/stm32f4xx_hal.o
 .ARM.attributes
                0x0000024b       0x34 ./Drivers/STM32F4xx_HAL_Driver/Src/stm32f4xx_hal_cortex.o
 .ARM.attributes
                0x0000027f       0x34 ./Drivers/STM32F4xx_HAL_Driver/Src/stm32f4xx_hal_gpio.o
 .ARM.attributes
                0x000002b3       0x34 ./Drivers/STM32F4xx_HAL_Driver/Src/stm32f4xx_hal_rcc.o
 .ARM.attributes
                0x000002e7       0x34 ./Drivers/STM32F4xx_HAL_Driver/Src/stm32f4xx_hal_spi.o
 .ARM.attributes
                0x0000031b       0x34 ./Drivers/STM32F4xx_HAL_Driver/Src/stm32f4xx_hal_uart.o
 .ARM.attributes
                0x0000034f       0x34 ./Middlewares/Third_Party/FatFs/src/diskio.o
 .ARM.attributes
                0x00000383       0x34 ./Middlewares/Third_Party/FatFs/src/ff.o
 .ARM.attributes
                0x000003b7       0x34 ./Middlewares/Third_Party/FatFs/src/ff_gen_drv.o
 .ARM.attributes
                0x000003eb       0x34 ./Middlewares/Third_Party/FatFs/src/option/ccsbcs.o
 .ARM.attributes
                0x0000041f       0x34 C:/ST/STM32CubeIDE_1.17.0/STM32CubeIDE/plugins/com.st.stm32cube.ide.mcu.externaltools.gnu-tools-for-stm32.12.3.rel1.win32_1.1.0.202410251130/tools/bin/../lib/gcc/arm-none-eabi/12.3.1/../../../../arm-none-eabi/lib/thumb/v7e-m+fp/hard\libc_nano.a(libc_a-findfp.o)
 .ARM.attributes
                0x00000453       0x34 C:/ST/STM32CubeIDE_1.17.0/STM32CubeIDE/plugins/com.st.stm32cube.ide.mcu.externaltools.gnu-tools-for-stm32.12.3.rel1.win32_1.1.0.202410251130/tools/bin/../lib/gcc/arm-none-eabi/12.3.1/../../../../arm-none-eabi/lib/thumb/v7e-m+fp/hard\libc_nano.a(libc_a-sprintf.o)
 .ARM.attributes
                0x00000487       0x34 C:/ST/STM32CubeIDE_1.17.0/STM32CubeIDE/plugins/com.st.stm32cube.ide.mcu.externaltools.gnu-tools-for-stm32.12.3.rel1.win32_1.1.0.202410251130/tools/bin/../lib/gcc/arm-none-eabi/12.3.1/../../../../arm-none-eabi/lib/thumb/v7e-m+fp/hard\libc_nano.a(libc_a-memset.o)
 .ARM.attributes
                0x000004bb       0x34 C:/ST/STM32CubeIDE_1.17.0/STM32CubeIDE/plugins/com.st.stm32cube.ide.mcu.externaltools.gnu-tools-for-stm32.12.3.rel1.win32_1.1.0.202410251130/tools/bin/../lib/gcc/arm-none-eabi/12.3.1/../../../../arm-none-eabi/lib/thumb/v7e-m+fp/hard\libc_nano.a(libc_a-reent.o)
 .ARM.attributes
                0x000004ef       0x34 C:/ST/STM32CubeIDE_1.17.0/STM32CubeIDE/plugins/com.st.stm32cube.ide.mcu.externaltools.gnu-tools-for-stm32.12.3.rel1.win32_1.1.0.202410251130/tools/bin/../lib/gcc/arm-none-eabi/12.3.1/../../../../arm-none-eabi/lib/thumb/v7e-m+fp/hard\libc_nano.a(libc_a-impure.o)
 .ARM.attributes
                0x00000523       0x34 C:/ST/STM32CubeIDE_1.17.0/STM32CubeIDE/plugins/com.st.stm32cube.ide.mcu.externaltools.gnu-tools-for-stm32.12.3.rel1.win32_1.1.0.202410251130/tools/bin/../lib/gcc/arm-none-eabi/12.3.1/../../../../arm-none-eabi/lib/thumb/v7e-m+fp/hard\libc_nano.a(libc_a-errno.o)
 .ARM.attributes
                0x00000557       0x34 C:/ST/STM32CubeIDE_1.17.0/STM32CubeIDE/plugins/com.st.stm32cube.ide.mcu.externaltools.gnu-tools-for-stm32.12.3.rel1.win32_1.1.0.202410251130/tools/bin/../lib/gcc/arm-none-eabi/12.3.1/../../../../arm-none-eabi/lib/thumb/v7e-m+fp/hard\libc_nano.a(libc_a-init.o)
 .ARM.attributes
                0x0000058b       0x34 C:/ST/STM32CubeIDE_1.17.0/STM32CubeIDE/plugins/com.st.stm32cube.ide.mcu.externaltools.gnu-tools-for-stm32.12.3.rel1.win32_1.1.0.202410251130/tools/bin/../lib/gcc/arm-none-eabi/12.3.1/../../../../arm-none-eabi/lib/thumb/v7e-m+fp/hard\libc_nano.a(libc_a-lock.o)
 .ARM.attributes
                0x000005bf       0x34 C:/ST/STM32CubeIDE_1.17.0/STM32CubeIDE/plugins/com.st.stm32cube.ide.mcu.externaltools.gnu-tools-for-stm32.12.3.rel1.win32_1.1.0.202410251130/tools/bin/../lib/gcc/arm-none-eabi/12.3.1/../../../../arm-none-eabi/lib/thumb/v7e-m+fp/hard\libc_nano.a(libc_a-strcpy.o)
 .ARM.attributes
                0x000005f3       0x17 C:/ST/STM32CubeIDE_1.17.0/STM32CubeIDE/plugins/com.st.stm32cube.ide.mcu.externaltools.gnu-tools-for-stm32.12.3.rel1.win32_1.1.0.202410251130/tools/bin/../lib/gcc/arm-none-eabi/12.3.1/../../../../arm-none-eabi/lib/thumb/v7e-m+fp/hard\libc_nano.a(libc_a-strlen.o)
 .ARM.attributes
                0x0000060a       0x34 C:/ST/STM32CubeIDE_1.17.0/STM32CubeIDE/plugins/com.st.stm32cube.ide.mcu.externaltools.gnu-tools-for-stm32.12.3.rel1.win32_1.1.0.202410251130/tools/bin/../lib/gcc/arm-none-eabi/12.3.1/../../../../arm-none-eabi/lib/thumb/v7e-m+fp/hard\libc_nano.a(libc_a-freer.o)
 .ARM.attributes
                0x0000063e       0x34 C:/ST/STM32CubeIDE_1.17.0/STM32CubeIDE/plugins/com.st.stm32cube.ide.mcu.externaltools.gnu-tools-for-stm32.12.3.rel1.win32_1.1.0.202410251130/tools/bin/../lib/gcc/arm-none-eabi/12.3.1/../../../../arm-none-eabi/lib/thumb/v7e-m+fp/hard\libc_nano.a(libc_a-mallocr.o)
 .ARM.attributes
                0x00000672       0x34 C:/ST/STM32CubeIDE_1.17.0/STM32CubeIDE/plugins/com.st.stm32cube.ide.mcu.externaltools.gnu-tools-for-stm32.12.3.rel1.win32_1.1.0.202410251130/tools/bin/../lib/gcc/arm-none-eabi/12.3.1/../../../../arm-none-eabi/lib/thumb/v7e-m+fp/hard\libc_nano.a(libc_a-mlock.o)
 .ARM.attributes
                0x000006a6       0x34 C:/ST/STM32CubeIDE_1.17.0/STM32CubeIDE/plugins/com.st.stm32cube.ide.mcu.externaltools.gnu-tools-for-stm32.12.3.rel1.win32_1.1.0.202410251130/tools/bin/../lib/gcc/arm-none-eabi/12.3.1/../../../../arm-none-eabi/lib/thumb/v7e-m+fp/hard\libc_nano.a(libc_a-nano-svfprintf.o)
 .ARM.attributes
                0x000006da       0x34 C:/ST/STM32CubeIDE_1.17.0/STM32CubeIDE/plugins/com.st.stm32cube.ide.mcu.externaltools.gnu-tools-for-stm32.12.3.rel1.win32_1.1.0.202410251130/tools/bin/../lib/gcc/arm-none-eabi/12.3.1/../../../../arm-none-eabi/lib/thumb/v7e-m+fp/hard\libc_nano.a(libc_a-nano-vfprintf_i.o)
 .ARM.attributes
                0x0000070e       0x34 C:/ST/STM32CubeIDE_1.17.0/STM32CubeIDE/plugins/com.st.stm32cube.ide.mcu.externaltools.gnu-tools-for-stm32.12.3.rel1.win32_1.1.0.202410251130/tools/bin/../lib/gcc/arm-none-eabi/12.3.1/../../../../arm-none-eabi/lib/thumb/v7e-m+fp/hard\libc_nano.a(libc_a-memmove.o)
 .ARM.attributes
                0x00000742       0x34 C:/ST/STM32CubeIDE_1.17.0/STM32CubeIDE/plugins/com.st.stm32cube.ide.mcu.externaltools.gnu-tools-for-stm32.12.3.rel1.win32_1.1.0.202410251130/tools/bin/../lib/gcc/arm-none-eabi/12.3.1/../../../../arm-none-eabi/lib/thumb/v7e-m+fp/hard\libc_nano.a(libc_a-sbrkr.o)
 .ARM.attributes
                0x00000776       0x1c C:/ST/STM32CubeIDE_1.17.0/STM32CubeIDE/plugins/com.st.stm32cube.ide.mcu.externaltools.gnu-tools-for-stm32.12.3.rel1.win32_1.1.0.202410251130/tools/bin/../lib/gcc/arm-none-eabi/12.3.1/../../../../arm-none-eabi/lib/thumb/v7e-m+fp/hard\libc_nano.a(libc_a-memchr.o)
 .ARM.attributes
                0x00000792       0x34 C:/ST/STM32CubeIDE_1.17.0/STM32CubeIDE/plugins/com.st.stm32cube.ide.mcu.externaltools.gnu-tools-for-stm32.12.3.rel1.win32_1.1.0.202410251130/tools/bin/../lib/gcc/arm-none-eabi/12.3.1/../../../../arm-none-eabi/lib/thumb/v7e-m+fp/hard\libc_nano.a(libc_a-memcpy-stub.o)
 .ARM.attributes
                0x000007c6       0x34 C:/ST/STM32CubeIDE_1.17.0/STM32CubeIDE/plugins/com.st.stm32cube.ide.mcu.externaltools.gnu-tools-for-stm32.12.3.rel1.win32_1.1.0.202410251130/tools/bin/../lib/gcc/arm-none-eabi/12.3.1/../../../../arm-none-eabi/lib/thumb/v7e-m+fp/hard\libc_nano.a(libc_a-reallocr.o)
 .ARM.attributes
                0x000007fa       0x34 C:/ST/STM32CubeIDE_1.17.0/STM32CubeIDE/plugins/com.st.stm32cube.ide.mcu.externaltools.gnu-tools-for-stm32.12.3.rel1.win32_1.1.0.202410251130/tools/bin/../lib/gcc/arm-none-eabi/12.3.1/../../../../arm-none-eabi/lib/thumb/v7e-m+fp/hard\libc_nano.a(libc_a-msizer.o)
 .ARM.attributes
                0x0000082e       0x22 C:/ST/STM32CubeIDE_1.17.0/STM32CubeIDE/plugins/com.st.stm32cube.ide.mcu.externaltools.gnu-tools-for-stm32.12.3.rel1.win32_1.1.0.202410251130/tools/bin/../lib/gcc/arm-none-eabi/12.3.1/thumb/v7e-m+fp/hard\libgcc.a(_aeabi_uldivmod.o)
 .ARM.attributes
                0x00000850       0x34 C:/ST/STM32CubeIDE_1.17.0/STM32CubeIDE/plugins/com.st.stm32cube.ide.mcu.externaltools.gnu-tools-for-stm32.12.3.rel1.win32_1.1.0.202410251130/tools/bin/../lib/gcc/arm-none-eabi/12.3.1/thumb/v7e-m+fp/hard\libgcc.a(_udivmoddi4.o)
 .ARM.attributes
                0x00000884       0x22 C:/ST/STM32CubeIDE_1.17.0/STM32CubeIDE/plugins/com.st.stm32cube.ide.mcu.externaltools.gnu-tools-for-stm32.12.3.rel1.win32_1.1.0.202410251130/tools/bin/../lib/gcc/arm-none-eabi/12.3.1/thumb/v7e-m+fp/hard\libgcc.a(_dvmd_tls.o)
 .ARM.attributes
                0x000008a6       0x22 C:/ST/STM32CubeIDE_1.17.0/STM32CubeIDE/plugins/com.st.stm32cube.ide.mcu.externaltools.gnu-tools-for-stm32.12.3.rel1.win32_1.1.0.202410251130/tools/bin/../lib/gcc/arm-none-eabi/12.3.1/thumb/v7e-m+fp/hard/crtn.o
OUTPUT(STM32_Try2.elf elf32-littlearm)
LOAD linker stubs
LOAD C:/ST/STM32CubeIDE_1.17.0/STM32CubeIDE/plugins/com.st.stm32cube.ide.mcu.externaltools.gnu-tools-for-stm32.12.3.rel1.win32_1.1.0.202410251130/tools/bin/../lib/gcc/arm-none-eabi/12.3.1/../../../../arm-none-eabi/lib/thumb/v7e-m+fp/hard\libc.a
LOAD C:/ST/STM32CubeIDE_1.17.0/STM32CubeIDE/plugins/com.st.stm32cube.ide.mcu.externaltools.gnu-tools-for-stm32.12.3.rel1.win32_1.1.0.202410251130/tools/bin/../lib/gcc/arm-none-eabi/12.3.1/../../../../arm-none-eabi/lib/thumb/v7e-m+fp/hard\libm.a
LOAD C:/ST/STM32CubeIDE_1.17.0/STM32CubeIDE/plugins/com.st.stm32cube.ide.mcu.externaltools.gnu-tools-for-stm32.12.3.rel1.win32_1.1.0.202410251130/tools/bin/../lib/gcc/arm-none-eabi/12.3.1/thumb/v7e-m+fp/hard\libgcc.a

.debug_info     0x00000000     0xe3b1
 .debug_info    0x00000000      0x508 ./Core/Src/fatfs.o
 .debug_info    0x00000508      0xef8 ./Core/Src/main.o
 .debug_info    0x00001400     0x1802 ./Core/Src/sd.o
 .debug_info    0x00002c02      0xbf1 ./Core/Src/stm32f4xx_hal_msp.o
 .debug_info    0x000037f3      0x112 ./Core/Src/stm32f4xx_it.o
 .debug_info    0x00003905      0x168 ./Core/Src/sysmem.o
 .debug_info    0x00003a6d      0x52e ./Core/Src/system_stm32f4xx.o
 .debug_info    0x00003f9b      0x93a ./Core/Src/user_diskio.o
 .debug_info    0x000048d5       0x30 ./Core/Startup/startup_stm32f429zitx.o
 .debug_info    0x00004905      0x9ba ./Drivers/STM32F4xx_HAL_Driver/Src/stm32f4xx_hal.o
 .debug_info    0x000052bf      0xdc2 ./Drivers/STM32F4xx_HAL_Driver/Src/stm32f4xx_hal_cortex.o
 .debug_info    0x00006081      0x6db ./Drivers/STM32F4xx_HAL_Driver/Src/stm32f4xx_hal_gpio.o
 .debug_info    0x0000675c      0x8db ./Drivers/STM32F4xx_HAL_Driver/Src/stm32f4xx_hal_rcc.o
 .debug_info    0x00007037     0x1525 ./Drivers/STM32F4xx_HAL_Driver/Src/stm32f4xx_hal_spi.o
 .debug_info    0x0000855c     0x2f4f ./Drivers/STM32F4xx_HAL_Driver/Src/stm32f4xx_hal_uart.o
 .debug_info    0x0000b4ab      0x3df ./Middlewares/Third_Party/FatFs/src/diskio.o
 .debug_info    0x0000b88a     0x25ef ./Middlewares/Third_Party/FatFs/src/ff.o
 .debug_info    0x0000de79      0x37f ./Middlewares/Third_Party/FatFs/src/ff_gen_drv.o
 .debug_info    0x0000e1f8      0x1b9 ./Middlewares/Third_Party/FatFs/src/option/ccsbcs.o

.debug_abbrev   0x00000000     0x2447
 .debug_abbrev  0x00000000      0x15e ./Core/Src/fatfs.o
 .debug_abbrev  0x0000015e      0x2c6 ./Core/Src/main.o
 .debug_abbrev  0x00000424      0x401 ./Core/Src/sd.o
 .debug_abbrev  0x00000825      0x1ae ./Core/Src/stm32f4xx_hal_msp.o
 .debug_abbrev  0x000009d3       0x73 ./Core/Src/stm32f4xx_it.o
 .debug_abbrev  0x00000a46       0xbc ./Core/Src/sysmem.o
 .debug_abbrev  0x00000b02      0x11a ./Core/Src/system_stm32f4xx.o
 .debug_abbrev  0x00000c1c      0x23b ./Core/Src/user_diskio.o
 .debug_abbrev  0x00000e57       0x24 ./Core/Startup/startup_stm32f429zitx.o
 .debug_abbrev  0x00000e7b      0x214 ./Drivers/STM32F4xx_HAL_Driver/Src/stm32f4xx_hal.o
 .debug_abbrev  0x0000108f      0x31d ./Drivers/STM32F4xx_HAL_Driver/Src/stm32f4xx_hal_cortex.o
 .debug_abbrev  0x000013ac      0x1d4 ./Drivers/STM32F4xx_HAL_Driver/Src/stm32f4xx_hal_gpio.o
 .debug_abbrev  0x00001580      0x2b7 ./Drivers/STM32F4xx_HAL_Driver/Src/stm32f4xx_hal_rcc.o
 .debug_abbrev  0x00001837      0x27a ./Drivers/STM32F4xx_HAL_Driver/Src/stm32f4xx_hal_spi.o
 .debug_abbrev  0x00001ab1      0x30e ./Drivers/STM32F4xx_HAL_Driver/Src/stm32f4xx_hal_uart.o
 .debug_abbrev  0x00001dbf      0x181 ./Middlewares/Third_Party/FatFs/src/diskio.o
 .debug_abbrev  0x00001f40      0x28a ./Middlewares/Third_Party/FatFs/src/ff.o
 .debug_abbrev  0x000021ca      0x19f ./Middlewares/Third_Party/FatFs/src/ff_gen_drv.o
 .debug_abbrev  0x00002369       0xde ./Middlewares/Third_Party/FatFs/src/option/ccsbcs.o

.debug_aranges  0x00000000      0xc68
 .debug_aranges
                0x00000000       0x28 ./Core/Src/fatfs.o
 .debug_aranges
                0x00000028       0x48 ./Core/Src/main.o
 .debug_aranges
                0x00000070       0xe0 ./Core/Src/sd.o
 .debug_aranges
                0x00000150       0x40 ./Core/Src/stm32f4xx_hal_msp.o
 .debug_aranges
                0x00000190       0x60 ./Core/Src/stm32f4xx_it.o
 .debug_aranges
                0x000001f0       0x20 ./Core/Src/sysmem.o
 .debug_aranges
                0x00000210       0x28 ./Core/Src/system_stm32f4xx.o
 .debug_aranges
                0x00000238       0x40 ./Core/Src/user_diskio.o
 .debug_aranges
                0x00000278       0x28 ./Core/Startup/startup_stm32f429zitx.o
 .debug_aranges
                0x000002a0      0x100 ./Drivers/STM32F4xx_HAL_Driver/Src/stm32f4xx_hal.o
 .debug_aranges
                0x000003a0      0x130 ./Drivers/STM32F4xx_HAL_Driver/Src/stm32f4xx_hal_cortex.o
 .debug_aranges
                0x000004d0       0x58 ./Drivers/STM32F4xx_HAL_Driver/Src/stm32f4xx_hal_gpio.o
 .debug_aranges
                0x00000528       0x88 ./Drivers/STM32F4xx_HAL_Driver/Src/stm32f4xx_hal_rcc.o
 .debug_aranges
                0x000005b0      0x1d0 ./Drivers/STM32F4xx_HAL_Driver/Src/stm32f4xx_hal_spi.o
 .debug_aranges
                0x00000780      0x208 ./Drivers/STM32F4xx_HAL_Driver/Src/stm32f4xx_hal_uart.o
 .debug_aranges
                0x00000988       0x48 ./Middlewares/Third_Party/FatFs/src/diskio.o
 .debug_aranges
                0x000009d0      0x230 ./Middlewares/Third_Party/FatFs/src/ff.o
 .debug_aranges
                0x00000c00       0x40 ./Middlewares/Third_Party/FatFs/src/ff_gen_drv.o
 .debug_aranges
                0x00000c40       0x28 ./Middlewares/Third_Party/FatFs/src/option/ccsbcs.o

.debug_rnglists
                0x00000000      0x996
 .debug_rnglists
                0x00000000       0x19 ./Core/Src/fatfs.o
 .debug_rnglists
                0x00000019       0x32 ./Core/Src/main.o
 .debug_rnglists
                0x0000004b       0xc1 ./Core/Src/sd.o
 .debug_rnglists
                0x0000010c       0x2d ./Core/Src/stm32f4xx_hal_msp.o
 .debug_rnglists
                0x00000139       0x43 ./Core/Src/stm32f4xx_it.o
 .debug_rnglists
                0x0000017c       0x13 ./Core/Src/sysmem.o
 .debug_rnglists
                0x0000018f       0x1a ./Core/Src/system_stm32f4xx.o
 .debug_rnglists
                0x000001a9       0x2c ./Core/Src/user_diskio.o
 .debug_rnglists
                0x000001d5       0x19 ./Core/Startup/startup_stm32f429zitx.o
 .debug_rnglists
                0x000001ee       0xbb ./Drivers/STM32F4xx_HAL_Driver/Src/stm32f4xx_hal.o
 .debug_rnglists
                0x000002a9       0xe0 ./Drivers/STM32F4xx_HAL_Driver/Src/stm32f4xx_hal_cortex.o
 .debug_rnglists
                0x00000389       0x3f ./Drivers/STM32F4xx_HAL_Driver/Src/stm32f4xx_hal_gpio.o
 .debug_rnglists
                0x000003c8       0x66 ./Drivers/STM32F4xx_HAL_Driver/Src/stm32f4xx_hal_rcc.o
 .debug_rnglists
                0x0000042e      0x16f ./Drivers/STM32F4xx_HAL_Driver/Src/stm32f4xx_hal_spi.o
 .debug_rnglists
                0x0000059d      0x1bc ./Drivers/STM32F4xx_HAL_Driver/Src/stm32f4xx_hal_uart.o
 .debug_rnglists
                0x00000759       0x31 ./Middlewares/Third_Party/FatFs/src/diskio.o
 .debug_rnglists
                0x0000078a      0x1c6 ./Middlewares/Third_Party/FatFs/src/ff.o
 .debug_rnglists
                0x00000950       0x2c ./Middlewares/Third_Party/FatFs/src/ff_gen_drv.o
 .debug_rnglists
                0x0000097c       0x1a ./Middlewares/Third_Party/FatFs/src/option/ccsbcs.o

.debug_macro    0x00000000    0x2494f
 .debug_macro   0x00000000      0x2f3 ./Core/Src/fatfs.o
 .debug_macro   0x000002f3      0xab4 ./Core/Src/fatfs.o
 .debug_macro   0x00000da7      0x29b ./Core/Src/fatfs.o
 .debug_macro   0x00001042       0x2e ./Core/Src/fatfs.o
 .debug_macro   0x00001070       0x28 ./Core/Src/fatfs.o
 .debug_macro   0x00001098       0x22 ./Core/Src/fatfs.o
 .debug_macro   0x000010ba       0x8e ./Core/Src/fatfs.o
 .debug_macro   0x00001148       0x51 ./Core/Src/fatfs.o
 .debug_macro   0x00001199      0x103 ./Core/Src/fatfs.o
 .debug_macro   0x0000129c       0x6a ./Core/Src/fatfs.o
 .debug_macro   0x00001306      0x1df ./Core/Src/fatfs.o
 .debug_macro   0x000014e5       0x1c ./Core/Src/fatfs.o
 .debug_macro   0x00001501       0x22 ./Core/Src/fatfs.o
 .debug_macro   0x00001523       0xfb ./Core/Src/fatfs.o
 .debug_macro   0x0000161e     0x1011 ./Core/Src/fatfs.o
 .debug_macro   0x0000262f      0x11f ./Core/Src/fatfs.o
 .debug_macro   0x0000274e    0x17ff1 ./Core/Src/fatfs.o
 .debug_macro   0x0001a73f       0x6d ./Core/Src/fatfs.o
 .debug_macro   0x0001a7ac     0x370a ./Core/Src/fatfs.o
 .debug_macro   0x0001deb6      0x189 ./Core/Src/fatfs.o
 .debug_macro   0x0001e03f       0x5c ./Core/Src/fatfs.o
 .debug_macro   0x0001e09b      0xcba ./Core/Src/fatfs.o
 .debug_macro   0x0001ed55      0x9e9 ./Core/Src/fatfs.o
 .debug_macro   0x0001f73e      0x115 ./Core/Src/fatfs.o
 .debug_macro   0x0001f853      0x156 ./Core/Src/fatfs.o
 .debug_macro   0x0001f9a9       0xa5 ./Core/Src/fatfs.o
 .debug_macro   0x0001fa4e      0x182 ./Core/Src/fatfs.o
 .debug_macro   0x0001fbd0      0x287 ./Core/Src/fatfs.o
 .debug_macro   0x0001fe57       0x5f ./Core/Src/fatfs.o
 .debug_macro   0x0001feb6      0x236 ./Core/Src/fatfs.o
 .debug_macro   0x000200ec      0x132 ./Core/Src/fatfs.o
 .debug_macro   0x0002021e      0x41d ./Core/Src/fatfs.o
 .debug_macro   0x0002063b       0x2e ./Core/Src/fatfs.o
 .debug_macro   0x00020669      0x127 ./Core/Src/fatfs.o
 .debug_macro   0x00020790       0xe2 ./Core/Src/fatfs.o
 .debug_macro   0x00020872       0x89 ./Core/Src/fatfs.o
 .debug_macro   0x000208fb      0x225 ./Core/Src/fatfs.o
 .debug_macro   0x00020b20      0x2aa ./Core/Src/fatfs.o
 .debug_macro   0x00020dca      0x134 ./Core/Src/fatfs.o
 .debug_macro   0x00020efe       0xe5 ./Core/Src/fatfs.o
 .debug_macro   0x00020fe3       0x2a ./Core/Src/fatfs.o
 .debug_macro   0x0002100d       0x61 ./Core/Src/fatfs.o
 .debug_macro   0x0002106e       0x43 ./Core/Src/fatfs.o
 .debug_macro   0x000210b1       0x34 ./Core/Src/fatfs.o
 .debug_macro   0x000210e5       0x16 ./Core/Src/fatfs.o
 .debug_macro   0x000210fb       0x35 ./Core/Src/fatfs.o
 .debug_macro   0x00021130       0x16 ./Core/Src/fatfs.o
 .debug_macro   0x00021146       0x43 ./Core/Src/fatfs.o
 .debug_macro   0x00021189       0x34 ./Core/Src/fatfs.o
 .debug_macro   0x000211bd       0x10 ./Core/Src/fatfs.o
 .debug_macro   0x000211cd       0x58 ./Core/Src/fatfs.o
 .debug_macro   0x00021225       0x8e ./Core/Src/fatfs.o
 .debug_macro   0x000212b3       0x1c ./Core/Src/fatfs.o
 .debug_macro   0x000212cf      0x177 ./Core/Src/fatfs.o
 .debug_macro   0x00021446      0x369 ./Core/Src/fatfs.o
 .debug_macro   0x000217af       0x16 ./Core/Src/fatfs.o
 .debug_macro   0x000217c5       0x29 ./Core/Src/fatfs.o
 .debug_macro   0x000217ee       0x12 ./Core/Src/fatfs.o
 .debug_macro   0x00021800       0xe2 ./Core/Src/fatfs.o
 .debug_macro   0x000218e2       0x8e ./Core/Src/fatfs.o
 .debug_macro   0x00021970      0x330 ./Core/Src/main.o
 .debug_macro   0x00021ca0       0xeb ./Core/Src/main.o
 .debug_macro   0x00021d8b       0x16 ./Core/Src/main.o
 .debug_macro   0x00021da1       0x20 ./Core/Src/main.o
 .debug_macro   0x00021dc1       0x46 ./Core/Src/main.o
 .debug_macro   0x00021e07      0x36e ./Core/Src/sd.o
 .debug_macro   0x00022175      0x1ce ./Core/Src/stm32f4xx_hal_msp.o
 .debug_macro   0x00022343      0x1d8 ./Core/Src/stm32f4xx_it.o
 .debug_macro   0x0002251b       0xff ./Core/Src/sysmem.o
 .debug_macro   0x0002261a      0x23c ./Core/Src/sysmem.o
 .debug_macro   0x00022856      0x1c4 ./Core/Src/system_stm32f4xx.o
 .debug_macro   0x00022a1a      0x337 ./Core/Src/user_diskio.o
 .debug_macro   0x00022d51       0x10 ./Core/Src/user_diskio.o
 .debug_macro   0x00022d61       0x16 ./Core/Src/user_diskio.o
 .debug_macro   0x00022d77       0x7c ./Core/Src/user_diskio.o
 .debug_macro   0x00022df3       0x56 ./Core/Src/user_diskio.o
 .debug_macro   0x00022e49      0x224 ./Drivers/STM32F4xx_HAL_Driver/Src/stm32f4xx_hal.o
 .debug_macro   0x0002306d      0x1c4 ./Drivers/STM32F4xx_HAL_Driver/Src/stm32f4xx_hal_cortex.o
 .debug_macro   0x00023231      0x1ca ./Drivers/STM32F4xx_HAL_Driver/Src/stm32f4xx_hal_gpio.o
 .debug_macro   0x000233fb      0x1e8 ./Drivers/STM32F4xx_HAL_Driver/Src/stm32f4xx_hal_rcc.o
 .debug_macro   0x000235e3      0x1d3 ./Drivers/STM32F4xx_HAL_Driver/Src/stm32f4xx_hal_spi.o
 .debug_macro   0x000237b6      0x1c5 ./Drivers/STM32F4xx_HAL_Driver/Src/stm32f4xx_hal_uart.o
 .debug_macro   0x0002397b      0x2e0 ./Middlewares/Third_Party/FatFs/src/diskio.o
 .debug_macro   0x00023c5b      0x6ee ./Middlewares/Third_Party/FatFs/src/ff.o
 .debug_macro   0x00024349       0x58 ./Middlewares/Third_Party/FatFs/src/ff.o
 .debug_macro   0x000243a1      0x2e0 ./Middlewares/Third_Party/FatFs/src/ff_gen_drv.o
 .debug_macro   0x00024681      0x2ce ./Middlewares/Third_Party/FatFs/src/option/ccsbcs.o

.debug_line     0x00000000    0x11ed5
 .debug_line    0x00000000      0x91b ./Core/Src/fatfs.o
 .debug_line    0x0000091b      0xa53 ./Core/Src/main.o
 .debug_line    0x0000136e     0x11be ./Core/Src/sd.o
 .debug_line    0x0000252c      0x7c6 ./Core/Src/stm32f4xx_hal_msp.o
 .debug_line    0x00002cf2      0x7ef ./Core/Src/stm32f4xx_it.o
 .debug_line    0x000034e1      0x579 ./Core/Src/sysmem.o
 .debug_line    0x00003a5a      0x7a2 ./Core/Src/system_stm32f4xx.o
 .debug_line    0x000041fc      0xa7a ./Core/Src/user_diskio.o
 .debug_line    0x00004c76       0x7a ./Core/Startup/startup_stm32f429zitx.o
 .debug_line    0x00004cf0      0xa50 ./Drivers/STM32F4xx_HAL_Driver/Src/stm32f4xx_hal.o
 .debug_line    0x00005740      0xd0c ./Drivers/STM32F4xx_HAL_Driver/Src/stm32f4xx_hal_cortex.o
 .debug_line    0x0000644c      0xbce ./Drivers/STM32F4xx_HAL_Driver/Src/stm32f4xx_hal_gpio.o
 .debug_line    0x0000701a      0xda5 ./Drivers/STM32F4xx_HAL_Driver/Src/stm32f4xx_hal_rcc.o
 .debug_line    0x00007dbf     0x1d3e ./Drivers/STM32F4xx_HAL_Driver/Src/stm32f4xx_hal_spi.o
 .debug_line    0x00009afd     0x291d ./Drivers/STM32F4xx_HAL_Driver/Src/stm32f4xx_hal_uart.o
 .debug_line    0x0000c41a      0x98d ./Middlewares/Third_Party/FatFs/src/diskio.o
 .debug_line    0x0000cda7     0x3d9c ./Middlewares/Third_Party/FatFs/src/ff.o
 .debug_line    0x00010b43      0x9a8 ./Middlewares/Third_Party/FatFs/src/ff_gen_drv.o
 .debug_line    0x000114eb      0x9ea ./Middlewares/Third_Party/FatFs/src/option/ccsbcs.o

.debug_str      0x00000000    0xd4fd9
 .debug_str     0x00000000    0xd0870 ./Core/Src/fatfs.o
                              0xd0b16 (size before relaxing)
 .debug_str     0x000d0870      0xad9 ./Core/Src/main.o
                              0xd1552 (size before relaxing)
 .debug_str     0x000d1349      0x517 ./Core/Src/sd.o
                              0xd1828 (size before relaxing)
 .debug_str     0x000d1860       0xd1 ./Core/Src/stm32f4xx_hal_msp.o
                              0xcd94f (size before relaxing)
 .debug_str     0x000d1931       0xc9 ./Core/Src/stm32f4xx_it.o
                              0xcd1f2 (size before relaxing)
 .debug_str     0x000d19fa      0x4dc ./Core/Src/sysmem.o
                               0x60bc (size before relaxing)
 .debug_str     0x000d1ed6       0xdb ./Core/Src/system_stm32f4xx.o
                              0xcd32f (size before relaxing)
 .debug_str     0x000d1fb1       0x71 ./Core/Src/user_diskio.o
                              0xd1169 (size before relaxing)
 .debug_str     0x000d2022       0x44 ./Core/Startup/startup_stm32f429zitx.o
                                 0x6f (size before relaxing)
 .debug_str     0x000d2066      0xb9c ./Drivers/STM32F4xx_HAL_Driver/Src/stm32f4xx_hal.o
                              0xcdf52 (size before relaxing)
 .debug_str     0x000d2c02      0x388 ./Drivers/STM32F4xx_HAL_Driver/Src/stm32f4xx_hal_cortex.o
                              0xcdc80 (size before relaxing)
 .debug_str     0x000d2f8a      0x11c ./Drivers/STM32F4xx_HAL_Driver/Src/stm32f4xx_hal_gpio.o
                              0xcd4aa (size before relaxing)
 .debug_str     0x000d30a6      0x233 ./Drivers/STM32F4xx_HAL_Driver/Src/stm32f4xx_hal_rcc.o
                              0xcd763 (size before relaxing)
 .debug_str     0x000d32d9      0x584 ./Drivers/STM32F4xx_HAL_Driver/Src/stm32f4xx_hal_spi.o
                              0xcdbda (size before relaxing)
 .debug_str     0x000d385d      0x606 ./Drivers/STM32F4xx_HAL_Driver/Src/stm32f4xx_hal_uart.o
                              0xcdd31 (size before relaxing)
 .debug_str     0x000d3e63       0x52 ./Middlewares/Third_Party/FatFs/src/diskio.o
                              0xd0a12 (size before relaxing)
 .debug_str     0x000d3eb5     0x105d ./Middlewares/Third_Party/FatFs/src/ff.o
                              0xd1d19 (size before relaxing)
 .debug_str     0x000d4f12       0x7e ./Middlewares/Third_Party/FatFs/src/ff_gen_drv.o
                              0xd0a63 (size before relaxing)
 .debug_str     0x000d4f90       0x49 ./Middlewares/Third_Party/FatFs/src/option/ccsbcs.o
                              0xd07e7 (size before relaxing)

.comment        0x00000000       0x43
 .comment       0x00000000       0x43 ./Core/Src/fatfs.o
                                 0x44 (size before relaxing)
 .comment       0x00000043       0x44 ./Core/Src/main.o
 .comment       0x00000043       0x44 ./Core/Src/sd.o
 .comment       0x00000043       0x44 ./Core/Src/stm32f4xx_hal_msp.o
 .comment       0x00000043       0x44 ./Core/Src/stm32f4xx_it.o
 .comment       0x00000043       0x44 ./Core/Src/sysmem.o
 .comment       0x00000043       0x44 ./Core/Src/system_stm32f4xx.o
 .comment       0x00000043       0x44 ./Core/Src/user_diskio.o
 .comment       0x00000043       0x44 ./Drivers/STM32F4xx_HAL_Driver/Src/stm32f4xx_hal.o
 .comment       0x00000043       0x44 ./Drivers/STM32F4xx_HAL_Driver/Src/stm32f4xx_hal_cortex.o
 .comment       0x00000043       0x44 ./Drivers/STM32F4xx_HAL_Driver/Src/stm32f4xx_hal_gpio.o
 .comment       0x00000043       0x44 ./Drivers/STM32F4xx_HAL_Driver/Src/stm32f4xx_hal_rcc.o
 .comment       0x00000043       0x44 ./Drivers/STM32F4xx_HAL_Driver/Src/stm32f4xx_hal_spi.o
 .comment       0x00000043       0x44 ./Drivers/STM32F4xx_HAL_Driver/Src/stm32f4xx_hal_uart.o
 .comment       0x00000043       0x44 ./Middlewares/Third_Party/FatFs/src/diskio.o
 .comment       0x00000043       0x44 ./Middlewares/Third_Party/FatFs/src/ff.o
 .comment       0x00000043       0x44 ./Middlewares/Third_Party/FatFs/src/ff_gen_drv.o
 .comment       0x00000043       0x44 ./Middlewares/Third_Party/FatFs/src/option/ccsbcs.o

.debug_frame    0x00000000     0x3748
 .debug_frame   0x00000000       0x4c ./Core/Src/fatfs.o
 .debug_frame   0x0000004c       0xc8 ./Core/Src/main.o
 .debug_frame   0x00000114      0x378 ./Core/Src/sd.o
 .debug_frame   0x0000048c       0xc8 ./Core/Src/stm32f4xx_hal_msp.o
 .debug_frame   0x00000554      0x104 ./Core/Src/stm32f4xx_it.o
 .debug_frame   0x00000658       0x34 ./Core/Src/sysmem.o
 .debug_frame   0x0000068c       0x58 ./Core/Src/system_stm32f4xx.o
 .debug_frame   0x000006e4       0xc8 ./Core/Src/user_diskio.o
 .debug_frame   0x000007ac      0x3b4 ./Drivers/STM32F4xx_HAL_Driver/Src/stm32f4xx_hal.o
 .debug_frame   0x00000b60      0x508 ./Drivers/STM32F4xx_HAL_Driver/Src/stm32f4xx_hal_cortex.o
 .debug_frame   0x00001068      0x14c ./Drivers/STM32F4xx_HAL_Driver/Src/stm32f4xx_hal_gpio.o
 .debug_frame   0x000011b4      0x1f4 ./Drivers/STM32F4xx_HAL_Driver/Src/stm32f4xx_hal_rcc.o
 .debug_frame   0x000013a8      0x828 ./Drivers/STM32F4xx_HAL_Driver/Src/stm32f4xx_hal_spi.o
 .debug_frame   0x00001bd0      0x954 ./Drivers/STM32F4xx_HAL_Driver/Src/stm32f4xx_hal_uart.o
 .debug_frame   0x00002524       0xec ./Middlewares/Third_Party/FatFs/src/diskio.o
 .debug_frame   0x00002610      0xa0c ./Middlewares/Third_Party/FatFs/src/ff.o
 .debug_frame   0x0000301c       0xc8 ./Middlewares/Third_Party/FatFs/src/ff_gen_drv.o
 .debug_frame   0x000030e4       0x60 ./Middlewares/Third_Party/FatFs/src/option/ccsbcs.o
 .debug_frame   0x00003144      0x144 C:/ST/STM32CubeIDE_1.17.0/STM32CubeIDE/plugins/com.st.stm32cube.ide.mcu.externaltools.gnu-tools-for-stm32.12.3.rel1.win32_1.1.0.202410251130/tools/bin/../lib/gcc/arm-none-eabi/12.3.1/../../../../arm-none-eabi/lib/thumb/v7e-m+fp/hard\libc_nano.a(libc_a-findfp.o)
 .debug_frame   0x00003288       0x6c C:/ST/STM32CubeIDE_1.17.0/STM32CubeIDE/plugins/com.st.stm32cube.ide.mcu.externaltools.gnu-tools-for-stm32.12.3.rel1.win32_1.1.0.202410251130/tools/bin/../lib/gcc/arm-none-eabi/12.3.1/../../../../arm-none-eabi/lib/thumb/v7e-m+fp/hard\libc_nano.a(libc_a-sprintf.o)
 .debug_frame   0x000032f4       0x20 C:/ST/STM32CubeIDE_1.17.0/STM32CubeIDE/plugins/com.st.stm32cube.ide.mcu.externaltools.gnu-tools-for-stm32.12.3.rel1.win32_1.1.0.202410251130/tools/bin/../lib/gcc/arm-none-eabi/12.3.1/../../../../arm-none-eabi/lib/thumb/v7e-m+fp/hard\libc_nano.a(libc_a-memset.o)
 .debug_frame   0x00003314       0x38 C:/ST/STM32CubeIDE_1.17.0/STM32CubeIDE/plugins/com.st.stm32cube.ide.mcu.externaltools.gnu-tools-for-stm32.12.3.rel1.win32_1.1.0.202410251130/tools/bin/../lib/gcc/arm-none-eabi/12.3.1/../../../../arm-none-eabi/lib/thumb/v7e-m+fp/hard\libc_nano.a(libc_a-reent.o)
 .debug_frame   0x0000334c       0x20 C:/ST/STM32CubeIDE_1.17.0/STM32CubeIDE/plugins/com.st.stm32cube.ide.mcu.externaltools.gnu-tools-for-stm32.12.3.rel1.win32_1.1.0.202410251130/tools/bin/../lib/gcc/arm-none-eabi/12.3.1/../../../../arm-none-eabi/lib/thumb/v7e-m+fp/hard\libc_nano.a(libc_a-errno.o)
 .debug_frame   0x0000336c       0x2c C:/ST/STM32CubeIDE_1.17.0/STM32CubeIDE/plugins/com.st.stm32cube.ide.mcu.externaltools.gnu-tools-for-stm32.12.3.rel1.win32_1.1.0.202410251130/tools/bin/../lib/gcc/arm-none-eabi/12.3.1/../../../../arm-none-eabi/lib/thumb/v7e-m+fp/hard\libc_nano.a(libc_a-init.o)
 .debug_frame   0x00003398       0xb0 C:/ST/STM32CubeIDE_1.17.0/STM32CubeIDE/plugins/com.st.stm32cube.ide.mcu.externaltools.gnu-tools-for-stm32.12.3.rel1.win32_1.1.0.202410251130/tools/bin/../lib/gcc/arm-none-eabi/12.3.1/../../../../arm-none-eabi/lib/thumb/v7e-m+fp/hard\libc_nano.a(libc_a-lock.o)
 .debug_frame   0x00003448       0x20 C:/ST/STM32CubeIDE_1.17.0/STM32CubeIDE/plugins/com.st.stm32cube.ide.mcu.externaltools.gnu-tools-for-stm32.12.3.rel1.win32_1.1.0.202410251130/tools/bin/../lib/gcc/arm-none-eabi/12.3.1/../../../../arm-none-eabi/lib/thumb/v7e-m+fp/hard\libc_nano.a(libc_a-strcpy.o)
 .debug_frame   0x00003468       0x38 C:/ST/STM32CubeIDE_1.17.0/STM32CubeIDE/plugins/com.st.stm32cube.ide.mcu.externaltools.gnu-tools-for-stm32.12.3.rel1.win32_1.1.0.202410251130/tools/bin/../lib/gcc/arm-none-eabi/12.3.1/../../../../arm-none-eabi/lib/thumb/v7e-m+fp/hard\libc_nano.a(libc_a-freer.o)
 .debug_frame   0x000034a0       0x50 C:/ST/STM32CubeIDE_1.17.0/STM32CubeIDE/plugins/com.st.stm32cube.ide.mcu.externaltools.gnu-tools-for-stm32.12.3.rel1.win32_1.1.0.202410251130/tools/bin/../lib/gcc/arm-none-eabi/12.3.1/../../../../arm-none-eabi/lib/thumb/v7e-m+fp/hard\libc_nano.a(libc_a-mallocr.o)
 .debug_frame   0x000034f0       0x30 C:/ST/STM32CubeIDE_1.17.0/STM32CubeIDE/plugins/com.st.stm32cube.ide.mcu.externaltools.gnu-tools-for-stm32.12.3.rel1.win32_1.1.0.202410251130/tools/bin/../lib/gcc/arm-none-eabi/12.3.1/../../../../arm-none-eabi/lib/thumb/v7e-m+fp/hard\libc_nano.a(libc_a-mlock.o)
 .debug_frame   0x00003520       0x90 C:/ST/STM32CubeIDE_1.17.0/STM32CubeIDE/plugins/com.st.stm32cube.ide.mcu.externaltools.gnu-tools-for-stm32.12.3.rel1.win32_1.1.0.202410251130/tools/bin/../lib/gcc/arm-none-eabi/12.3.1/../../../../arm-none-eabi/lib/thumb/v7e-m+fp/hard\libc_nano.a(libc_a-nano-svfprintf.o)
 .debug_frame   0x000035b0       0x60 C:/ST/STM32CubeIDE_1.17.0/STM32CubeIDE/plugins/com.st.stm32cube.ide.mcu.externaltools.gnu-tools-for-stm32.12.3.rel1.win32_1.1.0.202410251130/tools/bin/../lib/gcc/arm-none-eabi/12.3.1/../../../../arm-none-eabi/lib/thumb/v7e-m+fp/hard\libc_nano.a(libc_a-nano-vfprintf_i.o)
 .debug_frame   0x00003610       0x28 C:/ST/STM32CubeIDE_1.17.0/STM32CubeIDE/plugins/com.st.stm32cube.ide.mcu.externaltools.gnu-tools-for-stm32.12.3.rel1.win32_1.1.0.202410251130/tools/bin/../lib/gcc/arm-none-eabi/12.3.1/../../../../arm-none-eabi/lib/thumb/v7e-m+fp/hard\libc_nano.a(libc_a-memmove.o)
 .debug_frame   0x00003638       0x2c C:/ST/STM32CubeIDE_1.17.0/STM32CubeIDE/plugins/com.st.stm32cube.ide.mcu.externaltools.gnu-tools-for-stm32.12.3.rel1.win32_1.1.0.202410251130/tools/bin/../lib/gcc/arm-none-eabi/12.3.1/../../../../arm-none-eabi/lib/thumb/v7e-m+fp/hard\libc_nano.a(libc_a-sbrkr.o)
 .debug_frame   0x00003664       0x28 C:/ST/STM32CubeIDE_1.17.0/STM32CubeIDE/plugins/com.st.stm32cube.ide.mcu.externaltools.gnu-tools-for-stm32.12.3.rel1.win32_1.1.0.202410251130/tools/bin/../lib/gcc/arm-none-eabi/12.3.1/../../../../arm-none-eabi/lib/thumb/v7e-m+fp/hard\libc_nano.a(libc_a-memcpy-stub.o)
 .debug_frame   0x0000368c       0x3c C:/ST/STM32CubeIDE_1.17.0/STM32CubeIDE/plugins/com.st.stm32cube.ide.mcu.externaltools.gnu-tools-for-stm32.12.3.rel1.win32_1.1.0.202410251130/tools/bin/../lib/gcc/arm-none-eabi/12.3.1/../../../../arm-none-eabi/lib/thumb/v7e-m+fp/hard\libc_nano.a(libc_a-reallocr.o)
 .debug_frame   0x000036c8       0x20 C:/ST/STM32CubeIDE_1.17.0/STM32CubeIDE/plugins/com.st.stm32cube.ide.mcu.externaltools.gnu-tools-for-stm32.12.3.rel1.win32_1.1.0.202410251130/tools/bin/../lib/gcc/arm-none-eabi/12.3.1/../../../../arm-none-eabi/lib/thumb/v7e-m+fp/hard\libc_nano.a(libc_a-msizer.o)
 .debug_frame   0x000036e8       0x2c C:/ST/STM32CubeIDE_1.17.0/STM32CubeIDE/plugins/com.st.stm32cube.ide.mcu.externaltools.gnu-tools-for-stm32.12.3.rel1.win32_1.1.0.202410251130/tools/bin/../lib/gcc/arm-none-eabi/12.3.1/thumb/v7e-m+fp/hard\libgcc.a(_aeabi_uldivmod.o)
 .debug_frame   0x00003714       0x34 C:/ST/STM32CubeIDE_1.17.0/STM32CubeIDE/plugins/com.st.stm32cube.ide.mcu.externaltools.gnu-tools-for-stm32.12.3.rel1.win32_1.1.0.202410251130/tools/bin/../lib/gcc/arm-none-eabi/12.3.1/thumb/v7e-m+fp/hard\libgcc.a(_udivmoddi4.o)

.debug_line_str
                0x00000000       0x53
 .debug_line_str
                0x00000000       0x53 ./Core/Startup/startup_stm32f429zitx.o
