Archive member included to satisfy reference by file (symbol)

C:/ST/STM32CubeIDE_1.17.0/STM32CubeIDE/plugins/com.st.stm32cube.ide.mcu.externaltools.gnu-tools-for-stm32.12.3.rel1.win32_1.1.0.202410251130/tools/bin/../lib/gcc/arm-none-eabi/12.3.1/../../../../arm-none-eabi/lib/thumb/v7e-m+fp/hard\libc_nano.a(libc_a-exit.o)
                              C:/ST/STM32CubeIDE_1.17.0/STM32CubeIDE/plugins/com.st.stm32cube.ide.mcu.externaltools.gnu-tools-for-stm32.12.3.rel1.win32_1.1.0.202410251130/tools/bin/../lib/gcc/arm-none-eabi/12.3.1/../../../../arm-none-eabi/lib/thumb/v7e-m+fp/hard/crt0.o (exit)
C:/ST/STM32CubeIDE_1.17.0/STM32CubeIDE/plugins/com.st.stm32cube.ide.mcu.externaltools.gnu-tools-for-stm32.12.3.rel1.win32_1.1.0.202410251130/tools/bin/../lib/gcc/arm-none-eabi/12.3.1/../../../../arm-none-eabi/lib/thumb/v7e-m+fp/hard\libc_nano.a(libc_a-findfp.o)
                              C:/ST/STM32CubeIDE_1.17.0/STM32CubeIDE/plugins/com.st.stm32cube.ide.mcu.externaltools.gnu-tools-for-stm32.12.3.rel1.win32_1.1.0.202410251130/tools/bin/../lib/gcc/arm-none-eabi/12.3.1/../../../../arm-none-eabi/lib/thumb/v7e-m+fp/hard\libc_nano.a(libc_a-exit.o) (__stdio_exit_handler)
C:/ST/STM32CubeIDE_1.17.0/STM32CubeIDE/plugins/com.st.stm32cube.ide.mcu.externaltools.gnu-tools-for-stm32.12.3.rel1.win32_1.1.0.202410251130/tools/bin/../lib/gcc/arm-none-eabi/12.3.1/../../../../arm-none-eabi/lib/thumb/v7e-m+fp/hard\libc_nano.a(libc_a-fwalk.o)
                              C:/ST/STM32CubeIDE_1.17.0/STM32CubeIDE/plugins/com.st.stm32cube.ide.mcu.externaltools.gnu-tools-for-stm32.12.3.rel1.win32_1.1.0.202410251130/tools/bin/../lib/gcc/arm-none-eabi/12.3.1/../../../../arm-none-eabi/lib/thumb/v7e-m+fp/hard\libc_nano.a(libc_a-findfp.o) (_fwalk_sglue)
C:/ST/STM32CubeIDE_1.17.0/STM32CubeIDE/plugins/com.st.stm32cube.ide.mcu.externaltools.gnu-tools-for-stm32.12.3.rel1.win32_1.1.0.202410251130/tools/bin/../lib/gcc/arm-none-eabi/12.3.1/../../../../arm-none-eabi/lib/thumb/v7e-m+fp/hard\libc_nano.a(libc_a-sprintf.o)
                              ./Core/Src/main.o (sprintf)
C:/ST/STM32CubeIDE_1.17.0/STM32CubeIDE/plugins/com.st.stm32cube.ide.mcu.externaltools.gnu-tools-for-stm32.12.3.rel1.win32_1.1.0.202410251130/tools/bin/../lib/gcc/arm-none-eabi/12.3.1/../../../../arm-none-eabi/lib/thumb/v7e-m+fp/hard\libc_nano.a(libc_a-stdio.o)
                              C:/ST/STM32CubeIDE_1.17.0/STM32CubeIDE/plugins/com.st.stm32cube.ide.mcu.externaltools.gnu-tools-for-stm32.12.3.rel1.win32_1.1.0.202410251130/tools/bin/../lib/gcc/arm-none-eabi/12.3.1/../../../../arm-none-eabi/lib/thumb/v7e-m+fp/hard\libc_nano.a(libc_a-findfp.o) (__sread)
C:/ST/STM32CubeIDE_1.17.0/STM32CubeIDE/plugins/com.st.stm32cube.ide.mcu.externaltools.gnu-tools-for-stm32.12.3.rel1.win32_1.1.0.202410251130/tools/bin/../lib/gcc/arm-none-eabi/12.3.1/../../../../arm-none-eabi/lib/thumb/v7e-m+fp/hard\libc_nano.a(libc_a-memset.o)
                              C:/ST/STM32CubeIDE_1.17.0/STM32CubeIDE/plugins/com.st.stm32cube.ide.mcu.externaltools.gnu-tools-for-stm32.12.3.rel1.win32_1.1.0.202410251130/tools/bin/../lib/gcc/arm-none-eabi/12.3.1/../../../../arm-none-eabi/lib/thumb/v7e-m+fp/hard/crt0.o (memset)
C:/ST/STM32CubeIDE_1.17.0/STM32CubeIDE/plugins/com.st.stm32cube.ide.mcu.externaltools.gnu-tools-for-stm32.12.3.rel1.win32_1.1.0.202410251130/tools/bin/../lib/gcc/arm-none-eabi/12.3.1/../../../../arm-none-eabi/lib/thumb/v7e-m+fp/hard\libc_nano.a(libc_a-closer.o)
                              C:/ST/STM32CubeIDE_1.17.0/STM32CubeIDE/plugins/com.st.stm32cube.ide.mcu.externaltools.gnu-tools-for-stm32.12.3.rel1.win32_1.1.0.202410251130/tools/bin/../lib/gcc/arm-none-eabi/12.3.1/../../../../arm-none-eabi/lib/thumb/v7e-m+fp/hard\libc_nano.a(libc_a-stdio.o) (_close_r)
C:/ST/STM32CubeIDE_1.17.0/STM32CubeIDE/plugins/com.st.stm32cube.ide.mcu.externaltools.gnu-tools-for-stm32.12.3.rel1.win32_1.1.0.202410251130/tools/bin/../lib/gcc/arm-none-eabi/12.3.1/../../../../arm-none-eabi/lib/thumb/v7e-m+fp/hard\libc_nano.a(libc_a-reent.o)
                              C:/ST/STM32CubeIDE_1.17.0/STM32CubeIDE/plugins/com.st.stm32cube.ide.mcu.externaltools.gnu-tools-for-stm32.12.3.rel1.win32_1.1.0.202410251130/tools/bin/../lib/gcc/arm-none-eabi/12.3.1/../../../../arm-none-eabi/lib/thumb/v7e-m+fp/hard\libc_nano.a(libc_a-closer.o) (errno)
C:/ST/STM32CubeIDE_1.17.0/STM32CubeIDE/plugins/com.st.stm32cube.ide.mcu.externaltools.gnu-tools-for-stm32.12.3.rel1.win32_1.1.0.202410251130/tools/bin/../lib/gcc/arm-none-eabi/12.3.1/../../../../arm-none-eabi/lib/thumb/v7e-m+fp/hard\libc_nano.a(libc_a-impure.o)
                              C:/ST/STM32CubeIDE_1.17.0/STM32CubeIDE/plugins/com.st.stm32cube.ide.mcu.externaltools.gnu-tools-for-stm32.12.3.rel1.win32_1.1.0.202410251130/tools/bin/../lib/gcc/arm-none-eabi/12.3.1/../../../../arm-none-eabi/lib/thumb/v7e-m+fp/hard\libc_nano.a(libc_a-sprintf.o) (_impure_ptr)
[...]
Memory Configuration

Name             Origin             Length             Attributes
CCMRAM           0x10000000         0x00010000         xrw
RAM              0x20000000         0x00030000         xrw
FLASH            0x08000000         0x00200000         xr
*default*        0x00000000         0xffffffff

Linker script and memory map

LOAD C:/ST/STM32CubeIDE_1.17.0/STM32CubeIDE/plugins/com.st.stm32cube.ide.mcu.externaltools.gnu-tools-for-stm32.12.3.rel1.win32_1.1.0.202410251130/tools/bin/../lib/gcc/arm-none-eabi/12.3.1/thumb/v7e-m+fp/hard/crti.o
LOAD C:/ST/STM32CubeIDE_1.17.0/STM32CubeIDE/plugins/com.st.stm32cube.ide.mcu.externaltools.gnu-tools-for-stm32.12.3.rel1.win32_1.1.0.202410251130/tools/bin/../lib/gcc/arm-none-eabi/12.3.1/thumb/v7e-m+fp/hard/crtbegin.o
LOAD C:/ST/STM32CubeIDE_1.17.0/STM32CubeIDE/plugins/com.st.stm32cube.ide.mcu.externaltools.gnu-tools-for-stm32.12.3.rel1.win32_1.1.0.202410251130/tools/bin/../lib/gcc/arm-none-eabi/12.3.1/../../../../arm-none-eabi/lib/thumb/v7e-m+fp/hard/crt0.o
LOAD ./Core/Src/fatfs_sd.o
LOAD ./Core/Src/main.o
LOAD ./Core/Src/stm32f4xx_hal_msp.o
LOAD ./Core/Src/stm32f4xx_it.o
LOAD ./Core/Src/syscalls.o
LOAD ./Core/Src/sysmem.o
LOAD ./Core/Src/system_stm32f4xx.o
LOAD ./Core/Startup/startup_stm32f429zitx.o
LOAD ./Drivers/STM32F4xx_HAL_Driver/Src/stm32f4xx_hal.o
LOAD ./Drivers/STM32F4xx_HAL_Driver/Src/stm32f4xx_hal_cortex.o
LOAD ./Drivers/STM32F4xx_HAL_Driver/Src/stm32f4xx_hal_dma.o
LOAD ./Drivers/STM32F4xx_HAL_Driver/Src/stm32f4xx_hal_dma_ex.o
LOAD ./Drivers/STM32F4xx_HAL_Driver/Src/stm32f4xx_hal_exti.o
LOAD ./Drivers/STM32F4xx_HAL_Driver/Src/stm32f4xx_hal_flash.o
LOAD ./Drivers/STM32F4xx_HAL_Driver/Src/stm32f4xx_hal_flash_ex.o
LOAD ./Drivers/STM32F4xx_HAL_Driver/Src/stm32f4xx_hal_flash_ramfunc.o
LOAD ./Drivers/STM32F4xx_HAL_Driver/Src/stm32f4xx_hal_gpio.o
LOAD ./Drivers/STM32F4xx_HAL_Driver/Src/stm32f4xx_hal_pcd.o
LOAD ./Drivers/STM32F4xx_HAL_Driver/Src/stm32f4xx_hal_pcd_ex.o
LOAD ./Drivers/STM32F4xx_HAL_Driver/Src/stm32f4xx_hal_pwr.o
LOAD ./Drivers/STM32F4xx_HAL_Driver/Src/stm32f4xx_hal_pwr_ex.o
LOAD ./Drivers/STM32F4xx_HAL_Driver/Src/stm32f4xx_hal_rcc.o
LOAD ./Drivers/STM32F4xx_HAL_Driver/Src/stm32f4xx_hal_rcc_ex.o
LOAD ./Drivers/STM32F4xx_HAL_Driver/Src/stm32f4xx_hal_spi.o
LOAD ./Drivers/STM32F4xx_HAL_Driver/Src/stm32f4xx_hal_uart.o
LOAD ./Drivers/STM32F4xx_HAL_Driver/Src/stm32f4xx_ll_usb.o
LOAD ./FATFS/App/fatfs.o
LOAD ./FATFS/Target/user_diskio.o
LOAD ./Middlewares/ST/STM32_USB_Device_Library/Class/MSC/Src/usbd_msc.o
LOAD ./Middlewares/ST/STM32_USB_Device_Library/Class/MSC/Src/usbd_msc_bot.o
LOAD ./Middlewares/ST/STM32_USB_Device_Library/Class/MSC/Src/usbd_msc_data.o
LOAD ./Middlewares/ST/STM32_USB_Device_Library/Class/MSC/Src/usbd_msc_scsi.o
LOAD ./Middlewares/ST/STM32_USB_Device_Library/Core/Src/usbd_core.o
LOAD ./Middlewares/ST/STM32_USB_Device_Library/Core/Src/usbd_ctlreq.o
LOAD ./Middlewares/ST/STM32_USB_Device_Library/Core/Src/usbd_ioreq.o
LOAD ./Middlewares/Third_Party/FatFs/src/diskio.o
LOAD ./Middlewares/Third_Party/FatFs/src/ff.o
LOAD ./Middlewares/Third_Party/FatFs/src/ff_gen_drv.o
LOAD ./Middlewares/Third_Party/FatFs/src/option/ccsbcs.o
LOAD ./Middlewares/Third_Party/FatFs/src/option/syscall.o
LOAD ./USB_DEVICE/App/usb_device.o
LOAD ./USB_DEVICE/App/usbd_desc.o
LOAD ./USB_DEVICE/App/usbd_storage_if.o
LOAD ./USB_DEVICE/Target/usbd_conf.o
START GROUP
LOAD C:/ST/STM32CubeIDE_1.17.0/STM32CubeIDE/plugins/com.st.stm32cube.ide.mcu.externaltools.gnu-tools-for-stm32.12.3.rel1.win32_1.1.0.202410251130/tools/bin/../lib/gcc/arm-none-eabi/12.3.1/../../../../arm-none-eabi/lib/thumb/v7e-m+fp/hard\libc_nano.a
LOAD C:/ST/STM32CubeIDE_1.17.0/STM32CubeIDE/plugins/com.st.stm32cube.ide.mcu.externaltools.gnu-tools-for-stm32.12.3.rel1.win32_1.1.0.202410251130/tools/bin/../lib/gcc/arm-none-eabi/12.3.1/../../../../arm-none-eabi/lib/thumb/v7e-m+fp/hard\libm.a
END GROUP
START GROUP
LOAD C:/ST/STM32CubeIDE_1.17.0/STM32CubeIDE/plugins/com.st.stm32cube.ide.mcu.externaltools.gnu-tools-for-stm32.12.3.rel1.win32_1.1.0.202410251130/tools/bin/../lib/gcc/arm-none-eabi/12.3.1/thumb/v7e-m+fp/hard\libgcc.a
LOAD C:/ST/STM32CubeIDE_1.17.0/STM32CubeIDE/plugins/com.st.stm32cube.ide.mcu.externaltools.gnu-tools-for-stm32.12.3.rel1.win32_1.1.0.202410251130/tools/bin/../lib/gcc/arm-none-eabi/12.3.1/../../../../arm-none-eabi/lib/thumb/v7e-m+fp/hard\libc_nano.a
END GROUP
START GROUP
LOAD C:/ST/STM32CubeIDE_1.17.0/STM32CubeIDE/plugins/com.st.stm32cube.ide.mcu.externaltools.gnu-tools-for-stm32.12.3.rel1.win32_1.1.0.202410251130/tools/bin/../lib/gcc/arm-none-eabi/12.3.1/thumb/v7e-m+fp/hard\libgcc.a
LOAD C:/ST/STM32CubeIDE_1.17.0/STM32CubeIDE/plugins/com.st.stm32cube.ide.mcu.externaltools.gnu-tools-for-stm32.12.3.rel1.win32_1.1.0.202410251130/tools/bin/../lib/gcc/arm-none-eabi/12.3.1/../../../../arm-none-eabi/lib/thumb/v7e-m+fp/hard\libc_nano.a
LOAD C:/ST/STM32CubeIDE_1.17.0/STM32CubeIDE/plugins/com.st.stm32cube.ide.mcu.externaltools.gnu-tools-for-stm32.12.3.rel1.win32_1.1.0.202410251130/tools/bin/../lib/gcc/arm-none-eabi/12.3.1/../../../../arm-none-eabi/lib/thumb/v7e-m+fp/hard\libnosys.a
END GROUP
START GROUP
LOAD C:/ST/STM32CubeIDE_1.17.0/STM32CubeIDE/plugins/com.st.stm32cube.ide.mcu.externaltools.gnu-tools-for-stm32.12.3.rel1.win32_1.1.0.202410251130/tools/bin/../lib/gcc/arm-none-eabi/12.3.1/thumb/v7e-m+fp/hard\libgcc.a
LOAD C:/ST/STM32CubeIDE_1.17.0/STM32CubeIDE/plugins/com.st.stm32cube.ide.mcu.externaltools.gnu-tools-for-stm32.12.3.rel1.win32_1.1.0.202410251130/tools/bin/../lib/gcc/arm-none-eabi/12.3.1/../../../../arm-none-eabi/lib/thumb/v7e-m+fp/hard\libc_nano.a
LOAD C:/ST/STM32CubeIDE_1.17.0/STM32CubeIDE/plugins/com.st.stm32cube.ide.mcu.externaltools.gnu-tools-for-stm32.12.3.rel1.win32_1.1.0.202410251130/tools/bin/../lib/gcc/arm-none-eabi/12.3.1/../../../../arm-none-eabi/lib/thumb/v7e-m+fp/hard\libnosys.a
END GROUP
LOAD C:/ST/STM32CubeIDE_1.17.0/STM32CubeIDE/plugins/com.st.stm32cube.ide.mcu.externaltools.gnu-tools-for-stm32.12.3.rel1.win32_1.1.0.202410251130/tools/bin/../lib/gcc/arm-none-eabi/12.3.1/thumb/v7e-m+fp/hard/crtend.o
LOAD C:/ST/STM32CubeIDE_1.17.0/STM32CubeIDE/plugins/com.st.stm32cube.ide.mcu.externaltools.gnu-tools-for-stm32.12.3.rel1.win32_1.1.0.202410251130/tools/bin/../lib/gcc/arm-none-eabi/12.3.1/thumb/v7e-m+fp/hard/crtn.o
                0x20030000                        _estack = (ORIGIN (RAM) + LENGTH (RAM))
                0x00000200                        _Min_Heap_Size = 0x200
                0x00000400                        _Min_Stack_Size = 0x400

.isr_vector     0x08000000      0x1ac
                0x08000000                        . = ALIGN (0x4)
 *(.isr_vector)
 .isr_vector    0x08000000      0x1ac ./Core/Startup/startup_stm32f429zitx.o
                0x08000000                g_pfnVectors
                0x080001ac                        . = ALIGN (0x4)

.text           0x080001b0     0xf014
                0x080001b0                        . = ALIGN (0x4)
 *(.text)
 .text          0x080001b0       0x40 C:/ST/STM32CubeIDE_1.17.0/STM32CubeIDE/plugins/com.st.stm32cube.ide.mcu.externaltools.gnu-tools-for-stm32.12.3.rel1.win32_1.1.0.202410251130/tools/bin/../lib/gcc/arm-none-eabi/12.3.1/thumb/v7e-m+fp/hard/crtbegin.o
 .text          0x080001f0       0x10 C:/ST/STM32CubeIDE_1.17.0/STM32CubeIDE/plugins/com.st.stm32cube.ide.mcu.externaltools.gnu-tools-for-stm32.12.3.rel1.win32_1.1.0.202410251130/tools/bin/../lib/gcc/arm-none-eabi/12.3.1/../../../../arm-none-eabi/lib/thumb/v7e-m+fp/hard\libc_nano.a(libc_a-strlen.o)
                0x080001f0                strlen
 .text          0x08000200       0xa0 C:/ST/STM32CubeIDE_1.17.0/STM32CubeIDE/plugins/com.st.stm32cube.ide.mcu.externaltools.gnu-tools-for-stm32.12.3.rel1.win32_1.1.0.202410251130/tools/bin/../lib/gcc/arm-none-eabi/12.3.1/../../../../arm-none-eabi/lib/thumb/v7e-m+fp/hard\libc_nano.a(libc_a-memchr.o)
                0x08000200                memchr
 .text          0x080002a0      0x254 C:/ST/STM32CubeIDE_1.17.0/STM32CubeIDE/plugins/com.st.stm32cube.ide.mcu.externaltools.gnu-tools-for-stm32.12.3.rel1.win32_1.1.0.202410251130/tools/bin/../lib/gcc/arm-none-eabi/12.3.1/thumb/v7e-m+fp/hard\libgcc.a(_arm_muldf3.o)
                0x080002a0                __muldf3
                0x080002a0                __aeabi_dmul
 .text          0x080004f4      0x378 C:/ST/STM32CubeIDE_1.17.0/STM32CubeIDE/plugins/com.st.stm32cube.ide.mcu.externaltools.gnu-tools-for-stm32.12.3.rel1.win32_1.1.0.202410251130/tools/bin/../lib/gcc/arm-none-eabi/12.3.1/thumb/v7e-m+fp/hard\libgcc.a(_arm_addsubdf3.o)
                0x080004f4                __aeabi_drsub
                0x080004fc                __aeabi_dsub
                0x080004fc                __subdf3
                0x08000500                __aeabi_dadd
                0x08000500                __adddf3
                0x08000778                __floatunsidf
                0x08000778                __aeabi_ui2d
                0x08000798                __floatsidf
                0x08000798                __aeabi_i2d
                0x080007bc                __aeabi_f2d
                0x080007bc                __extendsfdf2
                0x08000800                __floatundidf
                0x08000800                __aeabi_ul2d
                0x08000810                __floatdidf
                0x08000810                __aeabi_l2d
 .text          0x0800086c       0x40 C:/ST/STM32CubeIDE_1.17.0/STM32CubeIDE/plugins/com.st.stm32cube.ide.mcu.externaltools.gnu-tools-for-stm32.12.3.rel1.win32_1.1.0.202410251130/tools/bin/../lib/gcc/arm-none-eabi/12.3.1/thumb/v7e-m+fp/hard\libgcc.a(_arm_fixunsdfsi.o)
                0x0800086c                __aeabi_d2uiz
                0x0800086c                __fixunsdfsi
 .text          0x080008ac       0x30 C:/ST/STM32CubeIDE_1.17.0/STM32CubeIDE/plugins/com.st.stm32cube.ide.mcu.externaltools.gnu-tools-for-stm32.12.3.rel1.win32_1.1.0.202410251130/tools/bin/../lib/gcc/arm-none-eabi/12.3.1/thumb/v7e-m+fp/hard\libgcc.a(_aeabi_uldivmod.o)
                0x080008ac                __aeabi_uldivmod
 .text          0x080008dc      0x2bc C:/ST/STM32CubeIDE_1.17.0/STM32CubeIDE/plugins/com.st.stm32cube.ide.mcu.externaltools.gnu-tools-for-stm32.12.3.rel1.win32_1.1.0.202410251130/tools/bin/../lib/gcc/arm-none-eabi/12.3.1/thumb/v7e-m+fp/hard\libgcc.a(_udivmoddi4.o)
                0x080008dc                __udivmoddi4
 .text          0x08000b98        0x4 C:/ST/STM32CubeIDE_1.17.0/STM32CubeIDE/plugins/com.st.stm32cube.ide.mcu.externaltools.gnu-tools-for-stm32.12.3.rel1.win32_1.1.0.202410251130/tools/bin/../lib/gcc/arm-none-eabi/12.3.1/thumb/v7e-m+fp/hard\libgcc.a(_dvmd_tls.o)
                0x08000b98                __aeabi_idiv0
                0x08000b98                __aeabi_ldiv0
 *(.text*)
 .text.SELECT   0x08000b9c        0xe ./Core/Src/fatfs_sd.o
 .text.DESELECT
                0x08000baa        0xe ./Core/Src/fatfs_sd.o
 .text.SPI_TxByte
                0x08000bb8       0x24 ./Core/Src/fatfs_sd.o
 .text.SPI_TxBuffer
                0x08000bdc       0x24 ./Core/Src/fatfs_sd.o
 .text.SPI_RxByte
                0x08000c00       0x28 ./Core/Src/fatfs_sd.o
 .text.SPI_RxBytePtr
                0x08000c28       0x1c ./Core/Src/fatfs_sd.o
 .text.SD_ReadyWait
                0x08000c44       0x34 ./Core/Src/fatfs_sd.o
 .text.SD_PowerOn
                0x08000c78       0x84 ./Core/Src/fatfs_sd.o
 .text.SD_PowerOff
                0x08000cfc       0x18 ./Core/Src/fatfs_sd.o
 .text.SD_CheckPower
                0x08000d14       0x18 ./Core/Src/fatfs_sd.o
 .text.SD_RxDataBlock
                0x08000d2c       0x60 ./Core/Src/fatfs_sd.o
 .text.SD_TxDataBlock
                0x08000d8c       0xb0 ./Core/Src/fatfs_sd.o
 .text.SD_SendCmd
                0x08000e3c       0xa8 ./Core/Src/fatfs_sd.o
 .text.SD_disk_initialize
                0x08000ee4      0x1d4 ./Core/Src/fatfs_sd.o
                0x08000ee4                SD_disk_initialize
 .text.SD_disk_status
                0x080010b8       0x2c ./Core/Src/fatfs_sd.o
                0x080010b8                SD_disk_status
 .text.SD_disk_read
                0x080010e4       0xd4 ./Core/Src/fatfs_sd.o
                0x080010e4                SD_disk_read
 .text.SD_disk_write
                0x080011b8      0x108 ./Core/Src/fatfs_sd.o
                0x080011b8                SD_disk_write
 .text.SD_disk_ioctl
                0x080012c0      0x254 ./Core/Src/fatfs_sd.o
                0x080012c0                SD_disk_ioctl
 .text.send_uart
                0x08001514       0x34 ./Core/Src/main.o
                0x08001514                send_uart
 .text.bufclear
                0x08001548       0x38 ./Core/Src/main.o
                0x08001548                bufclear
 .text.main     0x08001580      0x254 ./Core/Src/main.o
                0x08001580                main
 .text.SystemClock_Config
                0x080017d4       0xd4 ./Core/Src/main.o
                0x080017d4                SystemClock_Config
 .text.MX_SPI1_Init
                0x080018a8       0x6c ./Core/Src/main.o
 .text.MX_USART1_UART_Init
                0x08001914       0x54 ./Core/Src/main.o
 .text.MX_GPIO_Init
                0x08001968       0xa0 ./Core/Src/main.o
 .text.Error_Handler
                0x08001a08        0xc ./Core/Src/main.o
                0x08001a08                Error_Handler
 .text.HAL_MspInit
                0x08001a14       0x50 ./Core/Src/stm32f4xx_hal_msp.o
                0x08001a14                HAL_MspInit
 .text.HAL_SPI_MspInit
                0x08001a64       0x90 ./Core/Src/stm32f4xx_hal_msp.o
                0x08001a64                HAL_SPI_MspInit
 .text.HAL_UART_MspInit
                0x08001af4       0x90 ./Core/Src/stm32f4xx_hal_msp.o
                0x08001af4                HAL_UART_MspInit
 .text.SDTimer_Handler
                0x08001b84       0x80 ./Core/Src/stm32f4xx_it.o
                0x08001b84                SDTimer_Handler
 .text.NMI_Handler
                0x08001c04        0x8 ./Core/Src/stm32f4xx_it.o
                0x08001c04                NMI_Handler
 .text.HardFault_Handler
                0x08001c0c        0x8 ./Core/Src/stm32f4xx_it.o
                0x08001c0c                HardFault_Handler
 .text.MemManage_Handler
                0x08001c14        0x8 ./Core/Src/stm32f4xx_it.o
                0x08001c14                MemManage_Handler
 .text.BusFault_Handler
                0x08001c1c        0x8 ./Core/Src/stm32f4xx_it.o
                0x08001c1c                BusFault_Handler
 .text.UsageFault_Handler
                0x08001c24        0x8 ./Core/Src/stm32f4xx_it.o
                0x08001c24                UsageFault_Handler
 .text.SVC_Handler
                0x08001c2c        0xe ./Core/Src/stm32f4xx_it.o
                0x08001c2c                SVC_Handler
 .text.DebugMon_Handler
                0x08001c3a        0xe ./Core/Src/stm32f4xx_it.o
                0x08001c3a                DebugMon_Handler
 .text.PendSV_Handler
                0x08001c48        0xe ./Core/Src/stm32f4xx_it.o
                0x08001c48                PendSV_Handler
 *fill*         0x08001c56        0x2 
 .text.SysTick_Handler
                0x08001c58       0x34 ./Core/Src/stm32f4xx_it.o
                0x08001c58                SysTick_Handler
 .text.OTG_FS_IRQHandler
                0x08001c8c       0x14 ./Core/Src/stm32f4xx_it.o
                0x08001c8c                OTG_FS_IRQHandler
 .text._sbrk    0x08001ca0       0x6c ./Core/Src/sysmem.o
                0x08001ca0                _sbrk
 .text.SystemInit
                0x08001d0c       0x24 ./Core/Src/system_stm32f4xx.o
                0x08001d0c                SystemInit
 .text.Reset_Handler
                0x08001d30       0x50 ./Core/Startup/startup_stm32f429zitx.o
                0x08001d30                Reset_Handler
 .text.Default_Handler
                0x08001d80        0x2 ./Core/Startup/startup_stm32f429zitx.o
                0x08001d80                RTC_Alarm_IRQHandler
                0x08001d80                HASH_RNG_IRQHandler
                0x08001d80                EXTI2_IRQHandler
                0x08001d80                TIM8_CC_IRQHandler
                0x08001d80                UART8_IRQHandler
                0x08001d80                SPI4_IRQHandler
                0x08001d80                TIM1_CC_IRQHandler
                0x08001d80                DMA2_Stream5_IRQHandler
                0x08001d80                DMA1_Stream5_IRQHandler
                0x08001d80                PVD_IRQHandler
                0x08001d80                SDIO_IRQHandler
                0x08001d80                TAMP_STAMP_IRQHandler
                0x08001d80                CAN2_RX1_IRQHandler
                0x08001d80                EXTI3_IRQHandler
                0x08001d80                TIM8_TRG_COM_TIM14_IRQHandler
                0x08001d80                TIM1_UP_TIM10_IRQHandler
                0x08001d80                TIM8_UP_TIM13_IRQHandler
                0x08001d80                I2C3_ER_IRQHandler
                0x08001d80                EXTI0_IRQHandler
                0x08001d80                I2C2_EV_IRQHandler
                0x08001d80                DMA1_Stream2_IRQHandler
                0x08001d80                CAN1_RX0_IRQHandler
                0x08001d80                FPU_IRQHandler
                0x08001d80                OTG_HS_WKUP_IRQHandler
                0x08001d80                LTDC_ER_IRQHandler
                0x08001d80                CAN2_SCE_IRQHandler
                0x08001d80                DMA2_Stream2_IRQHandler
                0x08001d80                SPI1_IRQHandler
                0x08001d80                TIM6_DAC_IRQHandler
                0x08001d80                TIM1_BRK_TIM9_IRQHandler
                0x08001d80                DCMI_IRQHandler
                0x08001d80                CAN2_RX0_IRQHandler
                0x08001d80                DMA2_Stream3_IRQHandler
                0x08001d80                USART6_IRQHandler
                0x08001d80                USART3_IRQHandler
                0x08001d80                CAN1_RX1_IRQHandler
                0x08001d80                UART5_IRQHandler
                0x08001d80                DMA2_Stream0_IRQHandler
                0x08001d80                TIM4_IRQHandler
                0x08001d80                I2C1_EV_IRQHandler
                0x08001d80                DMA1_Stream6_IRQHandler
                0x08001d80                DMA1_Stream1_IRQHandler
                0x08001d80                UART4_IRQHandler
                0x08001d80                TIM3_IRQHandler
                0x08001d80                RCC_IRQHandler
                0x08001d80                TIM8_BRK_TIM12_IRQHandler
                0x08001d80                Default_Handler
                0x08001d80                EXTI15_10_IRQHandler
                0x08001d80                ADC_IRQHandler
                0x08001d80                DMA1_Stream7_IRQHandler
                0x08001d80                SPI5_IRQHandler
                0x08001d80                TIM7_IRQHandler
                0x08001d80                CAN2_TX_IRQHandler
                0x08001d80                TIM5_IRQHandler
                0x08001d80                DMA2_Stream7_IRQHandler
                0x08001d80                I2C3_EV_IRQHandler
                0x08001d80                EXTI9_5_IRQHandler
                0x08001d80                RTC_WKUP_IRQHandler
                0x08001d80                LTDC_IRQHandler
                0x08001d80                ETH_WKUP_IRQHandler
                0x08001d80                SPI2_IRQHandler
                0x08001d80                OTG_HS_EP1_IN_IRQHandler
                0x08001d80                DMA1_Stream0_IRQHandler
                0x08001d80                CAN1_TX_IRQHandler
                0x08001d80                EXTI4_IRQHandler
                0x08001d80                ETH_IRQHandler
                0x08001d80                OTG_HS_EP1_OUT_IRQHandler
                0x08001d80                WWDG_IRQHandler
                0x08001d80                SPI6_IRQHandler
                0x08001d80                TIM2_IRQHandler
                0x08001d80                OTG_FS_WKUP_IRQHandler
                0x08001d80                TIM1_TRG_COM_TIM11_IRQHandler
                0x08001d80                OTG_HS_IRQHandler
                0x08001d80                DMA2D_IRQHandler
                0x08001d80                EXTI1_IRQHandler
                0x08001d80                UART7_IRQHandler
                0x08001d80                USART2_IRQHandler
                0x08001d80                I2C2_ER_IRQHandler
                0x08001d80                DMA2_Stream1_IRQHandler
                0x08001d80                CAN1_SCE_IRQHandler
                0x08001d80                FLASH_IRQHandler
                0x08001d80                DMA2_Stream4_IRQHandler
                0x08001d80                USART1_IRQHandler
                0x08001d80                SPI3_IRQHandler
                0x08001d80                DMA1_Stream4_IRQHandler
                0x08001d80                I2C1_ER_IRQHandler
                0x08001d80                FMC_IRQHandler
                0x08001d80                DMA2_Stream6_IRQHandler
                0x08001d80                SAI1_IRQHandler
                0x08001d80                DMA1_Stream3_IRQHandler
 *fill*         0x08001d82        0x2 
 .text.HAL_Init
                0x08001d84       0x44 ./Drivers/STM32F4xx_HAL_Driver/Src/stm32f4xx_hal.o
                0x08001d84                HAL_Init
 .text.HAL_InitTick
                0x08001dc8       0x60 ./Drivers/STM32F4xx_HAL_Driver/Src/stm32f4xx_hal.o
                0x08001dc8                HAL_InitTick
 .text.HAL_IncTick
                0x08001e28       0x28 ./Drivers/STM32F4xx_HAL_Driver/Src/stm32f4xx_hal.o
                0x08001e28                HAL_IncTick
 .text.HAL_GetTick
                0x08001e50       0x18 ./Drivers/STM32F4xx_HAL_Driver/Src/stm32f4xx_hal.o
                0x08001e50                HAL_GetTick
 .text.HAL_Delay
                0x08001e68       0x48 ./Drivers/STM32F4xx_HAL_Driver/Src/stm32f4xx_hal.o
                0x08001e68                HAL_Delay
 .text.__NVIC_SetPriorityGrouping
                0x08001eb0       0x48 ./Drivers/STM32F4xx_HAL_Driver/Src/stm32f4xx_hal_cortex.o
 .text.__NVIC_GetPriorityGrouping
                0x08001ef8       0x1c ./Drivers/STM32F4xx_HAL_Driver/Src/stm32f4xx_hal_cortex.o
 .text.__NVIC_EnableIRQ
                0x08001f14       0x3c ./Drivers/STM32F4xx_HAL_Driver/Src/stm32f4xx_hal_cortex.o
 .text.__NVIC_SetPriority
                0x08001f50       0x54 ./Drivers/STM32F4xx_HAL_Driver/Src/stm32f4xx_hal_cortex.o
 .text.NVIC_EncodePriority
                0x08001fa4       0x66 ./Drivers/STM32F4xx_HAL_Driver/Src/stm32f4xx_hal_cortex.o
 *fill*         0x0800200a        0x2 
 .text.SysTick_Config
                0x0800200c       0x44 ./Drivers/STM32F4xx_HAL_Driver/Src/stm32f4xx_hal_cortex.o
 .text.HAL_NVIC_SetPriorityGrouping
                0x08002050       0x16 ./Drivers/STM32F4xx_HAL_Driver/Src/stm32f4xx_hal_cortex.o
                0x08002050                HAL_NVIC_SetPriorityGrouping
 .text.HAL_NVIC_SetPriority
                0x08002066       0x38 ./Drivers/STM32F4xx_HAL_Driver/Src/stm32f4xx_hal_cortex.o
                0x08002066                HAL_NVIC_SetPriority
 .text.HAL_NVIC_EnableIRQ
                0x0800209e       0x1c ./Drivers/STM32F4xx_HAL_Driver/Src/stm32f4xx_hal_cortex.o
                0x0800209e                HAL_NVIC_EnableIRQ
 .text.HAL_SYSTICK_Config
                0x080020ba       0x18 ./Drivers/STM32F4xx_HAL_Driver/Src/stm32f4xx_hal_cortex.o
                0x080020ba                HAL_SYSTICK_Config
 *fill*         0x080020d2        0x2 
 .text.HAL_GPIO_Init
                0x080020d4      0x358 ./Drivers/STM32F4xx_HAL_Driver/Src/stm32f4xx_hal_gpio.o
                0x080020d4                HAL_GPIO_Init
 .text.HAL_GPIO_WritePin
                0x0800242c       0x32 ./Drivers/STM32F4xx_HAL_Driver/Src/stm32f4xx_hal_gpio.o
                0x0800242c                HAL_GPIO_WritePin
 .text.HAL_PCD_Init
                0x0800245e      0x21e ./Drivers/STM32F4xx_HAL_Driver/Src/stm32f4xx_hal_pcd.o
                0x0800245e                HAL_PCD_Init
 .text.HAL_PCD_Start
                0x0800267c       0x6a ./Drivers/STM32F4xx_HAL_Driver/Src/stm32f4xx_hal_pcd.o
                0x0800267c                HAL_PCD_Start
 .text.HAL_PCD_IRQHandler
                0x080026e6      0x942 ./Drivers/STM32F4xx_HAL_Driver/Src/stm32f4xx_hal_pcd.o
                0x080026e6                HAL_PCD_IRQHandler
 .text.HAL_PCD_SetAddress
                0x08003028       0x48 ./Drivers/STM32F4xx_HAL_Driver/Src/stm32f4xx_hal_pcd.o
                0x08003028                HAL_PCD_SetAddress
 .text.HAL_PCD_EP_Open
                0x08003070       0xd4 ./Drivers/STM32F4xx_HAL_Driver/Src/stm32f4xx_hal_pcd.o
                0x08003070                HAL_PCD_EP_Open
 .text.HAL_PCD_EP_Close
                0x08003144       0x94 ./Drivers/STM32F4xx_HAL_Driver/Src/stm32f4xx_hal_pcd.o
                0x08003144                HAL_PCD_EP_Close
 .text.HAL_PCD_EP_Receive
                0x080031d8       0x76 ./Drivers/STM32F4xx_HAL_Driver/Src/stm32f4xx_hal_pcd.o
                0x080031d8                HAL_PCD_EP_Receive
 .text.HAL_PCD_EP_GetRxCount
                0x0800324e       0x30 ./Drivers/STM32F4xx_HAL_Driver/Src/stm32f4xx_hal_pcd.o
                0x0800324e                HAL_PCD_EP_GetRxCount
 .text.HAL_PCD_EP_Transmit
                0x0800327e       0x74 ./Drivers/STM32F4xx_HAL_Driver/Src/stm32f4xx_hal_pcd.o
                0x0800327e                HAL_PCD_EP_Transmit
 .text.HAL_PCD_EP_SetStall
                0x080032f2       0xc6 ./Drivers/STM32F4xx_HAL_Driver/Src/stm32f4xx_hal_pcd.o
                0x080032f2                HAL_PCD_EP_SetStall
 .text.HAL_PCD_EP_ClrStall
                0x080033b8       0xac ./Drivers/STM32F4xx_HAL_Driver/Src/stm32f4xx_hal_pcd.o
                0x080033b8                HAL_PCD_EP_ClrStall
 .text.HAL_PCD_EP_Abort
                0x08003464       0x62 ./Drivers/STM32F4xx_HAL_Driver/Src/stm32f4xx_hal_pcd.o
                0x08003464                HAL_PCD_EP_Abort
 .text.HAL_PCD_EP_Flush
                0x080034c6       0x5a ./Drivers/STM32F4xx_HAL_Driver/Src/stm32f4xx_hal_pcd.o
                0x080034c6                HAL_PCD_EP_Flush
 .text.PCD_WriteEmptyTxFifo
                0x08003520      0x118 ./Drivers/STM32F4xx_HAL_Driver/Src/stm32f4xx_hal_pcd.o
 .text.PCD_EP_OutXfrComplete_int
                0x08003638      0x1d0 ./Drivers/STM32F4xx_HAL_Driver/Src/stm32f4xx_hal_pcd.o
 .text.PCD_EP_OutSetupPacket_int
                0x08003808       0x8c ./Drivers/STM32F4xx_HAL_Driver/Src/stm32f4xx_hal_pcd.o
 .text.HAL_PCDEx_SetTxFiFo
                0x08003894       0x8e ./Drivers/STM32F4xx_HAL_Driver/Src/stm32f4xx_hal_pcd_ex.o
                0x08003894                HAL_PCDEx_SetTxFiFo
 .text.HAL_PCDEx_SetRxFiFo
                0x08003922       0x22 ./Drivers/STM32F4xx_HAL_Driver/Src/stm32f4xx_hal_pcd_ex.o
                0x08003922                HAL_PCDEx_SetRxFiFo
 .text.HAL_PCDEx_LPM_Callback
                0x08003944       0x18 ./Drivers/STM32F4xx_HAL_Driver/Src/stm32f4xx_hal_pcd_ex.o
                0x08003944                HAL_PCDEx_LPM_Callback
 .text.HAL_RCC_OscConfig
                0x0800395c      0x4f0 ./Drivers/STM32F4xx_HAL_Driver/Src/stm32f4xx_hal_rcc.o
                0x0800395c                HAL_RCC_OscConfig
 .text.HAL_RCC_ClockConfig
                0x08003e4c      0x1cc ./Drivers/STM32F4xx_HAL_Driver/Src/stm32f4xx_hal_rcc.o
                0x08003e4c                HAL_RCC_ClockConfig
 .text.HAL_RCC_GetSysClockFreq
                0x08004018      0x20c ./Drivers/STM32F4xx_HAL_Driver/Src/stm32f4xx_hal_rcc.o
                0x08004018                HAL_RCC_GetSysClockFreq
 .text.HAL_RCC_GetHCLKFreq
                0x08004224       0x18 ./Drivers/STM32F4xx_HAL_Driver/Src/stm32f4xx_hal_rcc.o
                0x08004224                HAL_RCC_GetHCLKFreq
 .text.HAL_RCC_GetPCLK1Freq
                0x0800423c       0x28 ./Drivers/STM32F4xx_HAL_Driver/Src/stm32f4xx_hal_rcc.o
                0x0800423c                HAL_RCC_GetPCLK1Freq
 .text.HAL_RCC_GetPCLK2Freq
                0x08004264       0x28 ./Drivers/STM32F4xx_HAL_Driver/Src/stm32f4xx_hal_rcc.o
                0x08004264                HAL_RCC_GetPCLK2Freq
 .text.HAL_SPI_Init
                0x0800428c      0x112 ./Drivers/STM32F4xx_HAL_Driver/Src/stm32f4xx_hal_spi.o
                0x0800428c                HAL_SPI_Init
 .text.HAL_SPI_Transmit
                0x0800439e      0x288 ./Drivers/STM32F4xx_HAL_Driver/Src/stm32f4xx_hal_spi.o
                0x0800439e                HAL_SPI_Transmit
 .text.HAL_SPI_TransmitReceive
                0x08004626      0x352 ./Drivers/STM32F4xx_HAL_Driver/Src/stm32f4xx_hal_spi.o
                0x08004626                HAL_SPI_TransmitReceive
 .text.SPI_WaitFlagStateUntilTimeout
                0x08004978      0x110 ./Drivers/STM32F4xx_HAL_Driver/Src/stm32f4xx_hal_spi.o
 .text.SPI_EndRxTxTransaction
                0x08004a88       0xa8 ./Drivers/STM32F4xx_HAL_Driver/Src/stm32f4xx_hal_spi.o
 .text.HAL_UART_Init
                0x08004b30       0xa0 ./Drivers/STM32F4xx_HAL_Driver/Src/stm32f4xx_hal_uart.o
                0x08004b30                HAL_UART_Init
 .text.HAL_UART_Transmit
                0x08004bd0      0x116 ./Drivers/STM32F4xx_HAL_Driver/Src/stm32f4xx_hal_uart.o
                0x08004bd0                HAL_UART_Transmit
 .text.UART_WaitOnFlagUntilTimeout
                0x08004ce6       0xb2 ./Drivers/STM32F4xx_HAL_Driver/Src/stm32f4xx_hal_uart.o
 .text.UART_EndRxTransfer
                0x08004d98       0xc6 ./Drivers/STM32F4xx_HAL_Driver/Src/stm32f4xx_hal_uart.o
 *fill*         0x08004e5e        0x2 
 .text.UART_SetConfig
                0x08004e60      0x4e8 ./Drivers/STM32F4xx_HAL_Driver/Src/stm32f4xx_hal_uart.o
 .text.USB_CoreInit
                0x08005348       0xc8 ./Drivers/STM32F4xx_HAL_Driver/Src/stm32f4xx_ll_usb.o
                0x08005348                USB_CoreInit
 .text.USB_SetTurnaroundTime
                0x08005410      0x144 ./Drivers/STM32F4xx_HAL_Driver/Src/stm32f4xx_ll_usb.o
                0x08005410                USB_SetTurnaroundTime
 .text.USB_EnableGlobalInt
                0x08005554       0x22 ./Drivers/STM32F4xx_HAL_Driver/Src/stm32f4xx_ll_usb.o
                0x08005554                USB_EnableGlobalInt
 .text.USB_DisableGlobalInt
                0x08005576       0x22 ./Drivers/STM32F4xx_HAL_Driver/Src/stm32f4xx_ll_usb.o
                0x08005576                USB_DisableGlobalInt
 .text.USB_SetCurrentMode
                0x08005598       0x98 ./Drivers/STM32F4xx_HAL_Driver/Src/stm32f4xx_ll_usb.o
                0x08005598                USB_SetCurrentMode
 .text.USB_DevInit
                0x08005630      0x2c8 ./Drivers/STM32F4xx_HAL_Driver/Src/stm32f4xx_ll_usb.o
                0x08005630                USB_DevInit
 .text.USB_FlushTxFifo
                0x080058f8       0x64 ./Drivers/STM32F4xx_HAL_Driver/Src/stm32f4xx_ll_usb.o
                0x080058f8                USB_FlushTxFifo
 .text.USB_FlushRxFifo
                0x0800595c       0x5c ./Drivers/STM32F4xx_HAL_Driver/Src/stm32f4xx_ll_usb.o
                0x0800595c                USB_FlushRxFifo
 .text.USB_SetDevSpeed
                0x080059b8       0x32 ./Drivers/STM32F4xx_HAL_Driver/Src/stm32f4xx_ll_usb.o
                0x080059b8                USB_SetDevSpeed
 .text.USB_GetDevSpeed
                0x080059ea       0x4a ./Drivers/STM32F4xx_HAL_Driver/Src/stm32f4xx_ll_usb.o
                0x080059ea                USB_GetDevSpeed
 .text.USB_ActivateEndpoint
                0x08005a34      0x10e ./Drivers/STM32F4xx_HAL_Driver/Src/stm32f4xx_ll_usb.o
                0x08005a34                USB_ActivateEndpoint
 *fill*         0x08005b42        0x2 
 .text.USB_DeactivateEndpoint
                0x08005b44      0x1b8 ./Drivers/STM32F4xx_HAL_Driver/Src/stm32f4xx_ll_usb.o
                0x08005b44                USB_DeactivateEndpoint
 .text.USB_EPStartXfer
                0x08005cfc      0x53c ./Drivers/STM32F4xx_HAL_Driver/Src/stm32f4xx_ll_usb.o
                0x08005cfc                USB_EPStartXfer
 .text.USB_EPStopXfer
                0x08006238      0x154 ./Drivers/STM32F4xx_HAL_Driver/Src/stm32f4xx_ll_usb.o
                0x08006238                USB_EPStopXfer
 .text.USB_WritePacket
                0x0800638c       0x7c ./Drivers/STM32F4xx_HAL_Driver/Src/stm32f4xx_ll_usb.o
                0x0800638c                USB_WritePacket
 .text.USB_ReadPacket
                0x08006408       0xb0 ./Drivers/STM32F4xx_HAL_Driver/Src/stm32f4xx_ll_usb.o
                0x08006408                USB_ReadPacket
 .text.USB_EPSetStall
                0x080064b8       0xdc ./Drivers/STM32F4xx_HAL_Driver/Src/stm32f4xx_ll_usb.o
                0x080064b8                USB_EPSetStall
 .text.USB_EPClearStall
                0x08006594       0xcc ./Drivers/STM32F4xx_HAL_Driver/Src/stm32f4xx_ll_usb.o
                0x08006594                USB_EPClearStall
 .text.USB_SetDevAddress
                0x08006660       0x4c ./Drivers/STM32F4xx_HAL_Driver/Src/stm32f4xx_ll_usb.o
                0x08006660                USB_SetDevAddress
 .text.USB_DevConnect
                0x080066ac       0x42 ./Drivers/STM32F4xx_HAL_Driver/Src/stm32f4xx_ll_usb.o
                0x080066ac                USB_DevConnect
 .text.USB_DevDisconnect
                0x080066ee       0x42 ./Drivers/STM32F4xx_HAL_Driver/Src/stm32f4xx_ll_usb.o
                0x080066ee                USB_DevDisconnect
 .text.USB_ReadInterrupts
                0x08006730       0x26 ./Drivers/STM32F4xx_HAL_Driver/Src/stm32f4xx_ll_usb.o
                0x08006730                USB_ReadInterrupts
 .text.USB_ReadDevAllOutEpInterrupt
                0x08006756       0x34 ./Drivers/STM32F4xx_HAL_Driver/Src/stm32f4xx_ll_usb.o
                0x08006756                USB_ReadDevAllOutEpInterrupt
 .text.USB_ReadDevAllInEpInterrupt
                0x0800678a       0x34 ./Drivers/STM32F4xx_HAL_Driver/Src/stm32f4xx_ll_usb.o
                0x0800678a                USB_ReadDevAllInEpInterrupt
 .text.USB_ReadDevOutEPInterrupt
                0x080067be       0x3c ./Drivers/STM32F4xx_HAL_Driver/Src/stm32f4xx_ll_usb.o
                0x080067be                USB_ReadDevOutEPInterrupt
 .text.USB_ReadDevInEPInterrupt
                0x080067fa       0x5c ./Drivers/STM32F4xx_HAL_Driver/Src/stm32f4xx_ll_usb.o
                0x080067fa                USB_ReadDevInEPInterrupt
 .text.USB_GetMode
                0x08006856       0x1c ./Drivers/STM32F4xx_HAL_Driver/Src/stm32f4xx_ll_usb.o
                0x08006856                USB_GetMode
 .text.USB_ActivateSetup
                0x08006872       0x46 ./Drivers/STM32F4xx_HAL_Driver/Src/stm32f4xx_ll_usb.o
                0x08006872                USB_ActivateSetup
 .text.USB_EP0_OutStart
                0x080068b8       0xbc ./Drivers/STM32F4xx_HAL_Driver/Src/stm32f4xx_ll_usb.o
                0x080068b8                USB_EP0_OutStart
 .text.USB_CoreReset
                0x08006974       0x70 ./Drivers/STM32F4xx_HAL_Driver/Src/stm32f4xx_ll_usb.o
 .text.MX_FATFS_Init
                0x080069e4       0x24 ./FATFS/App/fatfs.o
                0x080069e4                MX_FATFS_Init
 .text.get_fattime
                0x08006a08       0x10 ./FATFS/App/fatfs.o
                0x08006a08                get_fattime
 .text.USER_initialize
                0x08006a18       0x1e ./FATFS/Target/user_diskio.o
                0x08006a18                USER_initialize
 .text.USER_status
                0x08006a36       0x1e ./FATFS/Target/user_diskio.o
                0x08006a36                USER_status
 .text.USER_read
                0x08006a54       0x28 ./FATFS/Target/user_diskio.o
                0x08006a54                USER_read
 .text.USER_write
                0x08006a7c       0x28 ./FATFS/Target/user_diskio.o
                0x08006a7c                USER_write
 .text.USER_ioctl
                0x08006aa4       0x28 ./FATFS/Target/user_diskio.o
                0x08006aa4                USER_ioctl
 .text.USBD_MSC_Init
                0x08006acc      0x120 ./Middlewares/ST/STM32_USB_Device_Library/Class/MSC/Src/usbd_msc.o
                0x08006acc                USBD_MSC_Init
 .text.USBD_MSC_DeInit
                0x08006bec       0xb0 ./Middlewares/ST/STM32_USB_Device_Library/Class/MSC/Src/usbd_msc.o
                0x08006bec                USBD_MSC_DeInit
 .text.USBD_MSC_Setup
                0x08006c9c      0x200 ./Middlewares/ST/STM32_USB_Device_Library/Class/MSC/Src/usbd_msc.o
                0x08006c9c                USBD_MSC_Setup
 .text.USBD_MSC_DataIn
                0x08006e9c       0x20 ./Middlewares/ST/STM32_USB_Device_Library/Class/MSC/Src/usbd_msc.o
                0x08006e9c                USBD_MSC_DataIn
 .text.USBD_MSC_DataOut
                0x08006ebc       0x20 ./Middlewares/ST/STM32_USB_Device_Library/Class/MSC/Src/usbd_msc.o
                0x08006ebc                USBD_MSC_DataOut
 .text.USBD_MSC_GetHSCfgDesc
                0x08006edc       0x58 ./Middlewares/ST/STM32_USB_Device_Library/Class/MSC/Src/usbd_msc.o
                0x08006edc                USBD_MSC_GetHSCfgDesc
 .text.USBD_MSC_GetFSCfgDesc
                0x08006f34       0x58 ./Middlewares/ST/STM32_USB_Device_Library/Class/MSC/Src/usbd_msc.o
                0x08006f34                USBD_MSC_GetFSCfgDesc
 .text.USBD_MSC_GetOtherSpeedCfgDesc
                0x08006f8c       0x58 ./Middlewares/ST/STM32_USB_Device_Library/Class/MSC/Src/usbd_msc.o
                0x08006f8c                USBD_MSC_GetOtherSpeedCfgDesc
 .text.USBD_MSC_GetDeviceQualifierDescriptor
                0x08006fe4       0x20 ./Middlewares/ST/STM32_USB_Device_Library/Class/MSC/Src/usbd_msc.o
                0x08006fe4                USBD_MSC_GetDeviceQualifierDescriptor
 .text.USBD_MSC_RegisterStorage
                0x08007004       0x34 ./Middlewares/ST/STM32_USB_Device_Library/Class/MSC/Src/usbd_msc.o
                0x08007004                USBD_MSC_RegisterStorage
 .text.MSC_BOT_Init
                0x08007038       0x94 ./Middlewares/ST/STM32_USB_Device_Library/Class/MSC/Src/usbd_msc_bot.o
                0x08007038                MSC_BOT_Init
 .text.MSC_BOT_Reset
                0x080070cc       0x68 ./Middlewares/ST/STM32_USB_Device_Library/Class/MSC/Src/usbd_msc_bot.o
                0x080070cc                MSC_BOT_Reset
 .text.MSC_BOT_DeInit
                0x08007134       0x30 ./Middlewares/ST/STM32_USB_Device_Library/Class/MSC/Src/usbd_msc_bot.o
                0x08007134                MSC_BOT_DeInit
 .text.MSC_BOT_DataIn
                0x08007164       0x74 ./Middlewares/ST/STM32_USB_Device_Library/Class/MSC/Src/usbd_msc_bot.o
                0x08007164                MSC_BOT_DataIn
 .text.MSC_BOT_DataOut
                0x080071d8       0x68 ./Middlewares/ST/STM32_USB_Device_Library/Class/MSC/Src/usbd_msc_bot.o
                0x080071d8                MSC_BOT_DataOut
 .text.MSC_BOT_CBW_Decode
                0x08007240      0x12c ./Middlewares/ST/STM32_USB_Device_Library/Class/MSC/Src/usbd_msc_bot.o
 .text.MSC_BOT_SendData
                0x0800736c       0x6c ./Middlewares/ST/STM32_USB_Device_Library/Class/MSC/Src/usbd_msc_bot.o
 .text.MSC_BOT_SendCSW
                0x080073d8       0x74 ./Middlewares/ST/STM32_USB_Device_Library/Class/MSC/Src/usbd_msc_bot.o
                0x080073d8                MSC_BOT_SendCSW
 .text.MSC_BOT_Abort
                0x0800744c       0x84 ./Middlewares/ST/STM32_USB_Device_Library/Class/MSC/Src/usbd_msc_bot.o
 .text.MSC_BOT_CplClrFeature
                0x080074d0       0x74 ./Middlewares/ST/STM32_USB_Device_Library/Class/MSC/Src/usbd_msc_bot.o
                0x080074d0                MSC_BOT_CplClrFeature
 .text.SCSI_ProcessCmd
                0x08007544      0x354 ./Middlewares/ST/STM32_USB_Device_Library/Class/MSC/Src/usbd_msc_scsi.o
                0x08007544                SCSI_ProcessCmd
 .text.SCSI_TestUnitReady
                0x08007898       0xb2 ./Middlewares/ST/STM32_USB_Device_Library/Class/MSC/Src/usbd_msc_scsi.o
 *fill*         0x0800794a        0x2 
 .text.SCSI_Inquiry
                0x0800794c       0xf8 ./Middlewares/ST/STM32_USB_Device_Library/Class/MSC/Src/usbd_msc_scsi.o
 .text.SCSI_ReadCapacity10
                0x08007a44       0xf4 ./Middlewares/ST/STM32_USB_Device_Library/Class/MSC/Src/usbd_msc_scsi.o
 .text.SCSI_ReadCapacity16
                0x08007b38      0x160 ./Middlewares/ST/STM32_USB_Device_Library/Class/MSC/Src/usbd_msc_scsi.o
 .text.SCSI_ReadFormatCapacity
                0x08007c98       0xf6 ./Middlewares/ST/STM32_USB_Device_Library/Class/MSC/Src/usbd_msc_scsi.o
 *fill*         0x08007d8e        0x2 
 .text.SCSI_ModeSense6
                0x08007d90       0xa0 ./Middlewares/ST/STM32_USB_Device_Library/Class/MSC/Src/usbd_msc_scsi.o
 .text.SCSI_ModeSense10
                0x08007e30       0x9c ./Middlewares/ST/STM32_USB_Device_Library/Class/MSC/Src/usbd_msc_scsi.o
 .text.SCSI_RequestSense
                0x08007ecc      0x106 ./Middlewares/ST/STM32_USB_Device_Library/Class/MSC/Src/usbd_msc_scsi.o
 .text.SCSI_SenseCode
                0x08007fd2       0x96 ./Middlewares/ST/STM32_USB_Device_Library/Class/MSC/Src/usbd_msc_scsi.o
                0x08007fd2                SCSI_SenseCode
 .text.SCSI_StartStopUnit
                0x08008068       0xaa ./Middlewares/ST/STM32_USB_Device_Library/Class/MSC/Src/usbd_msc_scsi.o
 .text.SCSI_AllowPreventRemovable
                0x08008112       0x5a ./Middlewares/ST/STM32_USB_Device_Library/Class/MSC/Src/usbd_msc_scsi.o
 .text.SCSI_Read10
                0x0800816c      0x154 ./Middlewares/ST/STM32_USB_Device_Library/Class/MSC/Src/usbd_msc_scsi.o
 .text.SCSI_Read12
                0x080082c0      0x16a ./Middlewares/ST/STM32_USB_Device_Library/Class/MSC/Src/usbd_msc_scsi.o
 *fill*         0x0800842a        0x2 
 .text.SCSI_Write10
                0x0800842c      0x1b0 ./Middlewares/ST/STM32_USB_Device_Library/Class/MSC/Src/usbd_msc_scsi.o
 .text.SCSI_Write12
                0x080085dc      0x1d0 ./Middlewares/ST/STM32_USB_Device_Library/Class/MSC/Src/usbd_msc_scsi.o
 .text.SCSI_Verify10
                0x080087ac       0x84 ./Middlewares/ST/STM32_USB_Device_Library/Class/MSC/Src/usbd_msc_scsi.o
 .text.SCSI_ReportLuns
                0x08008830       0xac ./Middlewares/ST/STM32_USB_Device_Library/Class/MSC/Src/usbd_msc_scsi.o
 .text.SCSI_ReceiveDiagnosticResults
                0x080088dc       0x64 ./Middlewares/ST/STM32_USB_Device_Library/Class/MSC/Src/usbd_msc_scsi.o
 .text.SCSI_CheckAddressRange
                0x08008940       0x64 ./Middlewares/ST/STM32_USB_Device_Library/Class/MSC/Src/usbd_msc_scsi.o
 .text.SCSI_ProcessRead
                0x080089a4      0x104 ./Middlewares/ST/STM32_USB_Device_Library/Class/MSC/Src/usbd_msc_scsi.o
 .text.SCSI_ProcessWrite
                0x08008aa8      0x120 ./Middlewares/ST/STM32_USB_Device_Library/Class/MSC/Src/usbd_msc_scsi.o
 .text.SCSI_UpdateBotData
                0x08008bc8       0x52 ./Middlewares/ST/STM32_USB_Device_Library/Class/MSC/Src/usbd_msc_scsi.o
 .text.USBD_Init
                0x08008c1a       0x60 ./Middlewares/ST/STM32_USB_Device_Library/Core/Src/usbd_core.o
                0x08008c1a                USBD_Init
 .text.USBD_RegisterClass
                0x08008c7a       0x6c ./Middlewares/ST/STM32_USB_Device_Library/Core/Src/usbd_core.o
                0x08008c7a                USBD_RegisterClass
 .text.USBD_Start
                0x08008ce6       0x18 ./Middlewares/ST/STM32_USB_Device_Library/Core/Src/usbd_core.o
                0x08008ce6                USBD_Start
 .text.USBD_RunTestMode
                0x08008cfe       0x16 ./Middlewares/ST/STM32_USB_Device_Library/Core/Src/usbd_core.o
                0x08008cfe                USBD_RunTestMode
 .text.USBD_SetClassConfig
                0x08008d14       0x38 ./Middlewares/ST/STM32_USB_Device_Library/Core/Src/usbd_core.o
                0x08008d14                USBD_SetClassConfig
 .text.USBD_ClrClassConfig
                0x08008d4c       0x34 ./Middlewares/ST/STM32_USB_Device_Library/Core/Src/usbd_core.o
                0x08008d4c                USBD_ClrClassConfig
 .text.USBD_LL_SetupStage
                0x08008d80       0xaa ./Middlewares/ST/STM32_USB_Device_Library/Core/Src/usbd_core.o
                0x08008d80                USBD_LL_SetupStage
 .text.USBD_LL_DataOutStage
                0x08008e2a      0x178 ./Middlewares/ST/STM32_USB_Device_Library/Core/Src/usbd_core.o
                0x08008e2a                USBD_LL_DataOutStage
 .text.USBD_LL_DataInStage
                0x08008fa2      0x176 ./Middlewares/ST/STM32_USB_Device_Library/Core/Src/usbd_core.o
                0x08008fa2                USBD_LL_DataInStage
 .text.USBD_LL_Reset
                0x08009118       0xa6 ./Middlewares/ST/STM32_USB_Device_Library/Core/Src/usbd_core.o
                0x08009118                USBD_LL_Reset
 .text.USBD_LL_SetSpeed
                0x080091be       0x20 ./Middlewares/ST/STM32_USB_Device_Library/Core/Src/usbd_core.o
                0x080091be                USBD_LL_SetSpeed
 .text.USBD_LL_Suspend
                0x080091de       0x38 ./Middlewares/ST/STM32_USB_Device_Library/Core/Src/usbd_core.o
                0x080091de                USBD_LL_Suspend
 .text.USBD_LL_Resume
                0x08009216       0x30 ./Middlewares/ST/STM32_USB_Device_Library/Core/Src/usbd_core.o
                0x08009216                USBD_LL_Resume
 .text.USBD_LL_SOF
                0x08009246       0x40 ./Middlewares/ST/STM32_USB_Device_Library/Core/Src/usbd_core.o
                0x08009246                USBD_LL_SOF
 .text.USBD_LL_IsoINIncomplete
                0x08009286       0x64 ./Middlewares/ST/STM32_USB_Device_Library/Core/Src/usbd_core.o
                0x08009286                USBD_LL_IsoINIncomplete
 .text.USBD_LL_IsoOUTIncomplete
                0x080092ea       0x64 ./Middlewares/ST/STM32_USB_Device_Library/Core/Src/usbd_core.o
                0x080092ea                USBD_LL_IsoOUTIncomplete
 .text.USBD_LL_DevConnected
                0x0800934e       0x16 ./Middlewares/ST/STM32_USB_Device_Library/Core/Src/usbd_core.o
                0x0800934e                USBD_LL_DevConnected
 .text.USBD_LL_DevDisconnected
                0x08009364       0x46 ./Middlewares/ST/STM32_USB_Device_Library/Core/Src/usbd_core.o
                0x08009364                USBD_LL_DevDisconnected
 .text.USBD_CoreFindIF
                0x080093aa       0x1a ./Middlewares/ST/STM32_USB_Device_Library/Core/Src/usbd_core.o
                0x080093aa                USBD_CoreFindIF
 .text.USBD_CoreFindEP
                0x080093c4       0x1a ./Middlewares/ST/STM32_USB_Device_Library/Core/Src/usbd_core.o
                0x080093c4                USBD_CoreFindEP
 .text.USBD_GetEpDesc
                0x080093de       0x70 ./Middlewares/ST/STM32_USB_Device_Library/Core/Src/usbd_core.o
                0x080093de                USBD_GetEpDesc
 .text.USBD_GetNextDesc
                0x0800944e       0x38 ./Middlewares/ST/STM32_USB_Device_Library/Core/Src/usbd_core.o
                0x0800944e                USBD_GetNextDesc
 .text.SWAPBYTE
                0x08009486       0x3c ./Middlewares/ST/STM32_USB_Device_Library/Core/Src/usbd_ctlreq.o
 *fill*         0x080094c2        0x2 
 .text.USBD_StdDevReq
                0x080094c4       0xe4 ./Middlewares/ST/STM32_USB_Device_Library/Core/Src/usbd_ctlreq.o
                0x080094c4                USBD_StdDevReq
 .text.USBD_StdItfReq
                0x080095a8       0xd8 ./Middlewares/ST/STM32_USB_Device_Library/Core/Src/usbd_ctlreq.o
                0x080095a8                USBD_StdItfReq
 .text.USBD_StdEPReq
                0x08009680      0x33e ./Middlewares/ST/STM32_USB_Device_Library/Core/Src/usbd_ctlreq.o
                0x08009680                USBD_StdEPReq
 *fill*         0x080099be        0x2 
 .text.USBD_GetDescriptor
                0x080099c0      0x2d4 ./Middlewares/ST/STM32_USB_Device_Library/Core/Src/usbd_ctlreq.o
 .text.USBD_SetAddress
                0x08009c94       0x88 ./Middlewares/ST/STM32_USB_Device_Library/Core/Src/usbd_ctlreq.o
 .text.USBD_SetConfig
                0x08009d1c      0x154 ./Middlewares/ST/STM32_USB_Device_Library/Core/Src/usbd_ctlreq.o
 .text.USBD_GetConfig
                0x08009e70       0x6c ./Middlewares/ST/STM32_USB_Device_Library/Core/Src/usbd_ctlreq.o
 .text.USBD_GetStatus
                0x08009edc       0x68 ./Middlewares/ST/STM32_USB_Device_Library/Core/Src/usbd_ctlreq.o
 .text.USBD_SetFeature
                0x08009f44       0x52 ./Middlewares/ST/STM32_USB_Device_Library/Core/Src/usbd_ctlreq.o
 .text.USBD_ClrFeature
                0x08009f96       0x44 ./Middlewares/ST/STM32_USB_Device_Library/Core/Src/usbd_ctlreq.o
 .text.USBD_ParseSetupRequest
                0x08009fda       0x74 ./Middlewares/ST/STM32_USB_Device_Library/Core/Src/usbd_ctlreq.o
                0x08009fda                USBD_ParseSetupRequest
 .text.USBD_CtlError
                0x0800a04e       0x22 ./Middlewares/ST/STM32_USB_Device_Library/Core/Src/usbd_ctlreq.o
                0x0800a04e                USBD_CtlError
 .text.USBD_GetString
                0x0800a070       0xa4 ./Middlewares/ST/STM32_USB_Device_Library/Core/Src/usbd_ctlreq.o
                0x0800a070                USBD_GetString
 .text.USBD_GetLen
                0x0800a114       0x34 ./Middlewares/ST/STM32_USB_Device_Library/Core/Src/usbd_ctlreq.o
 .text.USBD_CtlSendData
                0x0800a148       0x3c ./Middlewares/ST/STM32_USB_Device_Library/Core/Src/usbd_ioreq.o
                0x0800a148                USBD_CtlSendData
 .text.USBD_CtlContinueSendData
                0x0800a184       0x22 ./Middlewares/ST/STM32_USB_Device_Library/Core/Src/usbd_ioreq.o
                0x0800a184                USBD_CtlContinueSendData
 .text.USBD_CtlContinueRx
                0x0800a1a6       0x22 ./Middlewares/ST/STM32_USB_Device_Library/Core/Src/usbd_ioreq.o
                0x0800a1a6                USBD_CtlContinueRx
 .text.USBD_CtlSendStatus
                0x0800a1c8       0x26 ./Middlewares/ST/STM32_USB_Device_Library/Core/Src/usbd_ioreq.o
                0x0800a1c8                USBD_CtlSendStatus
 .text.USBD_CtlReceiveStatus
                0x0800a1ee       0x26 ./Middlewares/ST/STM32_USB_Device_Library/Core/Src/usbd_ioreq.o
                0x0800a1ee                USBD_CtlReceiveStatus
 .text.disk_status
                0x0800a214       0x34 ./Middlewares/Third_Party/FatFs/src/diskio.o
                0x0800a214                disk_status
 .text.disk_initialize
                0x0800a248       0x50 ./Middlewares/Third_Party/FatFs/src/diskio.o
                0x0800a248                disk_initialize
 .text.disk_read
                0x0800a298       0x40 ./Middlewares/Third_Party/FatFs/src/diskio.o
                0x0800a298                disk_read
 .text.disk_write
                0x0800a2d8       0x40 ./Middlewares/Third_Party/FatFs/src/diskio.o
                0x0800a2d8                disk_write
 .text.disk_ioctl
                0x0800a318       0x3c ./Middlewares/Third_Party/FatFs/src/diskio.o
                0x0800a318                disk_ioctl
 .text.ld_word  0x0800a354       0x30 ./Middlewares/Third_Party/FatFs/src/ff.o
 .text.ld_dword
                0x0800a384       0x46 ./Middlewares/Third_Party/FatFs/src/ff.o
 .text.st_word  0x0800a3ca       0x36 ./Middlewares/Third_Party/FatFs/src/ff.o
 .text.st_dword
                0x0800a400       0x58 ./Middlewares/Third_Party/FatFs/src/ff.o
 .text.mem_cpy  0x0800a458       0x42 ./Middlewares/Third_Party/FatFs/src/ff.o
 .text.mem_set  0x0800a49a       0x36 ./Middlewares/Third_Party/FatFs/src/ff.o
 .text.mem_cmp  0x0800a4d0       0x4e ./Middlewares/Third_Party/FatFs/src/ff.o
 .text.chk_chr  0x0800a51e       0x36 ./Middlewares/Third_Party/FatFs/src/ff.o
 .text.chk_lock
                0x0800a554       0xb8 ./Middlewares/Third_Party/FatFs/src/ff.o
 .text.enq_lock
                0x0800a60c       0x44 ./Middlewares/Third_Party/FatFs/src/ff.o
 .text.inc_lock
                0x0800a650      0x11c ./Middlewares/Third_Party/FatFs/src/ff.o
 .text.dec_lock
                0x0800a76c       0x78 ./Middlewares/Third_Party/FatFs/src/ff.o
 .text.clear_lock
                0x0800a7e4       0x48 ./Middlewares/Third_Party/FatFs/src/ff.o
 .text.sync_window
                0x0800a82c       0x88 ./Middlewares/Third_Party/FatFs/src/ff.o
 .text.move_window
                0x0800a8b4       0x5a ./Middlewares/Third_Party/FatFs/src/ff.o
 *fill*         0x0800a90e        0x2 
 .text.sync_fs  0x0800a910       0xe0 ./Middlewares/Third_Party/FatFs/src/ff.o
 .text.clust2sect
                0x0800a9f0       0x3e ./Middlewares/Third_Party/FatFs/src/ff.o
 .text.get_fat  0x0800aa2e      0x1a6 ./Middlewares/Third_Party/FatFs/src/ff.o
 .text.put_fat  0x0800abd4      0x234 ./Middlewares/Third_Party/FatFs/src/ff.o
 .text.remove_chain
                0x0800ae08       0xca ./Middlewares/Third_Party/FatFs/src/ff.o
 .text.create_chain
                0x0800aed2      0x130 ./Middlewares/Third_Party/FatFs/src/ff.o
 .text.clmt_clust
                0x0800b002       0x70 ./Middlewares/Third_Party/FatFs/src/ff.o
 .text.dir_sdi  0x0800b072      0x112 ./Middlewares/Third_Party/FatFs/src/ff.o
 .text.dir_next
                0x0800b184      0x1ac ./Middlewares/Third_Party/FatFs/src/ff.o
 .text.dir_alloc
                0x0800b330       0x8e ./Middlewares/Third_Party/FatFs/src/ff.o
 .text.ld_clust
                0x0800b3be       0x3e ./Middlewares/Third_Party/FatFs/src/ff.o
 .text.st_clust
                0x0800b3fc       0x40 ./Middlewares/Third_Party/FatFs/src/ff.o
 .text.cmp_lfn  0x0800b43c       0xe0 ./Middlewares/Third_Party/FatFs/src/ff.o
 .text.pick_lfn
                0x0800b51c       0xc8 ./Middlewares/Third_Party/FatFs/src/ff.o
 .text.put_lfn  0x0800b5e4       0xd0 ./Middlewares/Third_Party/FatFs/src/ff.o
 .text.gen_numname
                0x0800b6b4      0x11c ./Middlewares/Third_Party/FatFs/src/ff.o
 .text.sum_sfn  0x0800b7d0       0x42 ./Middlewares/Third_Party/FatFs/src/ff.o
 .text.dir_read
                0x0800b812      0x14e ./Middlewares/Third_Party/FatFs/src/ff.o
 .text.dir_find
                0x0800b960      0x180 ./Middlewares/Third_Party/FatFs/src/ff.o
 .text.dir_register
                0x0800bae0      0x1f0 ./Middlewares/Third_Party/FatFs/src/ff.o
 .text.dir_remove
                0x0800bcd0       0x94 ./Middlewares/Third_Party/FatFs/src/ff.o
 .text.create_name
                0x0800bd64      0x370 ./Middlewares/Third_Party/FatFs/src/ff.o
 .text.follow_path
                0x0800c0d4       0xec ./Middlewares/Third_Party/FatFs/src/ff.o
 .text.get_ldnumber
                0x0800c1c0       0x88 ./Middlewares/Third_Party/FatFs/src/ff.o
 .text.check_fs
                0x0800c248       0xac ./Middlewares/Third_Party/FatFs/src/ff.o
 .text.find_volume
                0x0800c2f4      0x50c ./Middlewares/Third_Party/FatFs/src/ff.o
 .text.validate
                0x0800c800       0x6a ./Middlewares/Third_Party/FatFs/src/ff.o
 *fill*         0x0800c86a        0x2 
 .text.f_mount  0x0800c86c       0x8c ./Middlewares/Third_Party/FatFs/src/ff.o
                0x0800c86c                f_mount
 .text.f_open   0x0800c8f8      0x390 ./Middlewares/Third_Party/FatFs/src/ff.o
                0x0800c8f8                f_open
 .text.f_read   0x0800cc88      0x2be ./Middlewares/Third_Party/FatFs/src/ff.o
                0x0800cc88                f_read
 .text.f_write  0x0800cf46      0x328 ./Middlewares/Third_Party/FatFs/src/ff.o
                0x0800cf46                f_write
 .text.f_sync   0x0800d26e       0xfc ./Middlewares/Third_Party/FatFs/src/ff.o
                0x0800d26e                f_sync
 .text.f_close  0x0800d36a       0x54 ./Middlewares/Third_Party/FatFs/src/ff.o
                0x0800d36a                f_close
 .text.f_lseek  0x0800d3be      0x448 ./Middlewares/Third_Party/FatFs/src/ff.o
                0x0800d3be                f_lseek
 .text.f_getfree
                0x0800d806      0x16a ./Middlewares/Third_Party/FatFs/src/ff.o
                0x0800d806                f_getfree
 .text.f_unlink
                0x0800d970      0x156 ./Middlewares/Third_Party/FatFs/src/ff.o
                0x0800d970                f_unlink
 .text.f_gets   0x0800dac6       0x7c ./Middlewares/Third_Party/FatFs/src/ff.o
                0x0800dac6                f_gets
 .text.putc_bfd
                0x0800db42       0x7a ./Middlewares/Third_Party/FatFs/src/ff.o
 .text.putc_flush
                0x0800dbbc       0x4a ./Middlewares/Third_Party/FatFs/src/ff.o
 .text.putc_init
                0x0800dc06       0x2a ./Middlewares/Third_Party/FatFs/src/ff.o
 .text.f_puts   0x0800dc30       0x48 ./Middlewares/Third_Party/FatFs/src/ff.o
                0x0800dc30                f_puts
 .text.FATFS_LinkDriverEx
                0x0800dc78       0x98 ./Middlewares/Third_Party/FatFs/src/ff_gen_drv.o
                0x0800dc78                FATFS_LinkDriverEx
 .text.FATFS_LinkDriver
                0x0800dd10       0x1e ./Middlewares/Third_Party/FatFs/src/ff_gen_drv.o
                0x0800dd10                FATFS_LinkDriver
 *fill*         0x0800dd2e        0x2 
 .text.ff_convert
                0x0800dd30       0x78 ./Middlewares/Third_Party/FatFs/src/option/ccsbcs.o
                0x0800dd30                ff_convert
 .text.ff_wtoupper
                0x0800dda8      0x114 ./Middlewares/Third_Party/FatFs/src/option/ccsbcs.o
                0x0800dda8                ff_wtoupper
 .text.MX_USB_DEVICE_Init
                0x0800debc       0x60 ./USB_DEVICE/App/usb_device.o
                0x0800debc                MX_USB_DEVICE_Init
 .text.USBD_FS_DeviceDescriptor
                0x0800df1c       0x24 ./USB_DEVICE/App/usbd_desc.o
                0x0800df1c                USBD_FS_DeviceDescriptor
 .text.USBD_FS_LangIDStrDescriptor
                0x0800df40       0x24 ./USB_DEVICE/App/usbd_desc.o
                0x0800df40                USBD_FS_LangIDStrDescriptor
 .text.USBD_FS_ProductStrDescriptor
                0x0800df64       0x3c ./USB_DEVICE/App/usbd_desc.o
                0x0800df64                USBD_FS_ProductStrDescriptor
 .text.USBD_FS_ManufacturerStrDescriptor
                0x0800dfa0       0x28 ./USB_DEVICE/App/usbd_desc.o
                0x0800dfa0                USBD_FS_ManufacturerStrDescriptor
 .text.USBD_FS_SerialStrDescriptor
                0x0800dfc8       0x24 ./USB_DEVICE/App/usbd_desc.o
                0x0800dfc8                USBD_FS_SerialStrDescriptor
 .text.USBD_FS_ConfigStrDescriptor
                0x0800dfec       0x3c ./USB_DEVICE/App/usbd_desc.o
                0x0800dfec                USBD_FS_ConfigStrDescriptor
 .text.USBD_FS_InterfaceStrDescriptor
                0x0800e028       0x3c ./USB_DEVICE/App/usbd_desc.o
                0x0800e028                USBD_FS_InterfaceStrDescriptor
 .text.Get_SerialNum
                0x0800e064       0x58 ./USB_DEVICE/App/usbd_desc.o
 .text.IntToUnicode
                0x0800e0bc       0x7e ./USB_DEVICE/App/usbd_desc.o
 .text.STORAGE_Init_FS
                0x0800e13a       0x18 ./USB_DEVICE/App/usbd_storage_if.o
 .text.STORAGE_GetCapacity_FS
                0x0800e152       0x2c ./USB_DEVICE/App/usbd_storage_if.o
 .text.STORAGE_IsReady_FS
                0x0800e17e       0x18 ./USB_DEVICE/App/usbd_storage_if.o
 .text.STORAGE_IsWriteProtected_FS
                0x0800e196       0x18 ./USB_DEVICE/App/usbd_storage_if.o
 .text.STORAGE_Read_FS
                0x0800e1ae       0x22 ./USB_DEVICE/App/usbd_storage_if.o
 .text.STORAGE_Write_FS
                0x0800e1d0       0x22 ./USB_DEVICE/App/usbd_storage_if.o
 .text.STORAGE_GetMaxLun_FS
                0x0800e1f2       0x10 ./USB_DEVICE/App/usbd_storage_if.o
 *fill*         0x0800e202        0x2 
 .text.HAL_PCD_MspInit
                0x0800e204       0xa8 ./USB_DEVICE/Target/usbd_conf.o
                0x0800e204                HAL_PCD_MspInit
 .text.HAL_PCD_SetupStageCallback
                0x0800e2ac       0x24 ./USB_DEVICE/Target/usbd_conf.o
                0x0800e2ac                HAL_PCD_SetupStageCallback
 .text.HAL_PCD_DataOutStageCallback
                0x0800e2d0       0x36 ./USB_DEVICE/Target/usbd_conf.o
                0x0800e2d0                HAL_PCD_DataOutStageCallback
 .text.HAL_PCD_DataInStageCallback
                0x0800e306       0x34 ./USB_DEVICE/Target/usbd_conf.o
                0x0800e306                HAL_PCD_DataInStageCallback
 .text.HAL_PCD_SOFCallback
                0x0800e33a       0x1c ./USB_DEVICE/Target/usbd_conf.o
                0x0800e33a                HAL_PCD_SOFCallback
 .text.HAL_PCD_ResetCallback
                0x0800e356       0x50 ./USB_DEVICE/Target/usbd_conf.o
                0x0800e356                HAL_PCD_ResetCallback
 *fill*         0x0800e3a6        0x2 
 .text.HAL_PCD_SuspendCallback
                0x0800e3a8       0x4c ./USB_DEVICE/Target/usbd_conf.o
                0x0800e3a8                HAL_PCD_SuspendCallback
 .text.HAL_PCD_ResumeCallback
                0x0800e3f4       0x1c ./USB_DEVICE/Target/usbd_conf.o
                0x0800e3f4                HAL_PCD_ResumeCallback
 .text.HAL_PCD_ISOOUTIncompleteCallback
                0x0800e410       0x24 ./USB_DEVICE/Target/usbd_conf.o
                0x0800e410                HAL_PCD_ISOOUTIncompleteCallback
 .text.HAL_PCD_ISOINIncompleteCallback
                0x0800e434       0x24 ./USB_DEVICE/Target/usbd_conf.o
                0x0800e434                HAL_PCD_ISOINIncompleteCallback
 .text.HAL_PCD_ConnectCallback
                0x0800e458       0x1c ./USB_DEVICE/Target/usbd_conf.o
                0x0800e458                HAL_PCD_ConnectCallback
 .text.HAL_PCD_DisconnectCallback
                0x0800e474       0x1c ./USB_DEVICE/Target/usbd_conf.o
                0x0800e474                HAL_PCD_DisconnectCallback
 .text.USBD_LL_Init
                0x0800e490       0x98 ./USB_DEVICE/Target/usbd_conf.o
                0x0800e490                USBD_LL_Init
 .text.USBD_LL_Start
                0x0800e528       0x36 ./USB_DEVICE/Target/usbd_conf.o
                0x0800e528                USBD_LL_Start
 .text.USBD_LL_OpenEP
                0x0800e55e       0x4c ./USB_DEVICE/Target/usbd_conf.o
                0x0800e55e                USBD_LL_OpenEP
 .text.USBD_LL_CloseEP
                0x0800e5aa       0x3e ./USB_DEVICE/Target/usbd_conf.o
                0x0800e5aa                USBD_LL_CloseEP
 .text.USBD_LL_FlushEP
                0x0800e5e8       0x3e ./USB_DEVICE/Target/usbd_conf.o
                0x0800e5e8                USBD_LL_FlushEP
 .text.USBD_LL_StallEP
                0x0800e626       0x3e ./USB_DEVICE/Target/usbd_conf.o
                0x0800e626                USBD_LL_StallEP
 .text.USBD_LL_ClearStallEP
                0x0800e664       0x3e ./USB_DEVICE/Target/usbd_conf.o
                0x0800e664                USBD_LL_ClearStallEP
 .text.USBD_LL_IsStallEP
                0x0800e6a2       0x58 ./USB_DEVICE/Target/usbd_conf.o
                0x0800e6a2                USBD_LL_IsStallEP
 .text.USBD_LL_SetUSBAddress
                0x0800e6fa       0x3e ./USB_DEVICE/Target/usbd_conf.o
                0x0800e6fa                USBD_LL_SetUSBAddress
 .text.USBD_LL_Transmit
                0x0800e738       0x42 ./USB_DEVICE/Target/usbd_conf.o
                0x0800e738                USBD_LL_Transmit
 .text.USBD_LL_PrepareReceive
                0x0800e77a       0x42 ./USB_DEVICE/Target/usbd_conf.o
                0x0800e77a                USBD_LL_PrepareReceive
 .text.USBD_LL_GetRxDataSize
                0x0800e7bc       0x26 ./USB_DEVICE/Target/usbd_conf.o
                0x0800e7bc                USBD_LL_GetRxDataSize
 *fill*         0x0800e7e2        0x2 
 .text.USBD_static_malloc
                0x0800e7e4       0x1c ./USB_DEVICE/Target/usbd_conf.o
                0x0800e7e4                USBD_static_malloc
 .text.USBD_static_free
                0x0800e800       0x14 ./USB_DEVICE/Target/usbd_conf.o
                0x0800e800                USBD_static_free
 .text.USBD_Get_USB_Status
                0x0800e814       0x58 ./USB_DEVICE/Target/usbd_conf.o
                0x0800e814                USBD_Get_USB_Status
 .text.sprintf  0x0800e86c       0x40 C:/ST/STM32CubeIDE_1.17.0/STM32CubeIDE/plugins/com.st.stm32cube.ide.mcu.externaltools.gnu-tools-for-stm32.12.3.rel1.win32_1.1.0.202410251130/tools/bin/../lib/gcc/arm-none-eabi/12.3.1/../../../../arm-none-eabi/lib/thumb/v7e-m+fp/hard\libc_nano.a(libc_a-sprintf.o)
                0x0800e86c                siprintf
                0x0800e86c                sprintf
 .text.memset   0x0800e8ac       0x10 C:/ST/STM32CubeIDE_1.17.0/STM32CubeIDE/plugins/com.st.stm32cube.ide.mcu.externaltools.gnu-tools-for-stm32.12.3.rel1.win32_1.1.0.202410251130/tools/bin/../lib/gcc/arm-none-eabi/12.3.1/../../../../arm-none-eabi/lib/thumb/v7e-m+fp/hard\libc_nano.a(libc_a-memset.o)
                0x0800e8ac                memset
 .text.__errno  0x0800e8bc        0xc C:/ST/STM32CubeIDE_1.17.0/STM32CubeIDE/plugins/com.st.stm32cube.ide.mcu.externaltools.gnu-tools-for-stm32.12.3.rel1.win32_1.1.0.202410251130/tools/bin/../lib/gcc/arm-none-eabi/12.3.1/../../../../arm-none-eabi/lib/thumb/v7e-m+fp/hard\libc_nano.a(libc_a-errno.o)
                0x0800e8bc                __errno
 .text.__libc_init_array
                0x0800e8c8       0x48 C:/ST/STM32CubeIDE_1.17.0/STM32CubeIDE/plugins/com.st.stm32cube.ide.mcu.externaltools.gnu-tools-for-stm32.12.3.rel1.win32_1.1.0.202410251130/tools/bin/../lib/gcc/arm-none-eabi/12.3.1/../../../../arm-none-eabi/lib/thumb/v7e-m+fp/hard\libc_nano.a(libc_a-init.o)
                0x0800e8c8                __libc_init_array
 .text.__retarget_lock_acquire_recursive
                0x0800e910        0x2 C:/ST/STM32CubeIDE_1.17.0/STM32CubeIDE/plugins/com.st.stm32cube.ide.mcu.externaltools.gnu-tools-for-stm32.12.3.rel1.win32_1.1.0.202410251130/tools/bin/../lib/gcc/arm-none-eabi/12.3.1/../../../../arm-none-eabi/lib/thumb/v7e-m+fp/hard\libc_nano.a(libc_a-lock.o)
                0x0800e910                __retarget_lock_acquire_recursive
 .text.__retarget_lock_release_recursive
                0x0800e912        0x2 C:/ST/STM32CubeIDE_1.17.0/STM32CubeIDE/plugins/com.st.stm32cube.ide.mcu.externaltools.gnu-tools-for-stm32.12.3.rel1.win32_1.1.0.202410251130/tools/bin/../lib/gcc/arm-none-eabi/12.3.1/../../../../arm-none-eabi/lib/thumb/v7e-m+fp/hard\libc_nano.a(libc_a-lock.o)
                0x0800e912                __retarget_lock_release_recursive
 .text._free_r  0x0800e914       0x94 C:/ST/STM32CubeIDE_1.17.0/STM32CubeIDE/plugins/com.st.stm32cube.ide.mcu.externaltools.gnu-tools-for-stm32.12.3.rel1.win32_1.1.0.202410251130/tools/bin/../lib/gcc/arm-none-eabi/12.3.1/../../../../arm-none-eabi/lib/thumb/v7e-m+fp/hard\libc_nano.a(libc_a-freer.o)
                0x0800e914                _free_r
 .text.sbrk_aligned
                0x0800e9a8       0x44 C:/ST/STM32CubeIDE_1.17.0/STM32CubeIDE/plugins/com.st.stm32cube.ide.mcu.externaltools.gnu-tools-for-stm32.12.3.rel1.win32_1.1.0.202410251130/tools/bin/../lib/gcc/arm-none-eabi/12.3.1/../../../../arm-none-eabi/lib/thumb/v7e-m+fp/hard\libc_nano.a(libc_a-mallocr.o)
 .text._malloc_r
                0x0800e9ec      0x100 C:/ST/STM32CubeIDE_1.17.0/STM32CubeIDE/plugins/com.st.stm32cube.ide.mcu.externaltools.gnu-tools-for-stm32.12.3.rel1.win32_1.1.0.202410251130/tools/bin/../lib/gcc/arm-none-eabi/12.3.1/../../../../arm-none-eabi/lib/thumb/v7e-m+fp/hard\libc_nano.a(libc_a-mallocr.o)
                0x0800e9ec                _malloc_r
 .text.__malloc_lock
                0x0800eaec        0xc C:/ST/STM32CubeIDE_1.17.0/STM32CubeIDE/plugins/com.st.stm32cube.ide.mcu.externaltools.gnu-tools-for-stm32.12.3.rel1.win32_1.1.0.202410251130/tools/bin/../lib/gcc/arm-none-eabi/12.3.1/../../../../arm-none-eabi/lib/thumb/v7e-m+fp/hard\libc_nano.a(libc_a-mlock.o)
                0x0800eaec                __malloc_lock
 .text.__malloc_unlock
                0x0800eaf8        0xc C:/ST/STM32CubeIDE_1.17.0/STM32CubeIDE/plugins/com.st.stm32cube.ide.mcu.externaltools.gnu-tools-for-stm32.12.3.rel1.win32_1.1.0.202410251130/tools/bin/../lib/gcc/arm-none-eabi/12.3.1/../../../../arm-none-eabi/lib/thumb/v7e-m+fp/hard\libc_nano.a(libc_a-mlock.o)
                0x0800eaf8                __malloc_unlock
 .text.__ssputs_r
                0x0800eb04       0xb6 C:/ST/STM32CubeIDE_1.17.0/STM32CubeIDE/plugins/com.st.stm32cube.ide.mcu.externaltools.gnu-tools-for-stm32.12.3.rel1.win32_1.1.0.202410251130/tools/bin/../lib/gcc/arm-none-eabi/12.3.1/../../../../arm-none-eabi/lib/thumb/v7e-m+fp/hard\libc_nano.a(libc_a-nano-svfprintf.o)
                0x0800eb04                __ssputs_r
 *fill*         0x0800ebba        0x2 
 .text._svfprintf_r
                0x0800ebbc      0x1f8 C:/ST/STM32CubeIDE_1.17.0/STM32CubeIDE/plugins/com.st.stm32cube.ide.mcu.externaltools.gnu-tools-for-stm32.12.3.rel1.win32_1.1.0.202410251130/tools/bin/../lib/gcc/arm-none-eabi/12.3.1/../../../../arm-none-eabi/lib/thumb/v7e-m+fp/hard\libc_nano.a(libc_a-nano-svfprintf.o)
                0x0800ebbc                _svfiprintf_r
                0x0800ebbc                _svfprintf_r
 .text._printf_common
                0x0800edb4       0xda C:/ST/STM32CubeIDE_1.17.0/STM32CubeIDE/plugins/com.st.stm32cube.ide.mcu.externaltools.gnu-tools-for-stm32.12.3.rel1.win32_1.1.0.202410251130/tools/bin/../lib/gcc/arm-none-eabi/12.3.1/../../../../arm-none-eabi/lib/thumb/v7e-m+fp/hard\libc_nano.a(libc_a-nano-vfprintf_i.o)
                0x0800edb4                _printf_common
 *fill*         0x0800ee8e        0x2 
 .text._printf_i
                0x0800ee90      0x240 C:/ST/STM32CubeIDE_1.17.0/STM32CubeIDE/plugins/com.st.stm32cube.ide.mcu.externaltools.gnu-tools-for-stm32.12.3.rel1.win32_1.1.0.202410251130/tools/bin/../lib/gcc/arm-none-eabi/12.3.1/../../../../arm-none-eabi/lib/thumb/v7e-m+fp/hard\libc_nano.a(libc_a-nano-vfprintf_i.o)
                0x0800ee90                _printf_i
 .text.memmove  0x0800f0d0       0x34 C:/ST/STM32CubeIDE_1.17.0/STM32CubeIDE/plugins/com.st.stm32cube.ide.mcu.externaltools.gnu-tools-for-stm32.12.3.rel1.win32_1.1.0.202410251130/tools/bin/../lib/gcc/arm-none-eabi/12.3.1/../../../../arm-none-eabi/lib/thumb/v7e-m+fp/hard\libc_nano.a(libc_a-memmove.o)
                0x0800f0d0                memmove
 .text._sbrk_r  0x0800f104       0x20 C:/ST/STM32CubeIDE_1.17.0/STM32CubeIDE/plugins/com.st.stm32cube.ide.mcu.externaltools.gnu-tools-for-stm32.12.3.rel1.win32_1.1.0.202410251130/tools/bin/../lib/gcc/arm-none-eabi/12.3.1/../../../../arm-none-eabi/lib/thumb/v7e-m+fp/hard\libc_nano.a(libc_a-sbrkr.o)
                0x0800f104                _sbrk_r
 .text.memcpy   0x0800f124       0x1c C:/ST/STM32CubeIDE_1.17.0/STM32CubeIDE/plugins/com.st.stm32cube.ide.mcu.externaltools.gnu-tools-for-stm32.12.3.rel1.win32_1.1.0.202410251130/tools/bin/../lib/gcc/arm-none-eabi/12.3.1/../../../../arm-none-eabi/lib/thumb/v7e-m+fp/hard\libc_nano.a(libc_a-memcpy-stub.o)
                0x0800f124                memcpy
 .text._realloc_r
                0x0800f140       0x5c C:/ST/STM32CubeIDE_1.17.0/STM32CubeIDE/plugins/com.st.stm32cube.ide.mcu.externaltools.gnu-tools-for-stm32.12.3.rel1.win32_1.1.0.202410251130/tools/bin/../lib/gcc/arm-none-eabi/12.3.1/../../../../arm-none-eabi/lib/thumb/v7e-m+fp/hard\libc_nano.a(libc_a-reallocr.o)
                0x0800f140                _realloc_r
 .text._malloc_usable_size_r
                0x0800f19c       0x10 C:/ST/STM32CubeIDE_1.17.0/STM32CubeIDE/plugins/com.st.stm32cube.ide.mcu.externaltools.gnu-tools-for-stm32.12.3.rel1.win32_1.1.0.202410251130/tools/bin/../lib/gcc/arm-none-eabi/12.3.1/../../../../arm-none-eabi/lib/thumb/v7e-m+fp/hard\libc_nano.a(libc_a-msizer.o)
                0x0800f19c                _malloc_usable_size_r
 *(.glue_7)
 .glue_7        0x0800f1ac        0x0 linker stubs
 *(.glue_7t)
 .glue_7t       0x0800f1ac        0x0 linker stubs
 *(.eh_frame)
 .eh_frame      0x0800f1ac        0x0 C:/ST/STM32CubeIDE_1.17.0/STM32CubeIDE/plugins/com.st.stm32cube.ide.mcu.externaltools.gnu-tools-for-stm32.12.3.rel1.win32_1.1.0.202410251130/tools/bin/../lib/gcc/arm-none-eabi/12.3.1/thumb/v7e-m+fp/hard/crtbegin.o
 *(.init)
 .init          0x0800f1ac        0x4 C:/ST/STM32CubeIDE_1.17.0/STM32CubeIDE/plugins/com.st.stm32cube.ide.mcu.externaltools.gnu-tools-for-stm32.12.3.rel1.win32_1.1.0.202410251130/tools/bin/../lib/gcc/arm-none-eabi/12.3.1/thumb/v7e-m+fp/hard/crti.o
                0x0800f1ac                _init
 .init          0x0800f1b0        0x8 C:/ST/STM32CubeIDE_1.17.0/STM32CubeIDE/plugins/com.st.stm32cube.ide.mcu.externaltools.gnu-tools-for-stm32.12.3.rel1.win32_1.1.0.202410251130/tools/bin/../lib/gcc/arm-none-eabi/12.3.1/thumb/v7e-m+fp/hard/crtn.o
 *(.fini)
 .fini          0x0800f1b8        0x4 C:/ST/STM32CubeIDE_1.17.0/STM32CubeIDE/plugins/com.st.stm32cube.ide.mcu.externaltools.gnu-tools-for-stm32.12.3.rel1.win32_1.1.0.202410251130/tools/bin/../lib/gcc/arm-none-eabi/12.3.1/thumb/v7e-m+fp/hard/crti.o
                0x0800f1b8                _fini
 .fini          0x0800f1bc        0x8 C:/ST/STM32CubeIDE_1.17.0/STM32CubeIDE/plugins/com.st.stm32cube.ide.mcu.externaltools.gnu-tools-for-stm32.12.3.rel1.win32_1.1.0.202410251130/tools/bin/../lib/gcc/arm-none-eabi/12.3.1/thumb/v7e-m+fp/hard/crtn.o
                0x0800f1c4                        . = ALIGN (0x4)
                0x0800f1c4                        _etext = .

.vfp11_veneer   0x0800f1c4        0x0
 .vfp11_veneer  0x0800f1c4        0x0 linker stubs

.v4_bx          0x0800f1c4        0x0
 .v4_bx         0x0800f1c4        0x0 linker stubs

.iplt           0x0800f1c4        0x0
 .iplt          0x0800f1c4        0x0 C:/ST/STM32CubeIDE_1.17.0/STM32CubeIDE/plugins/com.st.stm32cube.ide.mcu.externaltools.gnu-tools-for-stm32.12.3.rel1.win32_1.1.0.202410251130/tools/bin/../lib/gcc/arm-none-eabi/12.3.1/thumb/v7e-m+fp/hard/crtbegin.o

.rodata         0x0800f1c4      0x694
                0x0800f1c4                        . = ALIGN (0x4)
 *(.rodata)
 .rodata        0x0800f1c4      0x157 ./Core/Src/main.o
 *fill*         0x0800f31b        0x1 
 .rodata        0x0800f31c       0x48 ./Middlewares/Third_Party/FatFs/src/ff.o
 .rodata        0x0800f364       0x42 ./USB_DEVICE/App/usbd_desc.o
 *(.rodata*)
 *fill*         0x0800f3a6        0x2 
 .rodata.AHBPrescTable
                0x0800f3a8       0x10 ./Core/Src/system_stm32f4xx.o
                0x0800f3a8                AHBPrescTable
 .rodata.APBPrescTable
                0x0800f3b8        0x8 ./Core/Src/system_stm32f4xx.o
                0x0800f3b8                APBPrescTable
 .rodata.ExCvt  0x0800f3c0       0x80 ./Middlewares/Third_Party/FatFs/src/ff.o
 .rodata.LfnOfs
                0x0800f440        0xd ./Middlewares/Third_Party/FatFs/src/ff.o
 *fill*         0x0800f44d        0x3 
 .rodata.Tbl    0x0800f450      0x100 ./Middlewares/Third_Party/FatFs/src/option/ccsbcs.o
 .rodata.cvt1.1
                0x0800f550      0x1f2 ./Middlewares/Third_Party/FatFs/src/option/ccsbcs.o
 *fill*         0x0800f742        0x2 
 .rodata.cvt2.0
                0x0800f744       0xbc ./Middlewares/Third_Party/FatFs/src/option/ccsbcs.o
 .rodata.STORAGE_Inquirydata_FS
                0x0800f800       0x24 ./USB_DEVICE/App/usbd_storage_if.o
                0x0800f800                STORAGE_Inquirydata_FS
 .rodata._svfprintf_r.str1.1
                0x0800f824       0x11 C:/ST/STM32CubeIDE_1.17.0/STM32CubeIDE/plugins/com.st.stm32cube.ide.mcu.externaltools.gnu-tools-for-stm32.12.3.rel1.win32_1.1.0.202410251130/tools/bin/../lib/gcc/arm-none-eabi/12.3.1/../../../../arm-none-eabi/lib/thumb/v7e-m+fp/hard\libc_nano.a(libc_a-nano-svfprintf.o)
 .rodata._printf_i.str1.1
                0x0800f835       0x22 C:/ST/STM32CubeIDE_1.17.0/STM32CubeIDE/plugins/com.st.stm32cube.ide.mcu.externaltools.gnu-tools-for-stm32.12.3.rel1.win32_1.1.0.202410251130/tools/bin/../lib/gcc/arm-none-eabi/12.3.1/../../../../arm-none-eabi/lib/thumb/v7e-m+fp/hard\libc_nano.a(libc_a-nano-vfprintf_i.o)
                0x0800f858                        . = ALIGN (0x4)
 *fill*         0x0800f857        0x1 

.ARM.extab      0x0800f858        0x0
                0x0800f858                        . = ALIGN (0x4)
 *(.ARM.extab* .gnu.linkonce.armextab.*)
                0x0800f858                        . = ALIGN (0x4)

.ARM            0x0800f858        0x8
                0x0800f858                        . = ALIGN (0x4)
                0x0800f858                        __exidx_start = .
 *(.ARM.exidx*)
 .ARM.exidx     0x0800f858        0x8 C:/ST/STM32CubeIDE_1.17.0/STM32CubeIDE/plugins/com.st.stm32cube.ide.mcu.externaltools.gnu-tools-for-stm32.12.3.rel1.win32_1.1.0.202410251130/tools/bin/../lib/gcc/arm-none-eabi/12.3.1/../../../../arm-none-eabi/lib/thumb/v7e-m+fp/hard\libc_nano.a(libc_a-strlen.o)
 .ARM.exidx     0x0800f860        0x0 C:/ST/STM32CubeIDE_1.17.0/STM32CubeIDE/plugins/com.st.stm32cube.ide.mcu.externaltools.gnu-tools-for-stm32.12.3.rel1.win32_1.1.0.202410251130/tools/bin/../lib/gcc/arm-none-eabi/12.3.1/../../../../arm-none-eabi/lib/thumb/v7e-m+fp/hard\libc_nano.a(libc_a-memchr.o)
                                  0x8 (size before relaxing)
 .ARM.exidx     0x0800f860        0x0 C:/ST/STM32CubeIDE_1.17.0/STM32CubeIDE/plugins/com.st.stm32cube.ide.mcu.externaltools.gnu-tools-for-stm32.12.3.rel1.win32_1.1.0.202410251130/tools/bin/../lib/gcc/arm-none-eabi/12.3.1/thumb/v7e-m+fp/hard\libgcc.a(_udivmoddi4.o)
                                  0x8 (size before relaxing)
                0x0800f860                        __exidx_end = .
                0x0800f860                        . = ALIGN (0x4)

.preinit_array  0x0800f860        0x0
                0x0800f860                        . = ALIGN (0x4)
                0x0800f860                        PROVIDE (__preinit_array_start = .)
 *(.preinit_array*)
                0x0800f860                        PROVIDE (__preinit_array_end = .)
                0x0800f860                        . = ALIGN (0x4)

.init_array     0x0800f860        0x4
                0x0800f860                        . = ALIGN (0x4)
                0x0800f860                        PROVIDE (__init_array_start = .)
 *(SORT_BY_NAME(.init_array.*))
 *(.init_array*)
 .init_array    0x0800f860        0x4 C:/ST/STM32CubeIDE_1.17.0/STM32CubeIDE/plugins/com.st.stm32cube.ide.mcu.externaltools.gnu-tools-for-stm32.12.3.rel1.win32_1.1.0.202410251130/tools/bin/../lib/gcc/arm-none-eabi/12.3.1/thumb/v7e-m+fp/hard/crtbegin.o
                0x0800f864                        PROVIDE (__init_array_end = .)
                0x0800f864                        . = ALIGN (0x4)

.fini_array     0x0800f864        0x4
                0x0800f864                        . = ALIGN (0x4)
                [!provide]                        PROVIDE (__fini_array_start = .)
 *(SORT_BY_NAME(.fini_array.*))
 *(.fini_array*)
 .fini_array    0x0800f864        0x4 C:/ST/STM32CubeIDE_1.17.0/STM32CubeIDE/plugins/com.st.stm32cube.ide.mcu.externaltools.gnu-tools-for-stm32.12.3.rel1.win32_1.1.0.202410251130/tools/bin/../lib/gcc/arm-none-eabi/12.3.1/thumb/v7e-m+fp/hard/crtbegin.o
                [!provide]                        PROVIDE (__fini_array_end = .)
                0x0800f868                        . = ALIGN (0x4)
                0x0800f868                        _sidata = LOADADDR (.data)

.rel.dyn        0x0800f868        0x0
 .rel.iplt      0x0800f868        0x0 C:/ST/STM32CubeIDE_1.17.0/STM32CubeIDE/plugins/com.st.stm32cube.ide.mcu.externaltools.gnu-tools-for-stm32.12.3.rel1.win32_1.1.0.202410251130/tools/bin/../lib/gcc/arm-none-eabi/12.3.1/thumb/v7e-m+fp/hard/crtbegin.o

.data           0x20000000      0x164 load address 0x0800f868
                0x20000000                        . = ALIGN (0x4)
                0x20000000                        _sdata = .
 *(.data)
 *(.data*)
 .data.Stat     0x20000000        0x1 ./Core/Src/fatfs_sd.o
 *fill*         0x20000001        0x3 
 .data.SystemCoreClock
                0x20000004        0x4 ./Core/Src/system_stm32f4xx.o
                0x20000004                SystemCoreClock
 .data.uwTickPrio
                0x20000008        0x4 ./Drivers/STM32F4xx_HAL_Driver/Src/stm32f4xx_hal.o
                0x20000008                uwTickPrio
 .data.uwTickFreq
                0x2000000c        0x1 ./Drivers/STM32F4xx_HAL_Driver/Src/stm32f4xx_hal.o
                0x2000000c                uwTickFreq
 *fill*         0x2000000d        0x3 
 .data.USER_Driver
                0x20000010       0x14 ./FATFS/Target/user_diskio.o
                0x20000010                USER_Driver
 .data.USBD_MSC
                0x20000024       0x38 ./Middlewares/ST/STM32_USB_Device_Library/Class/MSC/Src/usbd_msc.o
                0x20000024                USBD_MSC
 .data.USBD_MSC_CfgDesc
                0x2000005c       0x20 ./Middlewares/ST/STM32_USB_Device_Library/Class/MSC/Src/usbd_msc.o
 .data.USBD_MSC_DeviceQualifierDesc
                0x2000007c        0xa ./Middlewares/ST/STM32_USB_Device_Library/Class/MSC/Src/usbd_msc.o
 .data.MSCInEpAdd
                0x20000086        0x1 ./Middlewares/ST/STM32_USB_Device_Library/Class/MSC/Src/usbd_msc.o
                0x20000086                MSCInEpAdd
 .data.MSCOutEpAdd
                0x20000087        0x1 ./Middlewares/ST/STM32_USB_Device_Library/Class/MSC/Src/usbd_msc.o
                0x20000087                MSCOutEpAdd
 .data.MSC_Page00_Inquiry_Data
                0x20000088        0x6 ./Middlewares/ST/STM32_USB_Device_Library/Class/MSC/Src/usbd_msc_data.o
                0x20000088                MSC_Page00_Inquiry_Data
 *fill*         0x2000008e        0x2 
 .data.MSC_Page80_Inquiry_Data
                0x20000090        0x8 ./Middlewares/ST/STM32_USB_Device_Library/Class/MSC/Src/usbd_msc_data.o
                0x20000090                MSC_Page80_Inquiry_Data
 .data.MSC_Mode_Sense6_data
                0x20000098        0x4 ./Middlewares/ST/STM32_USB_Device_Library/Class/MSC/Src/usbd_msc_data.o
                0x20000098                MSC_Mode_Sense6_data
 .data.MSC_Mode_Sense10_data
                0x2000009c        0x8 ./Middlewares/ST/STM32_USB_Device_Library/Class/MSC/Src/usbd_msc_data.o
                0x2000009c                MSC_Mode_Sense10_data
 .data.FS_Desc  0x200000a4       0x1c ./USB_DEVICE/App/usbd_desc.o
                0x200000a4                FS_Desc
 .data.USBD_FS_DeviceDesc
                0x200000c0       0x12 ./USB_DEVICE/App/usbd_desc.o
                0x200000c0                USBD_FS_DeviceDesc
 *fill*         0x200000d2        0x2 
 .data.USBD_LangIDDesc
                0x200000d4        0x4 ./USB_DEVICE/App/usbd_desc.o
                0x200000d4                USBD_LangIDDesc
 .data.USBD_StringSerial
                0x200000d8       0x1a ./USB_DEVICE/App/usbd_desc.o
                0x200000d8                USBD_StringSerial
 *fill*         0x200000f2        0x2 
 .data.USBD_Storage_Interface_fops_FS
                0x200000f4       0x20 ./USB_DEVICE/App/usbd_storage_if.o
                0x200000f4                USBD_Storage_Interface_fops_FS
 .data._impure_ptr
                0x20000114        0x4 C:/ST/STM32CubeIDE_1.17.0/STM32CubeIDE/plugins/com.st.stm32cube.ide.mcu.externaltools.gnu-tools-for-stm32.12.3.rel1.win32_1.1.0.202410251130/tools/bin/../lib/gcc/arm-none-eabi/12.3.1/../../../../arm-none-eabi/lib/thumb/v7e-m+fp/hard\libc_nano.a(libc_a-impure.o)
                0x20000114                _impure_ptr
 .data._impure_data
                0x20000118       0x4c C:/ST/STM32CubeIDE_1.17.0/STM32CubeIDE/plugins/com.st.stm32cube.ide.mcu.externaltools.gnu-tools-for-stm32.12.3.rel1.win32_1.1.0.202410251130/tools/bin/../lib/gcc/arm-none-eabi/12.3.1/../../../../arm-none-eabi/lib/thumb/v7e-m+fp/hard\libc_nano.a(libc_a-impure.o)
                0x20000118                _impure_data
 *(.RamFunc)
 *(.RamFunc*)
                0x20000164                        . = ALIGN (0x4)
                0x20000164                        _edata = .
                0x0800f9cc                        _siccmram = LOADADDR (.ccmram)

.igot.plt       0x20000164        0x0 load address 0x0800f9cc
 .igot.plt      0x20000164        0x0 C:/ST/STM32CubeIDE_1.17.0/STM32CubeIDE/plugins/com.st.stm32cube.ide.mcu.externaltools.gnu-tools-for-stm32.12.3.rel1.win32_1.1.0.202410251130/tools/bin/../lib/gcc/arm-none-eabi/12.3.1/thumb/v7e-m+fp/hard/crtbegin.o

.ccmram         0x10000000        0x0 load address 0x0800f9cc
                0x10000000                        . = ALIGN (0x4)
                0x10000000                        _sccmram = .
 *(.ccmram)
 *(.ccmram*)
                0x10000000                        . = ALIGN (0x4)
                0x10000000                        _eccmram = .
                0x10000000                        . = ALIGN (0x4)

.bss            0x20000164     0x3540
                0x20000164                        _sbss = .
                0x20000164                        __bss_start__ = _sbss
 *(.bss)
 .bss           0x20000164       0x1c C:/ST/STM32CubeIDE_1.17.0/STM32CubeIDE/plugins/com.st.stm32cube.ide.mcu.externaltools.gnu-tools-for-stm32.12.3.rel1.win32_1.1.0.202410251130/tools/bin/../lib/gcc/arm-none-eabi/12.3.1/thumb/v7e-m+fp/hard/crtbegin.o
 *(.bss*)
 .bss.CardType  0x20000180        0x1 ./Core/Src/fatfs_sd.o
 .bss.PowerFlag
                0x20000181        0x1 ./Core/Src/fatfs_sd.o
 *fill*         0x20000182        0x2 
 .bss.hspi1     0x20000184       0x58 ./Core/Src/main.o
                0x20000184                hspi1
 .bss.huart1    0x200001dc       0x48 ./Core/Src/main.o
                0x200001dc                huart1
 .bss.fs        0x20000224     0x1038 ./Core/Src/main.o
                0x20000224                fs
 .bss.fil       0x2000125c     0x1030 ./Core/Src/main.o
                0x2000125c                fil
 .bss.fresult   0x2000228c        0x1 ./Core/Src/main.o
                0x2000228c                fresult
 *fill*         0x2000228d        0x3 
 .bss.buffer    0x20002290      0x400 ./Core/Src/main.o
                0x20002290                buffer
 .bss.br        0x20002690        0x4 ./Core/Src/main.o
                0x20002690                br
 .bss.pfs       0x20002694        0x4 ./Core/Src/main.o
                0x20002694                pfs
 .bss.fre_clust
                0x20002698        0x4 ./Core/Src/main.o
                0x20002698                fre_clust
 .bss.total     0x2000269c        0x4 ./Core/Src/main.o
                0x2000269c                total
 .bss.free_space
                0x200026a0        0x4 ./Core/Src/main.o
                0x200026a0                free_space
 .bss.FatFsCnt  0x200026a4        0x1 ./Core/Src/stm32f4xx_it.o
                0x200026a4                FatFsCnt
 .bss.Timer1    0x200026a5        0x1 ./Core/Src/stm32f4xx_it.o
                0x200026a5                Timer1
 .bss.Timer2    0x200026a6        0x1 ./Core/Src/stm32f4xx_it.o
                0x200026a6                Timer2
 .bss.Timer3    0x200026a7        0x1 ./Core/Src/stm32f4xx_it.o
                0x200026a7                Timer3
 .bss.Timer4    0x200026a8        0x1 ./Core/Src/stm32f4xx_it.o
                0x200026a8                Timer4
 *fill*         0x200026a9        0x3 
 .bss.__sbrk_heap_end
                0x200026ac        0x4 ./Core/Src/sysmem.o
 .bss.uwTick    0x200026b0        0x4 ./Drivers/STM32F4xx_HAL_Driver/Src/stm32f4xx_hal.o
                0x200026b0                uwTick
 .bss.retUSER   0x200026b4        0x1 ./FATFS/App/fatfs.o
                0x200026b4                retUSER
 *fill*         0x200026b5        0x3 
 .bss.USERPath  0x200026b8        0x4 ./FATFS/App/fatfs.o
                0x200026b8                USERPath
 .bss.MSC_Diagnostic_Data
                0x200026bc        0x8 ./Middlewares/ST/STM32_USB_Device_Library/Class/MSC/Src/usbd_msc_data.o
                0x200026bc                MSC_Diagnostic_Data
 .bss.lun_report.0
                0x200026c4       0x18 ./Middlewares/ST/STM32_USB_Device_Library/Class/MSC/Src/usbd_msc_scsi.o
 .bss.cfgidx.0  0x200026dc        0x1 ./Middlewares/ST/STM32_USB_Device_Library/Core/Src/usbd_ctlreq.o
 *fill*         0x200026dd        0x3 
 .bss.FatFs     0x200026e0        0x4 ./Middlewares/Third_Party/FatFs/src/ff.o
 .bss.Fsid      0x200026e4        0x2 ./Middlewares/Third_Party/FatFs/src/ff.o
 *fill*         0x200026e6        0x2 
 .bss.Files     0x200026e8       0x20 ./Middlewares/Third_Party/FatFs/src/ff.o
 .bss.LfnBuf    0x20002708      0x200 ./Middlewares/Third_Party/FatFs/src/ff.o
 .bss.disk      0x20002908        0xc ./Middlewares/Third_Party/FatFs/src/ff_gen_drv.o
                0x20002908                disk
 .bss.hUsbDeviceFS
                0x20002914      0x2dc ./USB_DEVICE/App/usb_device.o
                0x20002914                hUsbDeviceFS
 .bss.USBD_StrDesc
                0x20002bf0      0x200 ./USB_DEVICE/App/usbd_desc.o
                0x20002bf0                USBD_StrDesc
 .bss.hpcd_USB_OTG_FS
                0x20002df0      0x4e4 ./USB_DEVICE/Target/usbd_conf.o
                0x20002df0                hpcd_USB_OTG_FS
 .bss.mem.0     0x200032d4      0x288 ./USB_DEVICE/Target/usbd_conf.o
 .bss.__sf      0x2000355c      0x138 C:/ST/STM32CubeIDE_1.17.0/STM32CubeIDE/plugins/com.st.stm32cube.ide.mcu.externaltools.gnu-tools-for-stm32.12.3.rel1.win32_1.1.0.202410251130/tools/bin/../lib/gcc/arm-none-eabi/12.3.1/../../../../arm-none-eabi/lib/thumb/v7e-m+fp/hard\libc_nano.a(libc_a-findfp.o)
                0x2000355c                __sf
 .bss.errno     0x20003694        0x4 C:/ST/STM32CubeIDE_1.17.0/STM32CubeIDE/plugins/com.st.stm32cube.ide.mcu.externaltools.gnu-tools-for-stm32.12.3.rel1.win32_1.1.0.202410251130/tools/bin/../lib/gcc/arm-none-eabi/12.3.1/../../../../arm-none-eabi/lib/thumb/v7e-m+fp/hard\libc_nano.a(libc_a-reent.o)
                0x20003694                errno
 .bss.__lock___malloc_recursive_mutex
                0x20003698        0x1 C:/ST/STM32CubeIDE_1.17.0/STM32CubeIDE/plugins/com.st.stm32cube.ide.mcu.externaltools.gnu-tools-for-stm32.12.3.rel1.win32_1.1.0.202410251130/tools/bin/../lib/gcc/arm-none-eabi/12.3.1/../../../../arm-none-eabi/lib/thumb/v7e-m+fp/hard\libc_nano.a(libc_a-lock.o)
                0x20003698                __lock___malloc_recursive_mutex
 *fill*         0x20003699        0x3 
 .bss.__malloc_sbrk_start
                0x2000369c        0x4 C:/ST/STM32CubeIDE_1.17.0/STM32CubeIDE/plugins/com.st.stm32cube.ide.mcu.externaltools.gnu-tools-for-stm32.12.3.rel1.win32_1.1.0.202410251130/tools/bin/../lib/gcc/arm-none-eabi/12.3.1/../../../../arm-none-eabi/lib/thumb/v7e-m+fp/hard\libc_nano.a(libc_a-mallocr.o)
                0x2000369c                __malloc_sbrk_start
 .bss.__malloc_free_list
                0x200036a0        0x4 C:/ST/STM32CubeIDE_1.17.0/STM32CubeIDE/plugins/com.st.stm32cube.ide.mcu.externaltools.gnu-tools-for-stm32.12.3.rel1.win32_1.1.0.202410251130/tools/bin/../lib/gcc/arm-none-eabi/12.3.1/../../../../arm-none-eabi/lib/thumb/v7e-m+fp/hard\libc_nano.a(libc_a-mallocr.o)
                0x200036a0                __malloc_free_list
 *(COMMON)
                0x200036a4                        . = ALIGN (0x4)
                0x200036a4                        _ebss = .
                0x200036a4                        __bss_end__ = _ebss

._user_heap_stack
                0x200036a4      0x604
                0x200036a8                        . = ALIGN (0x8)
 *fill*         0x200036a4        0x4 
                [!provide]                        PROVIDE (end = .)
                0x200036a8                        PROVIDE (_end = .)
                0x200038a8                        . = (. + _Min_Heap_Size)
 *fill*         0x200036a8      0x200 
                0x20003ca8                        . = (. + _Min_Stack_Size)
 *fill*         0x200038a8      0x400 
                0x20003ca8                        . = ALIGN (0x8)

/DISCARD/
 libc.a(*)
 libm.a(*)
 libgcc.a(*)

.ARM.attributes
                0x00000000       0x30
 *(.ARM.attributes)
 .ARM.attributes
                0x00000000       0x22 C:/ST/STM32CubeIDE_1.17.0/STM32CubeIDE/plugins/com.st.stm32cube.ide.mcu.externaltools.gnu-tools-for-stm32.12.3.rel1.win32_1.1.0.202410251130/tools/bin/../lib/gcc/arm-none-eabi/12.3.1/thumb/v7e-m+fp/hard/crti.o
 .ARM.attributes
                0x00000022       0x34 C:/ST/STM32CubeIDE_1.17.0/STM32CubeIDE/plugins/com.st.stm32cube.ide.mcu.externaltools.gnu-tools-for-stm32.12.3.rel1.win32_1.1.0.202410251130/tools/bin/../lib/gcc/arm-none-eabi/12.3.1/thumb/v7e-m+fp/hard/crtbegin.o
 .ARM.attributes
                0x00000056       0x34 ./Core/Src/fatfs_sd.o
 .ARM.attributes
                0x0000008a       0x34 ./Core/Src/main.o
 .ARM.attributes
                0x000000be       0x34 ./Core/Src/stm32f4xx_hal_msp.o
 .ARM.attributes
                0x000000f2       0x34 ./Core/Src/stm32f4xx_it.o
 .ARM.attributes
                0x00000126       0x34 ./Core/Src/sysmem.o
 .ARM.attributes
                0x0000015a       0x34 ./Core/Src/system_stm32f4xx.o
 .ARM.attributes
                0x0000018e       0x21 ./Core/Startup/startup_stm32f429zitx.o
 .ARM.attributes
                0x000001af       0x34 ./Drivers/STM32F4xx_HAL_Driver/Src/stm32f4xx_hal.o
 .ARM.attributes
                0x000001e3       0x34 ./Drivers/STM32F4xx_HAL_Driver/Src/stm32f4xx_hal_cortex.o
 .ARM.attributes
                0x00000217       0x34 ./Drivers/STM32F4xx_HAL_Driver/Src/stm32f4xx_hal_gpio.o
 .ARM.attributes
                0x0000024b       0x34 ./Drivers/STM32F4xx_HAL_Driver/Src/stm32f4xx_hal_pcd.o
 .ARM.attributes
                0x0000027f       0x34 ./Drivers/STM32F4xx_HAL_Driver/Src/stm32f4xx_hal_pcd_ex.o
 .ARM.attributes
                0x000002b3       0x34 ./Drivers/STM32F4xx_HAL_Driver/Src/stm32f4xx_hal_rcc.o
 .ARM.attributes
                0x000002e7       0x34 ./Drivers/STM32F4xx_HAL_Driver/Src/stm32f4xx_hal_spi.o
 .ARM.attributes
                0x0000031b       0x34 ./Drivers/STM32F4xx_HAL_Driver/Src/stm32f4xx_hal_uart.o
 .ARM.attributes
                0x0000034f       0x34 ./Drivers/STM32F4xx_HAL_Driver/Src/stm32f4xx_ll_usb.o
 .ARM.attributes
                0x00000383       0x34 ./FATFS/App/fatfs.o
 .ARM.attributes
                0x000003b7       0x34 ./FATFS/Target/user_diskio.o
 .ARM.attributes
                0x000003eb       0x34 ./Middlewares/ST/STM32_USB_Device_Library/Class/MSC/Src/usbd_msc.o
 .ARM.attributes
                0x0000041f       0x34 ./Middlewares/ST/STM32_USB_Device_Library/Class/MSC/Src/usbd_msc_bot.o
 .ARM.attributes