Archive member included to satisfy reference by file (symbol)

C:/ST/STM32CubeIDE_1.17.0/STM32CubeIDE/plugins/com.st.stm32cube.ide.mcu.externaltools.gnu-tools-for-stm32.12.3.rel1.win32_1.1.0.202410251130/tools/bin/../lib/gcc/arm-none-eabi/12.3.1/../../../../arm-none-eabi/lib/thumb/v7e-m+fp/hard\libc_nano.a(libc_a-exit.o)
                              C:/ST/STM32CubeIDE_1.17.0/STM32CubeIDE/plugins/com.st.stm32cube.ide.mcu.externaltools.gnu-tools-for-stm32.12.3.rel1.win32_1.1.0.202410251130/tools/bin/../lib/gcc/arm-none-eabi/12.3.1/../../../../arm-none-eabi/lib/thumb/v7e-m+fp/hard/crt0.o (exit)
C:/ST/STM32CubeIDE_1.17.0/STM32CubeIDE/plugins/com.st.stm32cube.ide.mcu.externaltools.gnu-tools-for-stm32.12.3.rel1.win32_1.1.0.202410251130/tools/bin/../lib/gcc/arm-none-eabi/12.3.1/../../../../arm-none-eabi/lib/thumb/v7e-m+fp/hard\libc_nano.a(libc_a-findfp.o)
                              C:/ST/STM32CubeIDE_1.17.0/STM32CubeIDE/plugins/com.st.stm32cube.ide.mcu.externaltools.gnu-tools-for-stm32.12.3.rel1.win32_1.1.0.202410251130/tools/bin/../lib/gcc/arm-none-eabi/12.3.1/../../../../arm-none-eabi/lib/thumb/v7e-m+fp/hard\libc_nano.a(libc_a-exit.o) (__stdio_exit_handler)
C:/ST/STM32CubeIDE_1.17.0/STM32CubeIDE/plugins/com.st.stm32cube.ide.mcu.externaltools.gnu-tools-for-stm32.12.3.rel1.win32_1.1.0.202410251130/tools/bin/../lib/gcc/arm-none-eabi/12.3.1/../../../../arm-none-eabi/lib/thumb/v7e-m+fp/hard\libc_nano.a(libc_a-fwalk.o)
                              C:/ST/STM32CubeIDE_1.17.0/STM32CubeIDE/plugins/com.st.stm32cube.ide.mcu.externaltools.gnu-tools-for-stm32.12.3.rel1.win32_1.1.0.202410251130/tools/bin/../lib/gcc/arm-none-eabi/12.3.1/../../../../arm-none-eabi/lib/thumb/v7e-m+fp/hard\libc_nano.a(libc_a-findfp.o) (_fwalk_sglue)
C:/ST/STM32CubeIDE_1.17.0/STM32CubeIDE/plugins/com.st.stm32cube.ide.mcu.externaltools.gnu-tools-for-stm32.12.3.rel1.win32_1.1.0.202410251130/tools/bin/../lib/gcc/arm-none-eabi/12.3.1/../../../../arm-none-eabi/lib/thumb/v7e-m+fp/hard\libc_nano.a(libc_a-sprintf.o)
                              ./Core/Src/main.o (sprintf)
C:/ST/STM32CubeIDE_1.17.0/STM32CubeIDE/plugins/com.st.stm32cube.ide.mcu.externaltools.gnu-tools-for-stm32.12.3.rel1.win32_1.1.0.202410251130/tools/bin/../lib/gcc/arm-none-eabi/12.3.1/../../../../arm-none-eabi/lib/thumb/v7e-m+fp/hard\libc_nano.a(libc_a-stdio.o)
                              C:/ST/STM32CubeIDE_1.17.0/STM32CubeIDE/plugins/com.st.stm32cube.ide.mcu.externaltools.gnu-tools-for-stm32.12.3.rel1.win32_1.1.0.202410251130/tools/bin/../lib/gcc/arm-none-eabi/12.3.1/../../../../arm-none-eabi/lib/thumb/v7e-m+fp/hard\libc_nano.a(libc_a-findfp.o) (__sread)
C:/ST/STM32CubeIDE_1.17.0/STM32CubeIDE/plugins/com.st.stm32cube.ide.mcu.externaltools.gnu-tools-for-stm32.12.3.rel1.win32_1.1.0.202410251130/tools/bin/../lib/gcc/arm-none-eabi/12.3.1/../../../../arm-none-eabi/lib/thumb/v7e-m+fp/hard\libc_nano.a(libc_a-memset.o)
                              C:/ST/STM32CubeIDE_1.17.0/STM32CubeIDE/plugins/com.st.stm32cube.ide.mcu.externaltools.gnu-tools-for-stm32.12.3.rel1.win32_1.1.0.202410251130/tools/bin/../lib/gcc/arm-none-eabi/12.3.1/../../../../arm-none-eabi/lib/thumb/v7e-m+fp/hard/crt0.o (memset)
C:/ST/STM32CubeIDE_1.17.0/STM32CubeIDE/plugins/com.st.stm32cube.ide.mcu.externaltools.gnu-tools-for-stm32.12.3.rel1.win32_1.1.0.202410251130/tools/bin/../lib/gcc/arm-none-eabi/12.3.1/../../../../arm-none-eabi/lib/thumb/v7e-m+fp/hard\libc_nano.a(libc_a-strcat.o)
                              ./Core/Src/fatfs_sd.o (strcat)
C:/ST/STM32CubeIDE_1.17.0/STM32CubeIDE/plugins/com.st.stm32cube.ide.mcu.externaltools.gnu-tools-for-stm32.12.3.rel1.win32_1.1.0.202410251130/tools/bin/../lib/gcc/arm-none-eabi/12.3.1/../../../../arm-none-eabi/lib/thumb/v7e-m+fp/hard\libc_nano.a(libc_a-closer.o)
                              C:/ST/STM32CubeIDE_1.17.0/STM32CubeIDE/plugins/com.st.stm32cube.ide.mcu.externaltools.gnu-tools-for-stm32.12.3.rel1.win32_1.1.0.202410251130/tools/bin/../lib/gcc/arm-none-eabi/12.3.1/../../../../arm-none-eabi/lib/thumb/v7e-m+fp/hard\libc_nano.a(libc_a-stdio.o) (_close_r)
C:/ST/STM32CubeIDE_1.17.0/STM32CubeIDE/plugins/com.st.stm32cube.ide.mcu.externaltools.gnu-tools-for-stm32.12.3.rel1.win32_1.1.0.202410251130/tools/bin/../lib/gcc/arm-none-eabi/12.3.1/../../../../arm-none-eabi/lib/thumb/v7e-m+fp/hard\libc_nano.a(libc_a-reent.o)
                              C:/ST/STM32CubeIDE_1.17.0/STM32CubeIDE/plugins/com.st.stm32cube.ide.mcu.externaltools.gnu-tools-for-stm32.12.3.rel1.win32_1.1.0.202410251130/tools/bin/../lib/gcc/arm-none-eabi/12.3.1/../../../../arm-none-eabi/lib/thumb/v7e-m+fp/hard\libc_nano.a(libc_a-closer.o) (errno)
C:/ST/STM32CubeIDE_1.17.0/STM32CubeIDE/plugins/com.st.stm32cube.ide.mcu.externaltools.gnu-tools-for-stm32.12.3.rel1.win32_1.1.0.202410251130/tools/bin/../lib/gcc/arm-none-eabi/12.3.1/../../../../arm-none-eabi/lib/thumb/v7e-m+fp/hard\libc_nano.a(libc_a-impure.o)
[...]
Memory Configuration

Name             Origin             Length             Attributes
CCMRAM           0x10000000         0x00010000         xrw
RAM              0x20000000         0x00030000         xrw
FLASH            0x08000000         0x00200000         xr
*default*        0x00000000         0xffffffff

Linker script and memory map

LOAD C:/ST/STM32CubeIDE_1.17.0/STM32CubeIDE/plugins/com.st.stm32cube.ide.mcu.externaltools.gnu-tools-for-stm32.12.3.rel1.win32_1.1.0.202410251130/tools/bin/../lib/gcc/arm-none-eabi/12.3.1/thumb/v7e-m+fp/hard/crti.o
LOAD C:/ST/STM32CubeIDE_1.17.0/STM32CubeIDE/plugins/com.st.stm32cube.ide.mcu.externaltools.gnu-tools-for-stm32.12.3.rel1.win32_1.1.0.202410251130/tools/bin/../lib/gcc/arm-none-eabi/12.3.1/thumb/v7e-m+fp/hard/crtbegin.o
LOAD C:/ST/STM32CubeIDE_1.17.0/STM32CubeIDE/plugins/com.st.stm32cube.ide.mcu.externaltools.gnu-tools-for-stm32.12.3.rel1.win32_1.1.0.202410251130/tools/bin/../lib/gcc/arm-none-eabi/12.3.1/../../../../arm-none-eabi/lib/thumb/v7e-m+fp/hard/crt0.o
LOAD ./Core/Src/diskio.o
LOAD ./Core/Src/fatfs.o
LOAD ./Core/Src/fatfs_sd.o
LOAD ./Core/Src/main.o
LOAD ./Core/Src/stm32f4xx_hal_msp.o
LOAD ./Core/Src/stm32f4xx_it.o
LOAD ./Core/Src/syscalls.o
LOAD ./Core/Src/sysmem.o
LOAD ./Core/Src/system_stm32f4xx.o
LOAD ./Core/Startup/startup_stm32f429zitx.o
LOAD ./Drivers/STM32F4xx_HAL_Driver/Src/stm32f4xx_hal.o
LOAD ./Drivers/STM32F4xx_HAL_Driver/Src/stm32f4xx_hal_cortex.o
LOAD ./Drivers/STM32F4xx_HAL_Driver/Src/stm32f4xx_hal_dma.o
LOAD ./Drivers/STM32F4xx_HAL_Driver/Src/stm32f4xx_hal_dma_ex.o
LOAD ./Drivers/STM32F4xx_HAL_Driver/Src/stm32f4xx_hal_exti.o
LOAD ./Drivers/STM32F4xx_HAL_Driver/Src/stm32f4xx_hal_flash.o
LOAD ./Drivers/STM32F4xx_HAL_Driver/Src/stm32f4xx_hal_flash_ex.o
LOAD ./Drivers/STM32F4xx_HAL_Driver/Src/stm32f4xx_hal_flash_ramfunc.o
LOAD ./Drivers/STM32F4xx_HAL_Driver/Src/stm32f4xx_hal_gpio.o
LOAD ./Drivers/STM32F4xx_HAL_Driver/Src/stm32f4xx_hal_pcd.o
LOAD ./Drivers/STM32F4xx_HAL_Driver/Src/stm32f4xx_hal_pcd_ex.o
LOAD ./Drivers/STM32F4xx_HAL_Driver/Src/stm32f4xx_hal_pwr.o
LOAD ./Drivers/STM32F4xx_HAL_Driver/Src/stm32f4xx_hal_pwr_ex.o
LOAD ./Drivers/STM32F4xx_HAL_Driver/Src/stm32f4xx_hal_rcc.o
LOAD ./Drivers/STM32F4xx_HAL_Driver/Src/stm32f4xx_hal_rcc_ex.o
LOAD ./Drivers/STM32F4xx_HAL_Driver/Src/stm32f4xx_hal_spi.o
LOAD ./Drivers/STM32F4xx_HAL_Driver/Src/stm32f4xx_hal_uart.o
LOAD ./Drivers/STM32F4xx_HAL_Driver/Src/stm32f4xx_ll_usb.o
LOAD ./FATFS/Target/user_diskio.o
LOAD ./Middlewares/ST/STM32_USB_Device_Library/Class/MSC/Src/usbd_msc.o
LOAD ./Middlewares/ST/STM32_USB_Device_Library/Class/MSC/Src/usbd_msc_bot.o
LOAD ./Middlewares/ST/STM32_USB_Device_Library/Class/MSC/Src/usbd_msc_data.o
LOAD ./Middlewares/ST/STM32_USB_Device_Library/Class/MSC/Src/usbd_msc_scsi.o
LOAD ./Middlewares/ST/STM32_USB_Device_Library/Core/Src/usbd_core.o
LOAD ./Middlewares/ST/STM32_USB_Device_Library/Core/Src/usbd_ctlreq.o
LOAD ./Middlewares/ST/STM32_USB_Device_Library/Core/Src/usbd_ioreq.o
LOAD ./Middlewares/Third_Party/FatFs/src/ff.o
LOAD ./Middlewares/Third_Party/FatFs/src/ff_gen_drv.o
LOAD ./Middlewares/Third_Party/FatFs/src/option/ccsbcs.o
LOAD ./Middlewares/Third_Party/FatFs/src/option/syscall.o
LOAD ./USB_DEVICE/App/usb_device.o
LOAD ./USB_DEVICE/App/usbd_desc.o
LOAD ./USB_DEVICE/App/usbd_storage_if.o
LOAD ./USB_DEVICE/Target/usbd_conf.o
START GROUP
LOAD C:/ST/STM32CubeIDE_1.17.0/STM32CubeIDE/plugins/com.st.stm32cube.ide.mcu.externaltools.gnu-tools-for-stm32.12.3.rel1.win32_1.1.0.202410251130/tools/bin/../lib/gcc/arm-none-eabi/12.3.1/../../../../arm-none-eabi/lib/thumb/v7e-m+fp/hard\libc_nano.a
LOAD C:/ST/STM32CubeIDE_1.17.0/STM32CubeIDE/plugins/com.st.stm32cube.ide.mcu.externaltools.gnu-tools-for-stm32.12.3.rel1.win32_1.1.0.202410251130/tools/bin/../lib/gcc/arm-none-eabi/12.3.1/../../../../arm-none-eabi/lib/thumb/v7e-m+fp/hard\libm.a
END GROUP
START GROUP
LOAD C:/ST/STM32CubeIDE_1.17.0/STM32CubeIDE/plugins/com.st.stm32cube.ide.mcu.externaltools.gnu-tools-for-stm32.12.3.rel1.win32_1.1.0.202410251130/tools/bin/../lib/gcc/arm-none-eabi/12.3.1/thumb/v7e-m+fp/hard\libgcc.a
LOAD C:/ST/STM32CubeIDE_1.17.0/STM32CubeIDE/plugins/com.st.stm32cube.ide.mcu.externaltools.gnu-tools-for-stm32.12.3.rel1.win32_1.1.0.202410251130/tools/bin/../lib/gcc/arm-none-eabi/12.3.1/../../../../arm-none-eabi/lib/thumb/v7e-m+fp/hard\libc_nano.a
END GROUP
START GROUP
LOAD C:/ST/STM32CubeIDE_1.17.0/STM32CubeIDE/plugins/com.st.stm32cube.ide.mcu.externaltools.gnu-tools-for-stm32.12.3.rel1.win32_1.1.0.202410251130/tools/bin/../lib/gcc/arm-none-eabi/12.3.1/thumb/v7e-m+fp/hard\libgcc.a
LOAD C:/ST/STM32CubeIDE_1.17.0/STM32CubeIDE/plugins/com.st.stm32cube.ide.mcu.externaltools.gnu-tools-for-stm32.12.3.rel1.win32_1.1.0.202410251130/tools/bin/../lib/gcc/arm-none-eabi/12.3.1/../../../../arm-none-eabi/lib/thumb/v7e-m+fp/hard\libc_nano.a
LOAD C:/ST/STM32CubeIDE_1.17.0/STM32CubeIDE/plugins/com.st.stm32cube.ide.mcu.externaltools.gnu-tools-for-stm32.12.3.rel1.win32_1.1.0.202410251130/tools/bin/../lib/gcc/arm-none-eabi/12.3.1/../../../../arm-none-eabi/lib/thumb/v7e-m+fp/hard\libnosys.a
END GROUP
START GROUP
LOAD C:/ST/STM32CubeIDE_1.17.0/STM32CubeIDE/plugins/com.st.stm32cube.ide.mcu.externaltools.gnu-tools-for-stm32.12.3.rel1.win32_1.1.0.202410251130/tools/bin/../lib/gcc/arm-none-eabi/12.3.1/thumb/v7e-m+fp/hard\libgcc.a
LOAD C:/ST/STM32CubeIDE_1.17.0/STM32CubeIDE/plugins/com.st.stm32cube.ide.mcu.externaltools.gnu-tools-for-stm32.12.3.rel1.win32_1.1.0.202410251130/tools/bin/../lib/gcc/arm-none-eabi/12.3.1/../../../../arm-none-eabi/lib/thumb/v7e-m+fp/hard\libc_nano.a
LOAD C:/ST/STM32CubeIDE_1.17.0/STM32CubeIDE/plugins/com.st.stm32cube.ide.mcu.externaltools.gnu-tools-for-stm32.12.3.rel1.win32_1.1.0.202410251130/tools/bin/../lib/gcc/arm-none-eabi/12.3.1/../../../../arm-none-eabi/lib/thumb/v7e-m+fp/hard\libnosys.a
END GROUP
LOAD C:/ST/STM32CubeIDE_1.17.0/STM32CubeIDE/plugins/com.st.stm32cube.ide.mcu.externaltools.gnu-tools-for-stm32.12.3.rel1.win32_1.1.0.202410251130/tools/bin/../lib/gcc/arm-none-eabi/12.3.1/thumb/v7e-m+fp/hard/crtend.o
LOAD C:/ST/STM32CubeIDE_1.17.0/STM32CubeIDE/plugins/com.st.stm32cube.ide.mcu.externaltools.gnu-tools-for-stm32.12.3.rel1.win32_1.1.0.202410251130/tools/bin/../lib/gcc/arm-none-eabi/12.3.1/thumb/v7e-m+fp/hard/crtn.o
                0x20030000                        _estack = (ORIGIN (RAM) + LENGTH (RAM))
                0x00000200                        _Min_Heap_Size = 0x200
                0x00000400                        _Min_Stack_Size = 0x400

.isr_vector     0x08000000      0x1ac
                0x08000000                        . = ALIGN (0x4)
 *(.isr_vector)
 .isr_vector    0x08000000      0x1ac ./Core/Startup/startup_stm32f429zitx.o
                0x08000000                g_pfnVectors
                0x080001ac                        . = ALIGN (0x4)

.text           0x080001b0     0xf73c
                0x080001b0                        . = ALIGN (0x4)
 *(.text)
 .text          0x080001b0       0x40 C:/ST/STM32CubeIDE_1.17.0/STM32CubeIDE/plugins/com.st.stm32cube.ide.mcu.externaltools.gnu-tools-for-stm32.12.3.rel1.win32_1.1.0.202410251130/tools/bin/../lib/gcc/arm-none-eabi/12.3.1/thumb/v7e-m+fp/hard/crtbegin.o
 .text          0x080001f0       0x10 C:/ST/STM32CubeIDE_1.17.0/STM32CubeIDE/plugins/com.st.stm32cube.ide.mcu.externaltools.gnu-tools-for-stm32.12.3.rel1.win32_1.1.0.202410251130/tools/bin/../lib/gcc/arm-none-eabi/12.3.1/../../../../arm-none-eabi/lib/thumb/v7e-m+fp/hard\libc_nano.a(libc_a-strlen.o)
                0x080001f0                strlen
 .text          0x08000200       0xa0 C:/ST/STM32CubeIDE_1.17.0/STM32CubeIDE/plugins/com.st.stm32cube.ide.mcu.externaltools.gnu-tools-for-stm32.12.3.rel1.win32_1.1.0.202410251130/tools/bin/../lib/gcc/arm-none-eabi/12.3.1/../../../../arm-none-eabi/lib/thumb/v7e-m+fp/hard\libc_nano.a(libc_a-memchr.o)
                0x08000200                memchr
 .text          0x080002a0      0x254 C:/ST/STM32CubeIDE_1.17.0/STM32CubeIDE/plugins/com.st.stm32cube.ide.mcu.externaltools.gnu-tools-for-stm32.12.3.rel1.win32_1.1.0.202410251130/tools/bin/../lib/gcc/arm-none-eabi/12.3.1/thumb/v7e-m+fp/hard\libgcc.a(_arm_muldf3.o)
                0x080002a0                __muldf3
                0x080002a0                __aeabi_dmul
 .text          0x080004f4      0x378 C:/ST/STM32CubeIDE_1.17.0/STM32CubeIDE/plugins/com.st.stm32cube.ide.mcu.externaltools.gnu-tools-for-stm32.12.3.rel1.win32_1.1.0.202410251130/tools/bin/../lib/gcc/arm-none-eabi/12.3.1/thumb/v7e-m+fp/hard\libgcc.a(_arm_addsubdf3.o)
                0x080004f4                __aeabi_drsub
                0x080004fc                __aeabi_dsub
                0x080004fc                __subdf3
                0x08000500                __aeabi_dadd
                0x08000500                __adddf3
                0x08000778                __floatunsidf
                0x08000778                __aeabi_ui2d
                0x08000798                __floatsidf
                0x08000798                __aeabi_i2d
                0x080007bc                __aeabi_f2d
                0x080007bc                __extendsfdf2
                0x08000800                __floatundidf
                0x08000800                __aeabi_ul2d
                0x08000810                __floatdidf
                0x08000810                __aeabi_l2d
 .text          0x0800086c       0x40 C:/ST/STM32CubeIDE_1.17.0/STM32CubeIDE/plugins/com.st.stm32cube.ide.mcu.externaltools.gnu-tools-for-stm32.12.3.rel1.win32_1.1.0.202410251130/tools/bin/../lib/gcc/arm-none-eabi/12.3.1/thumb/v7e-m+fp/hard\libgcc.a(_arm_fixunsdfsi.o)
                0x0800086c                __aeabi_d2uiz
                0x0800086c                __fixunsdfsi
 .text          0x080008ac       0x30 C:/ST/STM32CubeIDE_1.17.0/STM32CubeIDE/plugins/com.st.stm32cube.ide.mcu.externaltools.gnu-tools-for-stm32.12.3.rel1.win32_1.1.0.202410251130/tools/bin/../lib/gcc/arm-none-eabi/12.3.1/thumb/v7e-m+fp/hard\libgcc.a(_aeabi_uldivmod.o)
                0x080008ac                __aeabi_uldivmod
 .text          0x080008dc      0x2bc C:/ST/STM32CubeIDE_1.17.0/STM32CubeIDE/plugins/com.st.stm32cube.ide.mcu.externaltools.gnu-tools-for-stm32.12.3.rel1.win32_1.1.0.202410251130/tools/bin/../lib/gcc/arm-none-eabi/12.3.1/thumb/v7e-m+fp/hard\libgcc.a(_udivmoddi4.o)
                0x080008dc                __udivmoddi4
 .text          0x08000b98        0x4 C:/ST/STM32CubeIDE_1.17.0/STM32CubeIDE/plugins/com.st.stm32cube.ide.mcu.externaltools.gnu-tools-for-stm32.12.3.rel1.win32_1.1.0.202410251130/tools/bin/../lib/gcc/arm-none-eabi/12.3.1/thumb/v7e-m+fp/hard\libgcc.a(_dvmd_tls.o)
                0x08000b98                __aeabi_idiv0
                0x08000b98                __aeabi_ldiv0
 *(.text*)
 .text.disk_status
                0x08000b9c       0x34 ./Core/Src/diskio.o
                0x08000b9c                disk_status
 .text.disk_initialize
                0x08000bd0       0x50 ./Core/Src/diskio.o
                0x08000bd0                disk_initialize
 .text.disk_read
                0x08000c20       0x40 ./Core/Src/diskio.o
                0x08000c20                disk_read
 .text.disk_write
                0x08000c60       0x40 ./Core/Src/diskio.o
                0x08000c60                disk_write
 .text.disk_ioctl
                0x08000ca0       0x3c ./Core/Src/diskio.o
                0x08000ca0                disk_ioctl
 .text.MX_FATFS_Init
                0x08000cdc       0x24 ./Core/Src/fatfs.o
                0x08000cdc                MX_FATFS_Init
 .text.get_fattime
                0x08000d00       0x10 ./Core/Src/fatfs.o
                0x08000d00                get_fattime
 .text.SELECT   0x08000d10        0xe ./Core/Src/fatfs_sd.o
 .text.DESELECT
                0x08000d1e        0xe ./Core/Src/fatfs_sd.o
 .text.SPI_TxByte
                0x08000d2c       0x24 ./Core/Src/fatfs_sd.o
 .text.SPI_TxBuffer
                0x08000d50       0x24 ./Core/Src/fatfs_sd.o
 .text.SPI_RxByte
                0x08000d74       0x28 ./Core/Src/fatfs_sd.o
 .text.SPI_RxBytePtr
                0x08000d9c       0x1c ./Core/Src/fatfs_sd.o
 .text.SD_ReadyWait
                0x08000db8       0x34 ./Core/Src/fatfs_sd.o
 .text.SD_PowerOn
                0x08000dec       0x84 ./Core/Src/fatfs_sd.o
 .text.SD_PowerOff
                0x08000e70       0x18 ./Core/Src/fatfs_sd.o
 .text.SD_CheckPower
                0x08000e88       0x18 ./Core/Src/fatfs_sd.o
 .text.SD_RxDataBlock
                0x08000ea0       0x60 ./Core/Src/fatfs_sd.o
 .text.SD_TxDataBlock
                0x08000f00       0xb0 ./Core/Src/fatfs_sd.o
 .text.SD_SendCmd
                0x08000fb0       0xa8 ./Core/Src/fatfs_sd.o
 .text.SD_disk_initialize
                0x08001058      0x1d4 ./Core/Src/fatfs_sd.o
                0x08001058                SD_disk_initialize
 .text.SD_disk_status
                0x0800122c       0x2c ./Core/Src/fatfs_sd.o
                0x0800122c                SD_disk_status
 .text.SD_disk_read
                0x08001258       0xd4 ./Core/Src/fatfs_sd.o
                0x08001258                SD_disk_read
 .text.SD_disk_write
                0x0800132c      0x108 ./Core/Src/fatfs_sd.o
                0x0800132c                SD_disk_write
 .text.SD_disk_ioctl
                0x08001434      0x254 ./Core/Src/fatfs_sd.o
                0x08001434                SD_disk_ioctl
 .text.SD_List_File
                0x08001688      0x10c ./Core/Src/fatfs_sd.o
                0x08001688                SD_List_File
 .text.SD_creatSubDir
                0x08001794       0x7c ./Core/Src/fatfs_sd.o
                0x08001794                SD_creatSubDir
 .text.send_uart
                0x08001810       0x98 ./Core/Src/main.o
                0x08001810                send_uart
 .text.bufsize  0x080018a8       0x2e ./Core/Src/main.o
                0x080018a8                bufsize
 *fill*         0x080018d6        0x2 
 .text.clear_buffer
                0x080018d8       0x38 ./Core/Src/main.o
                0x080018d8                clear_buffer
 .text.main     0x08001910      0x344 ./Core/Src/main.o
                0x08001910                main
 .text.SystemClock_Config
                0x08001c54       0xd4 ./Core/Src/main.o
                0x08001c54                SystemClock_Config
 .text.MX_SPI1_Init
                0x08001d28       0x6c ./Core/Src/main.o
 .text.MX_USART1_UART_Init
                0x08001d94       0x54 ./Core/Src/main.o
 .text.MX_GPIO_Init
                0x08001de8       0xa0 ./Core/Src/main.o
 .text.Error_Handler
                0x08001e88        0xc ./Core/Src/main.o
                0x08001e88                Error_Handler
 .text.HAL_MspInit
                0x08001e94       0x50 ./Core/Src/stm32f4xx_hal_msp.o
                0x08001e94                HAL_MspInit
 .text.HAL_SPI_MspInit
                0x08001ee4       0x90 ./Core/Src/stm32f4xx_hal_msp.o
                0x08001ee4                HAL_SPI_MspInit
 .text.HAL_UART_MspInit
                0x08001f74       0x90 ./Core/Src/stm32f4xx_hal_msp.o
                0x08001f74                HAL_UART_MspInit
 .text.SDTimer_Handler
                0x08002004       0x80 ./Core/Src/stm32f4xx_it.o
                0x08002004                SDTimer_Handler
 .text.NMI_Handler
                0x08002084        0x8 ./Core/Src/stm32f4xx_it.o
                0x08002084                NMI_Handler
 .text.HardFault_Handler
                0x0800208c        0x8 ./Core/Src/stm32f4xx_it.o
                0x0800208c                HardFault_Handler
 .text.MemManage_Handler
                0x08002094        0x8 ./Core/Src/stm32f4xx_it.o
                0x08002094                MemManage_Handler
 .text.BusFault_Handler
                0x0800209c        0x8 ./Core/Src/stm32f4xx_it.o
                0x0800209c                BusFault_Handler
 .text.UsageFault_Handler
                0x080020a4        0x8 ./Core/Src/stm32f4xx_it.o
                0x080020a4                UsageFault_Handler
 .text.SVC_Handler
                0x080020ac        0xe ./Core/Src/stm32f4xx_it.o
                0x080020ac                SVC_Handler
 .text.DebugMon_Handler
                0x080020ba        0xe ./Core/Src/stm32f4xx_it.o
                0x080020ba                DebugMon_Handler
 .text.PendSV_Handler
                0x080020c8        0xe ./Core/Src/stm32f4xx_it.o
                0x080020c8                PendSV_Handler
 *fill*         0x080020d6        0x2 
 .text.SysTick_Handler
                0x080020d8       0x34 ./Core/Src/stm32f4xx_it.o
                0x080020d8                SysTick_Handler
 .text.OTG_FS_IRQHandler
                0x0800210c       0x14 ./Core/Src/stm32f4xx_it.o
                0x0800210c                OTG_FS_IRQHandler
 .text._sbrk    0x08002120       0x6c ./Core/Src/sysmem.o
                0x08002120                _sbrk
 .text.SystemInit
                0x0800218c       0x24 ./Core/Src/system_stm32f4xx.o
                0x0800218c                SystemInit
 .text.Reset_Handler
                0x080021b0       0x50 ./Core/Startup/startup_stm32f429zitx.o
                0x080021b0                Reset_Handler
 .text.Default_Handler
                0x08002200        0x2 ./Core/Startup/startup_stm32f429zitx.o
                0x08002200                RTC_Alarm_IRQHandler
                0x08002200                HASH_RNG_IRQHandler
                0x08002200                EXTI2_IRQHandler
                0x08002200                TIM8_CC_IRQHandler
                0x08002200                UART8_IRQHandler
                0x08002200                SPI4_IRQHandler
                0x08002200                TIM1_CC_IRQHandler
                0x08002200                DMA2_Stream5_IRQHandler
                0x08002200                DMA1_Stream5_IRQHandler
                0x08002200                PVD_IRQHandler
                0x08002200                SDIO_IRQHandler
                0x08002200                TAMP_STAMP_IRQHandler
                0x08002200                CAN2_RX1_IRQHandler
                0x08002200                EXTI3_IRQHandler
                0x08002200                TIM8_TRG_COM_TIM14_IRQHandler
                0x08002200                TIM1_UP_TIM10_IRQHandler
                0x08002200                TIM8_UP_TIM13_IRQHandler
                0x08002200                I2C3_ER_IRQHandler
                0x08002200                EXTI0_IRQHandler
                0x08002200                I2C2_EV_IRQHandler
                0x08002200                DMA1_Stream2_IRQHandler
                0x08002200                CAN1_RX0_IRQHandler
                0x08002200                FPU_IRQHandler
                0x08002200                OTG_HS_WKUP_IRQHandler
                0x08002200                LTDC_ER_IRQHandler
                0x08002200                CAN2_SCE_IRQHandler
                0x08002200                DMA2_Stream2_IRQHandler
                0x08002200                SPI1_IRQHandler
                0x08002200                TIM6_DAC_IRQHandler
                0x08002200                TIM1_BRK_TIM9_IRQHandler
                0x08002200                DCMI_IRQHandler
                0x08002200                CAN2_RX0_IRQHandler
                0x08002200                DMA2_Stream3_IRQHandler
                0x08002200                USART6_IRQHandler
                0x08002200                USART3_IRQHandler
                0x08002200                CAN1_RX1_IRQHandler
                0x08002200                UART5_IRQHandler
                0x08002200                DMA2_Stream0_IRQHandler
                0x08002200                TIM4_IRQHandler
                0x08002200                I2C1_EV_IRQHandler
                0x08002200                DMA1_Stream6_IRQHandler
                0x08002200                DMA1_Stream1_IRQHandler
                0x08002200                UART4_IRQHandler
                0x08002200                TIM3_IRQHandler
                0x08002200                RCC_IRQHandler
                0x08002200                TIM8_BRK_TIM12_IRQHandler
                0x08002200                Default_Handler
                0x08002200                EXTI15_10_IRQHandler
                0x08002200                ADC_IRQHandler
                0x08002200                DMA1_Stream7_IRQHandler
                0x08002200                SPI5_IRQHandler
                0x08002200                TIM7_IRQHandler
                0x08002200                CAN2_TX_IRQHandler
                0x08002200                TIM5_IRQHandler
                0x08002200                DMA2_Stream7_IRQHandler
                0x08002200                I2C3_EV_IRQHandler
                0x08002200                EXTI9_5_IRQHandler
                0x08002200                RTC_WKUP_IRQHandler
                0x08002200                LTDC_IRQHandler
                0x08002200                ETH_WKUP_IRQHandler
                0x08002200                SPI2_IRQHandler
                0x08002200                OTG_HS_EP1_IN_IRQHandler
                0x08002200                DMA1_Stream0_IRQHandler
                0x08002200                CAN1_TX_IRQHandler
                0x08002200                EXTI4_IRQHandler
                0x08002200                ETH_IRQHandler
                0x08002200                OTG_HS_EP1_OUT_IRQHandler
                0x08002200                WWDG_IRQHandler
                0x08002200                SPI6_IRQHandler
                0x08002200                TIM2_IRQHandler
                0x08002200                OTG_FS_WKUP_IRQHandler
                0x08002200                TIM1_TRG_COM_TIM11_IRQHandler
                0x08002200                OTG_HS_IRQHandler
                0x08002200                DMA2D_IRQHandler
                0x08002200                EXTI1_IRQHandler
                0x08002200                UART7_IRQHandler
                0x08002200                USART2_IRQHandler
                0x08002200                I2C2_ER_IRQHandler
                0x08002200                DMA2_Stream1_IRQHandler
                0x08002200                CAN1_SCE_IRQHandler
                0x08002200                FLASH_IRQHandler
                0x08002200                DMA2_Stream4_IRQHandler
                0x08002200                USART1_IRQHandler
                0x08002200                SPI3_IRQHandler
                0x08002200                DMA1_Stream4_IRQHandler
                0x08002200                I2C1_ER_IRQHandler
                0x08002200                FMC_IRQHandler
                0x08002200                DMA2_Stream6_IRQHandler
                0x08002200                SAI1_IRQHandler
                0x08002200                DMA1_Stream3_IRQHandler
 *fill*         0x08002202        0x2 
 .text.HAL_Init
                0x08002204       0x44 ./Drivers/STM32F4xx_HAL_Driver/Src/stm32f4xx_hal.o
                0x08002204                HAL_Init
 .text.HAL_InitTick
                0x08002248       0x60 ./Drivers/STM32F4xx_HAL_Driver/Src/stm32f4xx_hal.o
                0x08002248                HAL_InitTick
 .text.HAL_IncTick
                0x080022a8       0x28 ./Drivers/STM32F4xx_HAL_Driver/Src/stm32f4xx_hal.o
                0x080022a8                HAL_IncTick
 .text.HAL_GetTick
                0x080022d0       0x18 ./Drivers/STM32F4xx_HAL_Driver/Src/stm32f4xx_hal.o
                0x080022d0                HAL_GetTick
 .text.HAL_Delay
                0x080022e8       0x48 ./Drivers/STM32F4xx_HAL_Driver/Src/stm32f4xx_hal.o
                0x080022e8                HAL_Delay
 .text.__NVIC_SetPriorityGrouping
                0x08002330       0x48 ./Drivers/STM32F4xx_HAL_Driver/Src/stm32f4xx_hal_cortex.o
 .text.__NVIC_GetPriorityGrouping
                0x08002378       0x1c ./Drivers/STM32F4xx_HAL_Driver/Src/stm32f4xx_hal_cortex.o
 .text.__NVIC_EnableIRQ
                0x08002394       0x3c ./Drivers/STM32F4xx_HAL_Driver/Src/stm32f4xx_hal_cortex.o
 .text.__NVIC_SetPriority
                0x080023d0       0x54 ./Drivers/STM32F4xx_HAL_Driver/Src/stm32f4xx_hal_cortex.o
 .text.NVIC_EncodePriority
                0x08002424       0x66 ./Drivers/STM32F4xx_HAL_Driver/Src/stm32f4xx_hal_cortex.o
 *fill*         0x0800248a        0x2 
 .text.SysTick_Config
                0x0800248c       0x44 ./Drivers/STM32F4xx_HAL_Driver/Src/stm32f4xx_hal_cortex.o
 .text.HAL_NVIC_SetPriorityGrouping
                0x080024d0       0x16 ./Drivers/STM32F4xx_HAL_Driver/Src/stm32f4xx_hal_cortex.o
                0x080024d0                HAL_NVIC_SetPriorityGrouping
 .text.HAL_NVIC_SetPriority
                0x080024e6       0x38 ./Drivers/STM32F4xx_HAL_Driver/Src/stm32f4xx_hal_cortex.o
                0x080024e6                HAL_NVIC_SetPriority
 .text.HAL_NVIC_EnableIRQ
                0x0800251e       0x1c ./Drivers/STM32F4xx_HAL_Driver/Src/stm32f4xx_hal_cortex.o
                0x0800251e                HAL_NVIC_EnableIRQ
 .text.HAL_SYSTICK_Config
                0x0800253a       0x18 ./Drivers/STM32F4xx_HAL_Driver/Src/stm32f4xx_hal_cortex.o
                0x0800253a                HAL_SYSTICK_Config
 *fill*         0x08002552        0x2 
 .text.HAL_GPIO_Init
                0x08002554      0x358 ./Drivers/STM32F4xx_HAL_Driver/Src/stm32f4xx_hal_gpio.o
                0x08002554                HAL_GPIO_Init
 .text.HAL_GPIO_WritePin
                0x080028ac       0x32 ./Drivers/STM32F4xx_HAL_Driver/Src/stm32f4xx_hal_gpio.o
                0x080028ac                HAL_GPIO_WritePin
 .text.HAL_PCD_Init
                0x080028de      0x21e ./Drivers/STM32F4xx_HAL_Driver/Src/stm32f4xx_hal_pcd.o
                0x080028de                HAL_PCD_Init
 .text.HAL_PCD_Start
                0x08002afc       0x6a ./Drivers/STM32F4xx_HAL_Driver/Src/stm32f4xx_hal_pcd.o
                0x08002afc                HAL_PCD_Start
 .text.HAL_PCD_IRQHandler
                0x08002b66      0x942 ./Drivers/STM32F4xx_HAL_Driver/Src/stm32f4xx_hal_pcd.o
                0x08002b66                HAL_PCD_IRQHandler
 .text.HAL_PCD_SetAddress
                0x080034a8       0x48 ./Drivers/STM32F4xx_HAL_Driver/Src/stm32f4xx_hal_pcd.o
                0x080034a8                HAL_PCD_SetAddress
 .text.HAL_PCD_EP_Open
                0x080034f0       0xd4 ./Drivers/STM32F4xx_HAL_Driver/Src/stm32f4xx_hal_pcd.o
                0x080034f0                HAL_PCD_EP_Open
 .text.HAL_PCD_EP_Close
                0x080035c4       0x94 ./Drivers/STM32F4xx_HAL_Driver/Src/stm32f4xx_hal_pcd.o
                0x080035c4                HAL_PCD_EP_Close
 .text.HAL_PCD_EP_Receive
                0x08003658       0x76 ./Drivers/STM32F4xx_HAL_Driver/Src/stm32f4xx_hal_pcd.o
                0x08003658                HAL_PCD_EP_Receive
 .text.HAL_PCD_EP_GetRxCount
                0x080036ce       0x30 ./Drivers/STM32F4xx_HAL_Driver/Src/stm32f4xx_hal_pcd.o
                0x080036ce                HAL_PCD_EP_GetRxCount
 .text.HAL_PCD_EP_Transmit
                0x080036fe       0x74 ./Drivers/STM32F4xx_HAL_Driver/Src/stm32f4xx_hal_pcd.o
                0x080036fe                HAL_PCD_EP_Transmit
 .text.HAL_PCD_EP_SetStall
                0x08003772       0xc6 ./Drivers/STM32F4xx_HAL_Driver/Src/stm32f4xx_hal_pcd.o
                0x08003772                HAL_PCD_EP_SetStall
 .text.HAL_PCD_EP_ClrStall
                0x08003838       0xac ./Drivers/STM32F4xx_HAL_Driver/Src/stm32f4xx_hal_pcd.o
                0x08003838                HAL_PCD_EP_ClrStall
 .text.HAL_PCD_EP_Abort
                0x080038e4       0x62 ./Drivers/STM32F4xx_HAL_Driver/Src/stm32f4xx_hal_pcd.o
                0x080038e4                HAL_PCD_EP_Abort
 .text.HAL_PCD_EP_Flush
                0x08003946       0x5a ./Drivers/STM32F4xx_HAL_Driver/Src/stm32f4xx_hal_pcd.o
                0x08003946                HAL_PCD_EP_Flush
 .text.PCD_WriteEmptyTxFifo
                0x080039a0      0x118 ./Drivers/STM32F4xx_HAL_Driver/Src/stm32f4xx_hal_pcd.o
 .text.PCD_EP_OutXfrComplete_int
                0x08003ab8      0x1d0 ./Drivers/STM32F4xx_HAL_Driver/Src/stm32f4xx_hal_pcd.o
 .text.PCD_EP_OutSetupPacket_int
                0x08003c88       0x8c ./Drivers/STM32F4xx_HAL_Driver/Src/stm32f4xx_hal_pcd.o
 .text.HAL_PCDEx_SetTxFiFo
                0x08003d14       0x8e ./Drivers/STM32F4xx_HAL_Driver/Src/stm32f4xx_hal_pcd_ex.o
                0x08003d14                HAL_PCDEx_SetTxFiFo
 .text.HAL_PCDEx_SetRxFiFo
                0x08003da2       0x22 ./Drivers/STM32F4xx_HAL_Driver/Src/stm32f4xx_hal_pcd_ex.o
                0x08003da2                HAL_PCDEx_SetRxFiFo
 .text.HAL_PCDEx_LPM_Callback
                0x08003dc4       0x18 ./Drivers/STM32F4xx_HAL_Driver/Src/stm32f4xx_hal_pcd_ex.o
                0x08003dc4                HAL_PCDEx_LPM_Callback
 .text.HAL_RCC_OscConfig
                0x08003ddc      0x4f0 ./Drivers/STM32F4xx_HAL_Driver/Src/stm32f4xx_hal_rcc.o
                0x08003ddc                HAL_RCC_OscConfig
 .text.HAL_RCC_ClockConfig
                0x080042cc      0x1cc ./Drivers/STM32F4xx_HAL_Driver/Src/stm32f4xx_hal_rcc.o
                0x080042cc                HAL_RCC_ClockConfig
 .text.HAL_RCC_GetSysClockFreq
                0x08004498      0x20c ./Drivers/STM32F4xx_HAL_Driver/Src/stm32f4xx_hal_rcc.o
                0x08004498                HAL_RCC_GetSysClockFreq
 .text.HAL_RCC_GetHCLKFreq
                0x080046a4       0x18 ./Drivers/STM32F4xx_HAL_Driver/Src/stm32f4xx_hal_rcc.o
                0x080046a4                HAL_RCC_GetHCLKFreq
 .text.HAL_RCC_GetPCLK1Freq
                0x080046bc       0x28 ./Drivers/STM32F4xx_HAL_Driver/Src/stm32f4xx_hal_rcc.o
                0x080046bc                HAL_RCC_GetPCLK1Freq
 .text.HAL_RCC_GetPCLK2Freq
                0x080046e4       0x28 ./Drivers/STM32F4xx_HAL_Driver/Src/stm32f4xx_hal_rcc.o
                0x080046e4                HAL_RCC_GetPCLK2Freq
 .text.HAL_SPI_Init
                0x0800470c      0x112 ./Drivers/STM32F4xx_HAL_Driver/Src/stm32f4xx_hal_spi.o
                0x0800470c                HAL_SPI_Init
 .text.HAL_SPI_Transmit
                0x0800481e      0x288 ./Drivers/STM32F4xx_HAL_Driver/Src/stm32f4xx_hal_spi.o
                0x0800481e                HAL_SPI_Transmit
 .text.HAL_SPI_TransmitReceive
                0x08004aa6      0x352 ./Drivers/STM32F4xx_HAL_Driver/Src/stm32f4xx_hal_spi.o
                0x08004aa6                HAL_SPI_TransmitReceive
 .text.SPI_WaitFlagStateUntilTimeout
                0x08004df8      0x110 ./Drivers/STM32F4xx_HAL_Driver/Src/stm32f4xx_hal_spi.o
 .text.SPI_EndRxTxTransaction
                0x08004f08       0xa8 ./Drivers/STM32F4xx_HAL_Driver/Src/stm32f4xx_hal_spi.o
 .text.HAL_UART_Init
                0x08004fb0       0xa0 ./Drivers/STM32F4xx_HAL_Driver/Src/stm32f4xx_hal_uart.o
                0x08004fb0                HAL_UART_Init
 .text.HAL_UART_Transmit
                0x08005050      0x116 ./Drivers/STM32F4xx_HAL_Driver/Src/stm32f4xx_hal_uart.o
                0x08005050                HAL_UART_Transmit
 .text.UART_WaitOnFlagUntilTimeout
                0x08005166       0xb2 ./Drivers/STM32F4xx_HAL_Driver/Src/stm32f4xx_hal_uart.o
 .text.UART_EndRxTransfer
                0x08005218       0xc6 ./Drivers/STM32F4xx_HAL_Driver/Src/stm32f4xx_hal_uart.o
 *fill*         0x080052de        0x2 
 .text.UART_SetConfig
                0x080052e0      0x4e8 ./Drivers/STM32F4xx_HAL_Driver/Src/stm32f4xx_hal_uart.o
 .text.USB_CoreInit
                0x080057c8       0xc8 ./Drivers/STM32F4xx_HAL_Driver/Src/stm32f4xx_ll_usb.o
                0x080057c8                USB_CoreInit
 .text.USB_SetTurnaroundTime
                0x08005890      0x144 ./Drivers/STM32F4xx_HAL_Driver/Src/stm32f4xx_ll_usb.o
                0x08005890                USB_SetTurnaroundTime
 .text.USB_EnableGlobalInt
                0x080059d4       0x22 ./Drivers/STM32F4xx_HAL_Driver/Src/stm32f4xx_ll_usb.o
                0x080059d4                USB_EnableGlobalInt
 .text.USB_DisableGlobalInt
                0x080059f6       0x22 ./Drivers/STM32F4xx_HAL_Driver/Src/stm32f4xx_ll_usb.o
                0x080059f6                USB_DisableGlobalInt
 .text.USB_SetCurrentMode
                0x08005a18       0x98 ./Drivers/STM32F4xx_HAL_Driver/Src/stm32f4xx_ll_usb.o
                0x08005a18                USB_SetCurrentMode
 .text.USB_DevInit
                0x08005ab0      0x2c8 ./Drivers/STM32F4xx_HAL_Driver/Src/stm32f4xx_ll_usb.o
                0x08005ab0                USB_DevInit
 .text.USB_FlushTxFifo
                0x08005d78       0x64 ./Drivers/STM32F4xx_HAL_Driver/Src/stm32f4xx_ll_usb.o
                0x08005d78                USB_FlushTxFifo
 .text.USB_FlushRxFifo
                0x08005ddc       0x5c ./Drivers/STM32F4xx_HAL_Driver/Src/stm32f4xx_ll_usb.o
                0x08005ddc                USB_FlushRxFifo
 .text.USB_SetDevSpeed
                0x08005e38       0x32 ./Drivers/STM32F4xx_HAL_Driver/Src/stm32f4xx_ll_usb.o
                0x08005e38                USB_SetDevSpeed
 .text.USB_GetDevSpeed
                0x08005e6a       0x4a ./Drivers/STM32F4xx_HAL_Driver/Src/stm32f4xx_ll_usb.o
                0x08005e6a                USB_GetDevSpeed
 .text.USB_ActivateEndpoint
                0x08005eb4      0x10e ./Drivers/STM32F4xx_HAL_Driver/Src/stm32f4xx_ll_usb.o
                0x08005eb4                USB_ActivateEndpoint
 *fill*         0x08005fc2        0x2 
 .text.USB_DeactivateEndpoint
                0x08005fc4      0x1b8 ./Drivers/STM32F4xx_HAL_Driver/Src/stm32f4xx_ll_usb.o
                0x08005fc4                USB_DeactivateEndpoint
 .text.USB_EPStartXfer
                0x0800617c      0x53c ./Drivers/STM32F4xx_HAL_Driver/Src/stm32f4xx_ll_usb.o
                0x0800617c                USB_EPStartXfer
 .text.USB_EPStopXfer
                0x080066b8      0x154 ./Drivers/STM32F4xx_HAL_Driver/Src/stm32f4xx_ll_usb.o
                0x080066b8                USB_EPStopXfer
 .text.USB_WritePacket
                0x0800680c       0x7c ./Drivers/STM32F4xx_HAL_Driver/Src/stm32f4xx_ll_usb.o
                0x0800680c                USB_WritePacket
 .text.USB_ReadPacket
                0x08006888       0xb0 ./Drivers/STM32F4xx_HAL_Driver/Src/stm32f4xx_ll_usb.o
                0x08006888                USB_ReadPacket
 .text.USB_EPSetStall
                0x08006938       0xdc ./Drivers/STM32F4xx_HAL_Driver/Src/stm32f4xx_ll_usb.o
                0x08006938                USB_EPSetStall
 .text.USB_EPClearStall
                0x08006a14       0xcc ./Drivers/STM32F4xx_HAL_Driver/Src/stm32f4xx_ll_usb.o
                0x08006a14                USB_EPClearStall
 .text.USB_SetDevAddress
                0x08006ae0       0x4c ./Drivers/STM32F4xx_HAL_Driver/Src/stm32f4xx_ll_usb.o
                0x08006ae0                USB_SetDevAddress
 .text.USB_DevConnect
                0x08006b2c       0x42 ./Drivers/STM32F4xx_HAL_Driver/Src/stm32f4xx_ll_usb.o
                0x08006b2c                USB_DevConnect
 .text.USB_DevDisconnect
                0x08006b6e       0x42 ./Drivers/STM32F4xx_HAL_Driver/Src/stm32f4xx_ll_usb.o
                0x08006b6e                USB_DevDisconnect
 .text.USB_ReadInterrupts
                0x08006bb0       0x26 ./Drivers/STM32F4xx_HAL_Driver/Src/stm32f4xx_ll_usb.o
                0x08006bb0                USB_ReadInterrupts
 .text.USB_ReadDevAllOutEpInterrupt
                0x08006bd6       0x34 ./Drivers/STM32F4xx_HAL_Driver/Src/stm32f4xx_ll_usb.o
                0x08006bd6                USB_ReadDevAllOutEpInterrupt
 .text.USB_ReadDevAllInEpInterrupt
                0x08006c0a       0x34 ./Drivers/STM32F4xx_HAL_Driver/Src/stm32f4xx_ll_usb.o
                0x08006c0a                USB_ReadDevAllInEpInterrupt
 .text.USB_ReadDevOutEPInterrupt
                0x08006c3e       0x3c ./Drivers/STM32F4xx_HAL_Driver/Src/stm32f4xx_ll_usb.o
                0x08006c3e                USB_ReadDevOutEPInterrupt
 .text.USB_ReadDevInEPInterrupt
                0x08006c7a       0x5c ./Drivers/STM32F4xx_HAL_Driver/Src/stm32f4xx_ll_usb.o
                0x08006c7a                USB_ReadDevInEPInterrupt
 .text.USB_GetMode
                0x08006cd6       0x1c ./Drivers/STM32F4xx_HAL_Driver/Src/stm32f4xx_ll_usb.o
                0x08006cd6                USB_GetMode
 .text.USB_ActivateSetup
                0x08006cf2       0x46 ./Drivers/STM32F4xx_HAL_Driver/Src/stm32f4xx_ll_usb.o
                0x08006cf2                USB_ActivateSetup
 .text.USB_EP0_OutStart
                0x08006d38       0xbc ./Drivers/STM32F4xx_HAL_Driver/Src/stm32f4xx_ll_usb.o
                0x08006d38                USB_EP0_OutStart
 .text.USB_CoreReset
                0x08006df4       0x70 ./Drivers/STM32F4xx_HAL_Driver/Src/stm32f4xx_ll_usb.o
 .text.USER_initialize
                0x08006e64       0x1e ./FATFS/Target/user_diskio.o
                0x08006e64                USER_initialize
 .text.USER_status
                0x08006e82       0x1e ./FATFS/Target/user_diskio.o
                0x08006e82                USER_status
 .text.USER_read
                0x08006ea0       0x28 ./FATFS/Target/user_diskio.o
                0x08006ea0                USER_read
 .text.USER_write
                0x08006ec8       0x28 ./FATFS/Target/user_diskio.o
                0x08006ec8                USER_write
 .text.USER_ioctl
                0x08006ef0       0x28 ./FATFS/Target/user_diskio.o
                0x08006ef0                USER_ioctl
 .text.USBD_MSC_Init
                0x08006f18      0x120 ./Middlewares/ST/STM32_USB_Device_Library/Class/MSC/Src/usbd_msc.o
                0x08006f18                USBD_MSC_Init
 .text.USBD_MSC_DeInit
                0x08007038       0xb0 ./Middlewares/ST/STM32_USB_Device_Library/Class/MSC/Src/usbd_msc.o
                0x08007038                USBD_MSC_DeInit
 .text.USBD_MSC_Setup
                0x080070e8      0x200 ./Middlewares/ST/STM32_USB_Device_Library/Class/MSC/Src/usbd_msc.o
                0x080070e8                USBD_MSC_Setup
 .text.USBD_MSC_DataIn
                0x080072e8       0x20 ./Middlewares/ST/STM32_USB_Device_Library/Class/MSC/Src/usbd_msc.o
                0x080072e8                USBD_MSC_DataIn
 .text.USBD_MSC_DataOut
                0x08007308       0x20 ./Middlewares/ST/STM32_USB_Device_Library/Class/MSC/Src/usbd_msc.o
                0x08007308                USBD_MSC_DataOut
 .text.USBD_MSC_GetHSCfgDesc
                0x08007328       0x58 ./Middlewares/ST/STM32_USB_Device_Library/Class/MSC/Src/usbd_msc.o
                0x08007328                USBD_MSC_GetHSCfgDesc
 .text.USBD_MSC_GetFSCfgDesc
                0x08007380       0x58 ./Middlewares/ST/STM32_USB_Device_Library/Class/MSC/Src/usbd_msc.o
                0x08007380                USBD_MSC_GetFSCfgDesc
 .text.USBD_MSC_GetOtherSpeedCfgDesc
                0x080073d8       0x58 ./Middlewares/ST/STM32_USB_Device_Library/Class/MSC/Src/usbd_msc.o
                0x080073d8                USBD_MSC_GetOtherSpeedCfgDesc
 .text.USBD_MSC_GetDeviceQualifierDescriptor
                0x08007430       0x20 ./Middlewares/ST/STM32_USB_Device_Library/Class/MSC/Src/usbd_msc.o
                0x08007430                USBD_MSC_GetDeviceQualifierDescriptor
 .text.USBD_MSC_RegisterStorage
                0x08007450       0x34 ./Middlewares/ST/STM32_USB_Device_Library/Class/MSC/Src/usbd_msc.o
                0x08007450                USBD_MSC_RegisterStorage
 .text.MSC_BOT_Init
                0x08007484       0x94 ./Middlewares/ST/STM32_USB_Device_Library/Class/MSC/Src/usbd_msc_bot.o
                0x08007484                MSC_BOT_Init
 .text.MSC_BOT_Reset
                0x08007518       0x68 ./Middlewares/ST/STM32_USB_Device_Library/Class/MSC/Src/usbd_msc_bot.o
                0x08007518                MSC_BOT_Reset
 .text.MSC_BOT_DeInit
                0x08007580       0x30 ./Middlewares/ST/STM32_USB_Device_Library/Class/MSC/Src/usbd_msc_bot.o
                0x08007580                MSC_BOT_DeInit
 .text.MSC_BOT_DataIn
                0x080075b0       0x74 ./Middlewares/ST/STM32_USB_Device_Library/Class/MSC/Src/usbd_msc_bot.o
                0x080075b0                MSC_BOT_DataIn
 .text.MSC_BOT_DataOut
                0x08007624       0x68 ./Middlewares/ST/STM32_USB_Device_Library/Class/MSC/Src/usbd_msc_bot.o
                0x08007624                MSC_BOT_DataOut
 .text.MSC_BOT_CBW_Decode
                0x0800768c      0x12c ./Middlewares/ST/STM32_USB_Device_Library/Class/MSC/Src/usbd_msc_bot.o
 .text.MSC_BOT_SendData
                0x080077b8       0x6c ./Middlewares/ST/STM32_USB_Device_Library/Class/MSC/Src/usbd_msc_bot.o
 .text.MSC_BOT_SendCSW
                0x08007824       0x74 ./Middlewares/ST/STM32_USB_Device_Library/Class/MSC/Src/usbd_msc_bot.o
                0x08007824                MSC_BOT_SendCSW
 .text.MSC_BOT_Abort
                0x08007898       0x84 ./Middlewares/ST/STM32_USB_Device_Library/Class/MSC/Src/usbd_msc_bot.o
 .text.MSC_BOT_CplClrFeature
                0x0800791c       0x74 ./Middlewares/ST/STM32_USB_Device_Library/Class/MSC/Src/usbd_msc_bot.o
                0x0800791c                MSC_BOT_CplClrFeature
 .text.SCSI_ProcessCmd
                0x08007990      0x354 ./Middlewares/ST/STM32_USB_Device_Library/Class/MSC/Src/usbd_msc_scsi.o
                0x08007990                SCSI_ProcessCmd
 .text.SCSI_TestUnitReady
                0x08007ce4       0xb2 ./Middlewares/ST/STM32_USB_Device_Library/Class/MSC/Src/usbd_msc_scsi.o
 *fill*         0x08007d96        0x2 
 .text.SCSI_Inquiry
                0x08007d98       0xf8 ./Middlewares/ST/STM32_USB_Device_Library/Class/MSC/Src/usbd_msc_scsi.o
 .text.SCSI_ReadCapacity10
                0x08007e90       0xf4 ./Middlewares/ST/STM32_USB_Device_Library/Class/MSC/Src/usbd_msc_scsi.o
 .text.SCSI_ReadCapacity16
                0x08007f84      0x160 ./Middlewares/ST/STM32_USB_Device_Library/Class/MSC/Src/usbd_msc_scsi.o
 .text.SCSI_ReadFormatCapacity
                0x080080e4       0xf6 ./Middlewares/ST/STM32_USB_Device_Library/Class/MSC/Src/usbd_msc_scsi.o
 *fill*         0x080081da        0x2 
 .text.SCSI_ModeSense6
                0x080081dc       0xa0 ./Middlewares/ST/STM32_USB_Device_Library/Class/MSC/Src/usbd_msc_scsi.o
 .text.SCSI_ModeSense10
                0x0800827c       0x9c ./Middlewares/ST/STM32_USB_Device_Library/Class/MSC/Src/usbd_msc_scsi.o
 .text.SCSI_RequestSense
                0x08008318      0x106 ./Middlewares/ST/STM32_USB_Device_Library/Class/MSC/Src/usbd_msc_scsi.o
 .text.SCSI_SenseCode
                0x0800841e       0x96 ./Middlewares/ST/STM32_USB_Device_Library/Class/MSC/Src/usbd_msc_scsi.o
                0x0800841e                SCSI_SenseCode
 .text.SCSI_StartStopUnit
                0x080084b4       0xaa ./Middlewares/ST/STM32_USB_Device_Library/Class/MSC/Src/usbd_msc_scsi.o
 .text.SCSI_AllowPreventRemovable
                0x0800855e       0x5a ./Middlewares/ST/STM32_USB_Device_Library/Class/MSC/Src/usbd_msc_scsi.o
 .text.SCSI_Read10
                0x080085b8      0x154 ./Middlewares/ST/STM32_USB_Device_Library/Class/MSC/Src/usbd_msc_scsi.o
 .text.SCSI_Read12
                0x0800870c      0x16a ./Middlewares/ST/STM32_USB_Device_Library/Class/MSC/Src/usbd_msc_scsi.o
 *fill*         0x08008876        0x2 
 .text.SCSI_Write10
                0x08008878      0x1b0 ./Middlewares/ST/STM32_USB_Device_Library/Class/MSC/Src/usbd_msc_scsi.o
 .text.SCSI_Write12
                0x08008a28      0x1d0 ./Middlewares/ST/STM32_USB_Device_Library/Class/MSC/Src/usbd_msc_scsi.o
 .text.SCSI_Verify10
                0x08008bf8       0x84 ./Middlewares/ST/STM32_USB_Device_Library/Class/MSC/Src/usbd_msc_scsi.o
 .text.SCSI_ReportLuns
                0x08008c7c       0xac ./Middlewares/ST/STM32_USB_Device_Library/Class/MSC/Src/usbd_msc_scsi.o
 .text.SCSI_ReceiveDiagnosticResults
                0x08008d28       0x64 ./Middlewares/ST/STM32_USB_Device_Library/Class/MSC/Src/usbd_msc_scsi.o
 .text.SCSI_CheckAddressRange
                0x08008d8c       0x64 ./Middlewares/ST/STM32_USB_Device_Library/Class/MSC/Src/usbd_msc_scsi.o
 .text.SCSI_ProcessRead
                0x08008df0      0x104 ./Middlewares/ST/STM32_USB_Device_Library/Class/MSC/Src/usbd_msc_scsi.o
 .text.SCSI_ProcessWrite
                0x08008ef4      0x120 ./Middlewares/ST/STM32_USB_Device_Library/Class/MSC/Src/usbd_msc_scsi.o
 .text.SCSI_UpdateBotData
                0x08009014       0x52 ./Middlewares/ST/STM32_USB_Device_Library/Class/MSC/Src/usbd_msc_scsi.o
 .text.USBD_Init
                0x08009066       0x60 ./Middlewares/ST/STM32_USB_Device_Library/Core/Src/usbd_core.o
                0x08009066                USBD_Init
 .text.USBD_RegisterClass
                0x080090c6       0x6c ./Middlewares/ST/STM32_USB_Device_Library/Core/Src/usbd_core.o
                0x080090c6                USBD_RegisterClass
 .text.USBD_Start
                0x08009132       0x18 ./Middlewares/ST/STM32_USB_Device_Library/Core/Src/usbd_core.o
                0x08009132                USBD_Start
 .text.USBD_RunTestMode
                0x0800914a       0x16 ./Middlewares/ST/STM32_USB_Device_Library/Core/Src/usbd_core.o
                0x0800914a                USBD_RunTestMode
 .text.USBD_SetClassConfig
                0x08009160       0x38 ./Middlewares/ST/STM32_USB_Device_Library/Core/Src/usbd_core.o
                0x08009160                USBD_SetClassConfig
 .text.USBD_ClrClassConfig
                0x08009198       0x34 ./Middlewares/ST/STM32_USB_Device_Library/Core/Src/usbd_core.o
                0x08009198                USBD_ClrClassConfig
 .text.USBD_LL_SetupStage
                0x080091cc       0xaa ./Middlewares/ST/STM32_USB_Device_Library/Core/Src/usbd_core.o
                0x080091cc                USBD_LL_SetupStage
 .text.USBD_LL_DataOutStage
                0x08009276      0x178 ./Middlewares/ST/STM32_USB_Device_Library/Core/Src/usbd_core.o
                0x08009276                USBD_LL_DataOutStage
 .text.USBD_LL_DataInStage
                0x080093ee      0x176 ./Middlewares/ST/STM32_USB_Device_Library/Core/Src/usbd_core.o
                0x080093ee                USBD_LL_DataInStage
 .text.USBD_LL_Reset
                0x08009564       0xa6 ./Middlewares/ST/STM32_USB_Device_Library/Core/Src/usbd_core.o
                0x08009564                USBD_LL_Reset
 .text.USBD_LL_SetSpeed
                0x0800960a       0x20 ./Middlewares/ST/STM32_USB_Device_Library/Core/Src/usbd_core.o
                0x0800960a                USBD_LL_SetSpeed
 .text.USBD_LL_Suspend
                0x0800962a       0x38 ./Middlewares/ST/STM32_USB_Device_Library/Core/Src/usbd_core.o
                0x0800962a                USBD_LL_Suspend
 .text.USBD_LL_Resume
                0x08009662       0x30 ./Middlewares/ST/STM32_USB_Device_Library/Core/Src/usbd_core.o
                0x08009662                USBD_LL_Resume
 .text.USBD_LL_SOF
                0x08009692       0x40 ./Middlewares/ST/STM32_USB_Device_Library/Core/Src/usbd_core.o
                0x08009692                USBD_LL_SOF
 .text.USBD_LL_IsoINIncomplete
                0x080096d2       0x64 ./Middlewares/ST/STM32_USB_Device_Library/Core/Src/usbd_core.o
                0x080096d2                USBD_LL_IsoINIncomplete
 .text.USBD_LL_IsoOUTIncomplete
                0x08009736       0x64 ./Middlewares/ST/STM32_USB_Device_Library/Core/Src/usbd_core.o
                0x08009736                USBD_LL_IsoOUTIncomplete
 .text.USBD_LL_DevConnected
                0x0800979a       0x16 ./Middlewares/ST/STM32_USB_Device_Library/Core/Src/usbd_core.o
                0x0800979a                USBD_LL_DevConnected
 .text.USBD_LL_DevDisconnected
                0x080097b0       0x46 ./Middlewares/ST/STM32_USB_Device_Library/Core/Src/usbd_core.o
                0x080097b0                USBD_LL_DevDisconnected
 .text.USBD_CoreFindIF
                0x080097f6       0x1a ./Middlewares/ST/STM32_USB_Device_Library/Core/Src/usbd_core.o
                0x080097f6                USBD_CoreFindIF
 .text.USBD_CoreFindEP
                0x08009810       0x1a ./Middlewares/ST/STM32_USB_Device_Library/Core/Src/usbd_core.o
                0x08009810                USBD_CoreFindEP
 .text.USBD_GetEpDesc
                0x0800982a       0x70 ./Middlewares/ST/STM32_USB_Device_Library/Core/Src/usbd_core.o
                0x0800982a                USBD_GetEpDesc
 .text.USBD_GetNextDesc
                0x0800989a       0x38 ./Middlewares/ST/STM32_USB_Device_Library/Core/Src/usbd_core.o
                0x0800989a                USBD_GetNextDesc
 .text.SWAPBYTE
                0x080098d2       0x3c ./Middlewares/ST/STM32_USB_Device_Library/Core/Src/usbd_ctlreq.o
 *fill*         0x0800990e        0x2 
 .text.USBD_StdDevReq
                0x08009910       0xe4 ./Middlewares/ST/STM32_USB_Device_Library/Core/Src/usbd_ctlreq.o
                0x08009910                USBD_StdDevReq
 .text.USBD_StdItfReq
                0x080099f4       0xd8 ./Middlewares/ST/STM32_USB_Device_Library/Core/Src/usbd_ctlreq.o
                0x080099f4                USBD_StdItfReq
 .text.USBD_StdEPReq
                0x08009acc      0x33e ./Middlewares/ST/STM32_USB_Device_Library/Core/Src/usbd_ctlreq.o
                0x08009acc                USBD_StdEPReq
 *fill*         0x08009e0a        0x2 
 .text.USBD_GetDescriptor
                0x08009e0c      0x2d4 ./Middlewares/ST/STM32_USB_Device_Library/Core/Src/usbd_ctlreq.o
 .text.USBD_SetAddress
                0x0800a0e0       0x88 ./Middlewares/ST/STM32_USB_Device_Library/Core/Src/usbd_ctlreq.o
 .text.USBD_SetConfig
                0x0800a168      0x154 ./Middlewares/ST/STM32_USB_Device_Library/Core/Src/usbd_ctlreq.o
 .text.USBD_GetConfig
                0x0800a2bc       0x6c ./Middlewares/ST/STM32_USB_Device_Library/Core/Src/usbd_ctlreq.o
 .text.USBD_GetStatus
                0x0800a328       0x68 ./Middlewares/ST/STM32_USB_Device_Library/Core/Src/usbd_ctlreq.o
 .text.USBD_SetFeature
                0x0800a390       0x52 ./Middlewares/ST/STM32_USB_Device_Library/Core/Src/usbd_ctlreq.o
 .text.USBD_ClrFeature
                0x0800a3e2       0x44 ./Middlewares/ST/STM32_USB_Device_Library/Core/Src/usbd_ctlreq.o
 .text.USBD_ParseSetupRequest
                0x0800a426       0x74 ./Middlewares/ST/STM32_USB_Device_Library/Core/Src/usbd_ctlreq.o
                0x0800a426                USBD_ParseSetupRequest
 .text.USBD_CtlError
                0x0800a49a       0x22 ./Middlewares/ST/STM32_USB_Device_Library/Core/Src/usbd_ctlreq.o
                0x0800a49a                USBD_CtlError
 .text.USBD_GetString
                0x0800a4bc       0xa4 ./Middlewares/ST/STM32_USB_Device_Library/Core/Src/usbd_ctlreq.o
                0x0800a4bc                USBD_GetString
 .text.USBD_GetLen
                0x0800a560       0x34 ./Middlewares/ST/STM32_USB_Device_Library/Core/Src/usbd_ctlreq.o
 .text.USBD_CtlSendData
                0x0800a594       0x3c ./Middlewares/ST/STM32_USB_Device_Library/Core/Src/usbd_ioreq.o
                0x0800a594                USBD_CtlSendData
 .text.USBD_CtlContinueSendData
                0x0800a5d0       0x22 ./Middlewares/ST/STM32_USB_Device_Library/Core/Src/usbd_ioreq.o
                0x0800a5d0                USBD_CtlContinueSendData
 .text.USBD_CtlContinueRx
                0x0800a5f2       0x22 ./Middlewares/ST/STM32_USB_Device_Library/Core/Src/usbd_ioreq.o
                0x0800a5f2                USBD_CtlContinueRx
 .text.USBD_CtlSendStatus
                0x0800a614       0x26 ./Middlewares/ST/STM32_USB_Device_Library/Core/Src/usbd_ioreq.o
                0x0800a614                USBD_CtlSendStatus
 .text.USBD_CtlReceiveStatus
                0x0800a63a       0x26 ./Middlewares/ST/STM32_USB_Device_Library/Core/Src/usbd_ioreq.o
                0x0800a63a                USBD_CtlReceiveStatus
 .text.ld_word  0x0800a660       0x30 ./Middlewares/Third_Party/FatFs/src/ff.o
 .text.ld_dword
                0x0800a690       0x46 ./Middlewares/Third_Party/FatFs/src/ff.o
 .text.st_word  0x0800a6d6       0x36 ./Middlewares/Third_Party/FatFs/src/ff.o
 .text.st_dword
                0x0800a70c       0x58 ./Middlewares/Third_Party/FatFs/src/ff.o
 .text.mem_cpy  0x0800a764       0x42 ./Middlewares/Third_Party/FatFs/src/ff.o
 .text.mem_set  0x0800a7a6       0x36 ./Middlewares/Third_Party/FatFs/src/ff.o
 .text.mem_cmp  0x0800a7dc       0x4e ./Middlewares/Third_Party/FatFs/src/ff.o
 .text.chk_chr  0x0800a82a       0x36 ./Middlewares/Third_Party/FatFs/src/ff.o
 .text.chk_lock
                0x0800a860       0xb8 ./Middlewares/Third_Party/FatFs/src/ff.o
 .text.enq_lock
                0x0800a918       0x44 ./Middlewares/Third_Party/FatFs/src/ff.o
 .text.inc_lock
                0x0800a95c      0x11c ./Middlewares/Third_Party/FatFs/src/ff.o
 .text.dec_lock
                0x0800aa78       0x78 ./Middlewares/Third_Party/FatFs/src/ff.o
 .text.clear_lock
                0x0800aaf0       0x48 ./Middlewares/Third_Party/FatFs/src/ff.o
 .text.sync_window
                0x0800ab38       0x88 ./Middlewares/Third_Party/FatFs/src/ff.o
 .text.move_window
                0x0800abc0       0x5a ./Middlewares/Third_Party/FatFs/src/ff.o
 *fill*         0x0800ac1a        0x2 
 .text.sync_fs  0x0800ac1c       0xe0 ./Middlewares/Third_Party/FatFs/src/ff.o
 .text.clust2sect
                0x0800acfc       0x3e ./Middlewares/Third_Party/FatFs/src/ff.o
 .text.get_fat  0x0800ad3a      0x1a6 ./Middlewares/Third_Party/FatFs/src/ff.o
 .text.put_fat  0x0800aee0      0x234 ./Middlewares/Third_Party/FatFs/src/ff.o
 .text.remove_chain
                0x0800b114       0xca ./Middlewares/Third_Party/FatFs/src/ff.o
 .text.create_chain
                0x0800b1de      0x130 ./Middlewares/Third_Party/FatFs/src/ff.o
 .text.clmt_clust
                0x0800b30e       0x70 ./Middlewares/Third_Party/FatFs/src/ff.o
 .text.dir_sdi  0x0800b37e      0x112 ./Middlewares/Third_Party/FatFs/src/ff.o
 .text.dir_next
                0x0800b490      0x1ac ./Middlewares/Third_Party/FatFs/src/ff.o
 .text.dir_alloc
                0x0800b63c       0x8e ./Middlewares/Third_Party/FatFs/src/ff.o
 .text.ld_clust
                0x0800b6ca       0x3e ./Middlewares/Third_Party/FatFs/src/ff.o
 .text.st_clust
                0x0800b708       0x40 ./Middlewares/Third_Party/FatFs/src/ff.o
 .text.cmp_lfn  0x0800b748       0xe0 ./Middlewares/Third_Party/FatFs/src/ff.o
 .text.pick_lfn
                0x0800b828       0xc8 ./Middlewares/Third_Party/FatFs/src/ff.o
 .text.put_lfn  0x0800b8f0       0xd0 ./Middlewares/Third_Party/FatFs/src/ff.o
 .text.gen_numname
                0x0800b9c0      0x11c ./Middlewares/Third_Party/FatFs/src/ff.o
 .text.sum_sfn  0x0800badc       0x42 ./Middlewares/Third_Party/FatFs/src/ff.o
 .text.dir_read
                0x0800bb1e      0x14e ./Middlewares/Third_Party/FatFs/src/ff.o
 .text.dir_find
                0x0800bc6c      0x180 ./Middlewares/Third_Party/FatFs/src/ff.o
 .text.dir_register
                0x0800bdec      0x1f0 ./Middlewares/Third_Party/FatFs/src/ff.o
 .text.get_fileinfo
                0x0800bfdc      0x1bc ./Middlewares/Third_Party/FatFs/src/ff.o
 .text.create_name
                0x0800c198      0x370 ./Middlewares/Third_Party/FatFs/src/ff.o
 .text.follow_path
                0x0800c508       0xec ./Middlewares/Third_Party/FatFs/src/ff.o
 .text.get_ldnumber
                0x0800c5f4       0x88 ./Middlewares/Third_Party/FatFs/src/ff.o
 .text.check_fs
                0x0800c67c       0xac ./Middlewares/Third_Party/FatFs/src/ff.o
 .text.find_volume
                0x0800c728      0x50c ./Middlewares/Third_Party/FatFs/src/ff.o
 .text.validate
                0x0800cc34       0x6a ./Middlewares/Third_Party/FatFs/src/ff.o
 *fill*         0x0800cc9e        0x2 
 .text.f_mount  0x0800cca0       0x8c ./Middlewares/Third_Party/FatFs/src/ff.o
                0x0800cca0                f_mount
 .text.f_open   0x0800cd2c      0x390 ./Middlewares/Third_Party/FatFs/src/ff.o
                0x0800cd2c                f_open
 .text.f_read   0x0800d0bc      0x2be ./Middlewares/Third_Party/FatFs/src/ff.o
                0x0800d0bc                f_read
 .text.f_write  0x0800d37a      0x328 ./Middlewares/Third_Party/FatFs/src/ff.o
                0x0800d37a                f_write
 .text.f_sync   0x0800d6a2       0xfc ./Middlewares/Third_Party/FatFs/src/ff.o
                0x0800d6a2                f_sync
 .text.f_close  0x0800d79e       0x54 ./Middlewares/Third_Party/FatFs/src/ff.o
                0x0800d79e                f_close
 .text.f_lseek  0x0800d7f2      0x448 ./Middlewares/Third_Party/FatFs/src/ff.o
                0x0800d7f2                f_lseek
 .text.f_opendir
                0x0800dc3a       0xe6 ./Middlewares/Third_Party/FatFs/src/ff.o
                0x0800dc3a                f_opendir
 .text.f_closedir
                0x0800dd20       0x4c ./Middlewares/Third_Party/FatFs/src/ff.o
                0x0800dd20                f_closedir
 .text.f_readdir
                0x0800dd6c       0x7a ./Middlewares/Third_Party/FatFs/src/ff.o
                0x0800dd6c                f_readdir
 .text.f_stat   0x0800dde6       0x72 ./Middlewares/Third_Party/FatFs/src/ff.o
                0x0800dde6                f_stat
 .text.f_getfree
                0x0800de58      0x16a ./Middlewares/Third_Party/FatFs/src/ff.o
                0x0800de58                f_getfree
 .text.f_mkdir  0x0800dfc2      0x21a ./Middlewares/Third_Party/FatFs/src/ff.o
                0x0800dfc2                f_mkdir
 .text.f_gets   0x0800e1dc       0x7c ./Middlewares/Third_Party/FatFs/src/ff.o
                0x0800e1dc                f_gets
 .text.putc_bfd
                0x0800e258       0x7a ./Middlewares/Third_Party/FatFs/src/ff.o
 .text.putc_flush
                0x0800e2d2       0x4a ./Middlewares/Third_Party/FatFs/src/ff.o
 .text.putc_init
                0x0800e31c       0x2a ./Middlewares/Third_Party/FatFs/src/ff.o
 .text.f_puts   0x0800e346       0x48 ./Middlewares/Third_Party/FatFs/src/ff.o
                0x0800e346                f_puts
 *fill*         0x0800e38e        0x2 
 .text.FATFS_LinkDriverEx
                0x0800e390       0x98 ./Middlewares/Third_Party/FatFs/src/ff_gen_drv.o
                0x0800e390                FATFS_LinkDriverEx
 .text.FATFS_LinkDriver
                0x0800e428       0x1e ./Middlewares/Third_Party/FatFs/src/ff_gen_drv.o
                0x0800e428                FATFS_LinkDriver
 *fill*         0x0800e446        0x2 
 .text.ff_convert
                0x0800e448       0x78 ./Middlewares/Third_Party/FatFs/src/option/ccsbcs.o
                0x0800e448                ff_convert
 .text.ff_wtoupper
                0x0800e4c0      0x114 ./Middlewares/Third_Party/FatFs/src/option/ccsbcs.o
                0x0800e4c0                ff_wtoupper
 .text.MX_USB_DEVICE_Init
                0x0800e5d4       0x60 ./USB_DEVICE/App/usb_device.o
                0x0800e5d4                MX_USB_DEVICE_Init
 .text.USBD_FS_DeviceDescriptor
                0x0800e634       0x24 ./USB_DEVICE/App/usbd_desc.o
                0x0800e634                USBD_FS_DeviceDescriptor
 .text.USBD_FS_LangIDStrDescriptor
                0x0800e658       0x24 ./USB_DEVICE/App/usbd_desc.o
                0x0800e658                USBD_FS_LangIDStrDescriptor
 .text.USBD_FS_ProductStrDescriptor
                0x0800e67c       0x3c ./USB_DEVICE/App/usbd_desc.o
                0x0800e67c                USBD_FS_ProductStrDescriptor
 .text.USBD_FS_ManufacturerStrDescriptor
                0x0800e6b8       0x28 ./USB_DEVICE/App/usbd_desc.o
                0x0800e6b8                USBD_FS_ManufacturerStrDescriptor
 .text.USBD_FS_SerialStrDescriptor
                0x0800e6e0       0x24 ./USB_DEVICE/App/usbd_desc.o
                0x0800e6e0                USBD_FS_SerialStrDescriptor
 .text.USBD_FS_ConfigStrDescriptor
                0x0800e704       0x3c ./USB_DEVICE/App/usbd_desc.o
                0x0800e704                USBD_FS_ConfigStrDescriptor
 .text.USBD_FS_InterfaceStrDescriptor
                0x0800e740       0x3c ./USB_DEVICE/App/usbd_desc.o
                0x0800e740                USBD_FS_InterfaceStrDescriptor
 .text.Get_SerialNum
                0x0800e77c       0x58 ./USB_DEVICE/App/usbd_desc.o
 .text.IntToUnicode
                0x0800e7d4       0x7e ./USB_DEVICE/App/usbd_desc.o
 .text.STORAGE_Init_FS
                0x0800e852       0x18 ./USB_DEVICE/App/usbd_storage_if.o
 .text.STORAGE_GetCapacity_FS
                0x0800e86a       0x2c ./USB_DEVICE/App/usbd_storage_if.o
 .text.STORAGE_IsReady_FS
                0x0800e896       0x18 ./USB_DEVICE/App/usbd_storage_if.o
 .text.STORAGE_IsWriteProtected_FS
                0x0800e8ae       0x18 ./USB_DEVICE/App/usbd_storage_if.o
 .text.STORAGE_Read_FS
                0x0800e8c6       0x22 ./USB_DEVICE/App/usbd_storage_if.o
 .text.STORAGE_Write_FS
                0x0800e8e8       0x22 ./USB_DEVICE/App/usbd_storage_if.o
 .text.STORAGE_GetMaxLun_FS
                0x0800e90a       0x10 ./USB_DEVICE/App/usbd_storage_if.o
 *fill*         0x0800e91a        0x2 
 .text.HAL_PCD_MspInit
                0x0800e91c       0xa8 ./USB_DEVICE/Target/usbd_conf.o
                0x0800e91c                HAL_PCD_MspInit
 .text.HAL_PCD_SetupStageCallback
                0x0800e9c4       0x24 ./USB_DEVICE/Target/usbd_conf.o
                0x0800e9c4                HAL_PCD_SetupStageCallback
 .text.HAL_PCD_DataOutStageCallback
                0x0800e9e8       0x36 ./USB_DEVICE/Target/usbd_conf.o
                0x0800e9e8                HAL_PCD_DataOutStageCallback
 .text.HAL_PCD_DataInStageCallback
                0x0800ea1e       0x34 ./USB_DEVICE/Target/usbd_conf.o
                0x0800ea1e                HAL_PCD_DataInStageCallback
 .text.HAL_PCD_SOFCallback
                0x0800ea52       0x1c ./USB_DEVICE/Target/usbd_conf.o
                0x0800ea52                HAL_PCD_SOFCallback
 .text.HAL_PCD_ResetCallback
                0x0800ea6e       0x50 ./USB_DEVICE/Target/usbd_conf.o
                0x0800ea6e                HAL_PCD_ResetCallback
 *fill*         0x0800eabe        0x2 
 .text.HAL_PCD_SuspendCallback
                0x0800eac0       0x4c ./USB_DEVICE/Target/usbd_conf.o
                0x0800eac0                HAL_PCD_SuspendCallback
 .text.HAL_PCD_ResumeCallback
                0x0800eb0c       0x1c ./USB_DEVICE/Target/usbd_conf.o
                0x0800eb0c                HAL_PCD_ResumeCallback
 .text.HAL_PCD_ISOOUTIncompleteCallback
                0x0800eb28       0x24 ./USB_DEVICE/Target/usbd_conf.o
                0x0800eb28                HAL_PCD_ISOOUTIncompleteCallback
 .text.HAL_PCD_ISOINIncompleteCallback
                0x0800eb4c       0x24 ./USB_DEVICE/Target/usbd_conf.o
                0x0800eb4c                HAL_PCD_ISOINIncompleteCallback
 .text.HAL_PCD_ConnectCallback
                0x0800eb70       0x1c ./USB_DEVICE/Target/usbd_conf.o
                0x0800eb70                HAL_PCD_ConnectCallback
 .text.HAL_PCD_DisconnectCallback
                0x0800eb8c       0x1c ./USB_DEVICE/Target/usbd_conf.o
                0x0800eb8c                HAL_PCD_DisconnectCallback
 .text.USBD_LL_Init
                0x0800eba8       0x98 ./USB_DEVICE/Target/usbd_conf.o
                0x0800eba8                USBD_LL_Init
 .text.USBD_LL_Start
                0x0800ec40       0x36 ./USB_DEVICE/Target/usbd_conf.o
                0x0800ec40                USBD_LL_Start
 .text.USBD_LL_OpenEP
                0x0800ec76       0x4c ./USB_DEVICE/Target/usbd_conf.o
                0x0800ec76                USBD_LL_OpenEP
 .text.USBD_LL_CloseEP
                0x0800ecc2       0x3e ./USB_DEVICE/Target/usbd_conf.o
                0x0800ecc2                USBD_LL_CloseEP
 .text.USBD_LL_FlushEP
                0x0800ed00       0x3e ./USB_DEVICE/Target/usbd_conf.o
                0x0800ed00                USBD_LL_FlushEP
 .text.USBD_LL_StallEP
                0x0800ed3e       0x3e ./USB_DEVICE/Target/usbd_conf.o
                0x0800ed3e                USBD_LL_StallEP
 .text.USBD_LL_ClearStallEP
                0x0800ed7c       0x3e ./USB_DEVICE/Target/usbd_conf.o
                0x0800ed7c                USBD_LL_ClearStallEP
 .text.USBD_LL_IsStallEP
                0x0800edba       0x58 ./USB_DEVICE/Target/usbd_conf.o
                0x0800edba                USBD_LL_IsStallEP
 .text.USBD_LL_SetUSBAddress
                0x0800ee12       0x3e ./USB_DEVICE/Target/usbd_conf.o
                0x0800ee12                USBD_LL_SetUSBAddress
 .text.USBD_LL_Transmit
                0x0800ee50       0x42 ./USB_DEVICE/Target/usbd_conf.o
                0x0800ee50                USBD_LL_Transmit
 .text.USBD_LL_PrepareReceive
                0x0800ee92       0x42 ./USB_DEVICE/Target/usbd_conf.o
                0x0800ee92                USBD_LL_PrepareReceive
 .text.USBD_LL_GetRxDataSize
                0x0800eed4       0x26 ./USB_DEVICE/Target/usbd_conf.o
                0x0800eed4                USBD_LL_GetRxDataSize
 *fill*         0x0800eefa        0x2 
 .text.USBD_static_malloc
                0x0800eefc       0x1c ./USB_DEVICE/Target/usbd_conf.o
                0x0800eefc                USBD_static_malloc
 .text.USBD_static_free
                0x0800ef18       0x14 ./USB_DEVICE/Target/usbd_conf.o
                0x0800ef18                USBD_static_free
 .text.USBD_Get_USB_Status
                0x0800ef2c       0x58 ./USB_DEVICE/Target/usbd_conf.o
                0x0800ef2c                USBD_Get_USB_Status
 .text.sprintf  0x0800ef84       0x40 C:/ST/STM32CubeIDE_1.17.0/STM32CubeIDE/plugins/com.st.stm32cube.ide.mcu.externaltools.gnu-tools-for-stm32.12.3.rel1.win32_1.1.0.202410251130/tools/bin/../lib/gcc/arm-none-eabi/12.3.1/../../../../arm-none-eabi/lib/thumb/v7e-m+fp/hard\libc_nano.a(libc_a-sprintf.o)
                0x0800ef84                siprintf
                0x0800ef84                sprintf
 .text.memset   0x0800efc4       0x10 C:/ST/STM32CubeIDE_1.17.0/STM32CubeIDE/plugins/com.st.stm32cube.ide.mcu.externaltools.gnu-tools-for-stm32.12.3.rel1.win32_1.1.0.202410251130/tools/bin/../lib/gcc/arm-none-eabi/12.3.1/../../../../arm-none-eabi/lib/thumb/v7e-m+fp/hard\libc_nano.a(libc_a-memset.o)
                0x0800efc4                memset
 .text.__errno  0x0800efd4        0xc C:/ST/STM32CubeIDE_1.17.0/STM32CubeIDE/plugins/com.st.stm32cube.ide.mcu.externaltools.gnu-tools-for-stm32.12.3.rel1.win32_1.1.0.202410251130/tools/bin/../lib/gcc/arm-none-eabi/12.3.1/../../../../arm-none-eabi/lib/thumb/v7e-m+fp/hard\libc_nano.a(libc_a-errno.o)
                0x0800efd4                __errno
 .text.__libc_init_array
                0x0800efe0       0x48 C:/ST/STM32CubeIDE_1.17.0/STM32CubeIDE/plugins/com.st.stm32cube.ide.mcu.externaltools.gnu-tools-for-stm32.12.3.rel1.win32_1.1.0.202410251130/tools/bin/../lib/gcc/arm-none-eabi/12.3.1/../../../../arm-none-eabi/lib/thumb/v7e-m+fp/hard\libc_nano.a(libc_a-init.o)
                0x0800efe0                __libc_init_array
 .text.__retarget_lock_acquire_recursive
                0x0800f028        0x2 C:/ST/STM32CubeIDE_1.17.0/STM32CubeIDE/plugins/com.st.stm32cube.ide.mcu.externaltools.gnu-tools-for-stm32.12.3.rel1.win32_1.1.0.202410251130/tools/bin/../lib/gcc/arm-none-eabi/12.3.1/../../../../arm-none-eabi/lib/thumb/v7e-m+fp/hard\libc_nano.a(libc_a-lock.o)
                0x0800f028                __retarget_lock_acquire_recursive
 .text.__retarget_lock_release_recursive
                0x0800f02a        0x2 C:/ST/STM32CubeIDE_1.17.0/STM32CubeIDE/plugins/com.st.stm32cube.ide.mcu.externaltools.gnu-tools-for-stm32.12.3.rel1.win32_1.1.0.202410251130/tools/bin/../lib/gcc/arm-none-eabi/12.3.1/../../../../arm-none-eabi/lib/thumb/v7e-m+fp/hard\libc_nano.a(libc_a-lock.o)
                0x0800f02a                __retarget_lock_release_recursive
 .text.strcpy   0x0800f02c       0x10 C:/ST/STM32CubeIDE_1.17.0/STM32CubeIDE/plugins/com.st.stm32cube.ide.mcu.externaltools.gnu-tools-for-stm32.12.3.rel1.win32_1.1.0.202410251130/tools/bin/../lib/gcc/arm-none-eabi/12.3.1/../../../../arm-none-eabi/lib/thumb/v7e-m+fp/hard\libc_nano.a(libc_a-strcpy.o)
                0x0800f02c                strcpy
 .text._free_r  0x0800f03c       0x94 C:/ST/STM32CubeIDE_1.17.0/STM32CubeIDE/plugins/com.st.stm32cube.ide.mcu.externaltools.gnu-tools-for-stm32.12.3.rel1.win32_1.1.0.202410251130/tools/bin/../lib/gcc/arm-none-eabi/12.3.1/../../../../arm-none-eabi/lib/thumb/v7e-m+fp/hard\libc_nano.a(libc_a-freer.o)
                0x0800f03c                _free_r
 .text.sbrk_aligned
                0x0800f0d0       0x44 C:/ST/STM32CubeIDE_1.17.0/STM32CubeIDE/plugins/com.st.stm32cube.ide.mcu.externaltools.gnu-tools-for-stm32.12.3.rel1.win32_1.1.0.202410251130/tools/bin/../lib/gcc/arm-none-eabi/12.3.1/../../../../arm-none-eabi/lib/thumb/v7e-m+fp/hard\libc_nano.a(libc_a-mallocr.o)
 .text._malloc_r
                0x0800f114      0x100 C:/ST/STM32CubeIDE_1.17.0/STM32CubeIDE/plugins/com.st.stm32cube.ide.mcu.externaltools.gnu-tools-for-stm32.12.3.rel1.win32_1.1.0.202410251130/tools/bin/../lib/gcc/arm-none-eabi/12.3.1/../../../../arm-none-eabi/lib/thumb/v7e-m+fp/hard\libc_nano.a(libc_a-mallocr.o)
                0x0800f114                _malloc_r
 .text.__malloc_lock
                0x0800f214        0xc C:/ST/STM32CubeIDE_1.17.0/STM32CubeIDE/plugins/com.st.stm32cube.ide.mcu.externaltools.gnu-tools-for-stm32.12.3.rel1.win32_1.1.0.202410251130/tools/bin/../lib/gcc/arm-none-eabi/12.3.1/../../../../arm-none-eabi/lib/thumb/v7e-m+fp/hard\libc_nano.a(libc_a-mlock.o)
                0x0800f214                __malloc_lock
 .text.__malloc_unlock
                0x0800f220        0xc C:/ST/STM32CubeIDE_1.17.0/STM32CubeIDE/plugins/com.st.stm32cube.ide.mcu.externaltools.gnu-tools-for-stm32.12.3.rel1.win32_1.1.0.202410251130/tools/bin/../lib/gcc/arm-none-eabi/12.3.1/../../../../arm-none-eabi/lib/thumb/v7e-m+fp/hard\libc_nano.a(libc_a-mlock.o)
                0x0800f220                __malloc_unlock
 .text.__ssputs_r
                0x0800f22c       0xb6 C:/ST/STM32CubeIDE_1.17.0/STM32CubeIDE/plugins/com.st.stm32cube.ide.mcu.externaltools.gnu-tools-for-stm32.12.3.rel1.win32_1.1.0.202410251130/tools/bin/../lib/gcc/arm-none-eabi/12.3.1/../../../../arm-none-eabi/lib/thumb/v7e-m+fp/hard\libc_nano.a(libc_a-nano-svfprintf.o)
                0x0800f22c                __ssputs_r
 *fill*         0x0800f2e2        0x2 
 .text._svfprintf_r
                0x0800f2e4      0x1f8 C:/ST/STM32CubeIDE_1.17.0/STM32CubeIDE/plugins/com.st.stm32cube.ide.mcu.externaltools.gnu-tools-for-stm32.12.3.rel1.win32_1.1.0.202410251130/tools/bin/../lib/gcc/arm-none-eabi/12.3.1/../../../../arm-none-eabi/lib/thumb/v7e-m+fp/hard\libc_nano.a(libc_a-nano-svfprintf.o)
                0x0800f2e4                _svfiprintf_r
                0x0800f2e4                _svfprintf_r
 .text._printf_common
                0x0800f4dc       0xda C:/ST/STM32CubeIDE_1.17.0/STM32CubeIDE/plugins/com.st.stm32cube.ide.mcu.externaltools.gnu-tools-for-stm32.12.3.rel1.win32_1.1.0.202410251130/tools/bin/../lib/gcc/arm-none-eabi/12.3.1/../../../../arm-none-eabi/lib/thumb/v7e-m+fp/hard\libc_nano.a(libc_a-nano-vfprintf_i.o)
                0x0800f4dc                _printf_common
 *fill*         0x0800f5b6        0x2 
 .text._printf_i
                0x0800f5b8      0x240 C:/ST/STM32CubeIDE_1.17.0/STM32CubeIDE/plugins/com.st.stm32cube.ide.mcu.externaltools.gnu-tools-for-stm32.12.3.rel1.win32_1.1.0.202410251130/tools/bin/../lib/gcc/arm-none-eabi/12.3.1/../../../../arm-none-eabi/lib/thumb/v7e-m+fp/hard\libc_nano.a(libc_a-nano-vfprintf_i.o)
                0x0800f5b8                _printf_i
 .text.memmove  0x0800f7f8       0x34 C:/ST/STM32CubeIDE_1.17.0/STM32CubeIDE/plugins/com.st.stm32cube.ide.mcu.externaltools.gnu-tools-for-stm32.12.3.rel1.win32_1.1.0.202410251130/tools/bin/../lib/gcc/arm-none-eabi/12.3.1/../../../../arm-none-eabi/lib/thumb/v7e-m+fp/hard\libc_nano.a(libc_a-memmove.o)
                0x0800f7f8                memmove
 .text._sbrk_r  0x0800f82c       0x20 C:/ST/STM32CubeIDE_1.17.0/STM32CubeIDE/plugins/com.st.stm32cube.ide.mcu.externaltools.gnu-tools-for-stm32.12.3.rel1.win32_1.1.0.202410251130/tools/bin/../lib/gcc/arm-none-eabi/12.3.1/../../../../arm-none-eabi/lib/thumb/v7e-m+fp/hard\libc_nano.a(libc_a-sbrkr.o)
                0x0800f82c                _sbrk_r
 .text.memcpy   0x0800f84c       0x1c C:/ST/STM32CubeIDE_1.17.0/STM32CubeIDE/plugins/com.st.stm32cube.ide.mcu.externaltools.gnu-tools-for-stm32.12.3.rel1.win32_1.1.0.202410251130/tools/bin/../lib/gcc/arm-none-eabi/12.3.1/../../../../arm-none-eabi/lib/thumb/v7e-m+fp/hard\libc_nano.a(libc_a-memcpy-stub.o)
                0x0800f84c                memcpy
 .text._realloc_r
                0x0800f868       0x5c C:/ST/STM32CubeIDE_1.17.0/STM32CubeIDE/plugins/com.st.stm32cube.ide.mcu.externaltools.gnu-tools-for-stm32.12.3.rel1.win32_1.1.0.202410251130/tools/bin/../lib/gcc/arm-none-eabi/12.3.1/../../../../arm-none-eabi/lib/thumb/v7e-m+fp/hard\libc_nano.a(libc_a-reallocr.o)
                0x0800f868                _realloc_r
 .text._malloc_usable_size_r
                0x0800f8c4       0x10 C:/ST/STM32CubeIDE_1.17.0/STM32CubeIDE/plugins/com.st.stm32cube.ide.mcu.externaltools.gnu-tools-for-stm32.12.3.rel1.win32_1.1.0.202410251130/tools/bin/../lib/gcc/arm-none-eabi/12.3.1/../../../../arm-none-eabi/lib/thumb/v7e-m+fp/hard\libc_nano.a(libc_a-msizer.o)
                0x0800f8c4                _malloc_usable_size_r
 *(.glue_7)
 .glue_7        0x0800f8d4        0x0 linker stubs
 *(.glue_7t)
 .glue_7t       0x0800f8d4        0x0 linker stubs
 *(.eh_frame)
 .eh_frame      0x0800f8d4        0x0 C:/ST/STM32CubeIDE_1.17.0/STM32CubeIDE/plugins/com.st.stm32cube.ide.mcu.externaltools.gnu-tools-for-stm32.12.3.rel1.win32_1.1.0.202410251130/tools/bin/../lib/gcc/arm-none-eabi/12.3.1/thumb/v7e-m+fp/hard/crtbegin.o
 *(.init)
 .init          0x0800f8d4        0x4 C:/ST/STM32CubeIDE_1.17.0/STM32CubeIDE/plugins/com.st.stm32cube.ide.mcu.externaltools.gnu-tools-for-stm32.12.3.rel1.win32_1.1.0.202410251130/tools/bin/../lib/gcc/arm-none-eabi/12.3.1/thumb/v7e-m+fp/hard/crti.o
                0x0800f8d4                _init
 .init          0x0800f8d8        0x8 C:/ST/STM32CubeIDE_1.17.0/STM32CubeIDE/plugins/com.st.stm32cube.ide.mcu.externaltools.gnu-tools-for-stm32.12.3.rel1.win32_1.1.0.202410251130/tools/bin/../lib/gcc/arm-none-eabi/12.3.1/thumb/v7e-m+fp/hard/crtn.o
 *(.fini)
 .fini          0x0800f8e0        0x4 C:/ST/STM32CubeIDE_1.17.0/STM32CubeIDE/plugins/com.st.stm32cube.ide.mcu.externaltools.gnu-tools-for-stm32.12.3.rel1.win32_1.1.0.202410251130/tools/bin/../lib/gcc/arm-none-eabi/12.3.1/thumb/v7e-m+fp/hard/crti.o
                0x0800f8e0                _fini
 .fini          0x0800f8e4        0x8 C:/ST/STM32CubeIDE_1.17.0/STM32CubeIDE/plugins/com.st.stm32cube.ide.mcu.externaltools.gnu-tools-for-stm32.12.3.rel1.win32_1.1.0.202410251130/tools/bin/../lib/gcc/arm-none-eabi/12.3.1/thumb/v7e-m+fp/hard/crtn.o
                0x0800f8ec                        . = ALIGN (0x4)
                0x0800f8ec                        _etext = .

.vfp11_veneer   0x0800f8ec        0x0
 .vfp11_veneer  0x0800f8ec        0x0 linker stubs

.v4_bx          0x0800f8ec        0x0
 .v4_bx         0x0800f8ec        0x0 linker stubs

.iplt           0x0800f8ec        0x0
 .iplt          0x0800f8ec        0x0 C:/ST/STM32CubeIDE_1.17.0/STM32CubeIDE/plugins/com.st.stm32cube.ide.mcu.externaltools.gnu-tools-for-stm32.12.3.rel1.win32_1.1.0.202410251130/tools/bin/../lib/gcc/arm-none-eabi/12.3.1/thumb/v7e-m+fp/hard/crtbegin.o

.rodata         0x0800f8ec      0x878
                0x0800f8ec                        . = ALIGN (0x4)
 *(.rodata)
 .rodata        0x0800f8ec       0x75 ./Core/Src/fatfs_sd.o
 *fill*         0x0800f961        0x3 
 .rodata        0x0800f964      0x2c2 ./Core/Src/main.o
 *fill*         0x0800fc26        0x2 
 .rodata        0x0800fc28       0x48 ./Middlewares/Third_Party/FatFs/src/ff.o
 .rodata        0x0800fc70       0x42 ./USB_DEVICE/App/usbd_desc.o
 *(.rodata*)
 *fill*         0x0800fcb2        0x2 
 .rodata.AHBPrescTable
                0x0800fcb4       0x10 ./Core/Src/system_stm32f4xx.o
                0x0800fcb4                AHBPrescTable
 .rodata.APBPrescTable
                0x0800fcc4        0x8 ./Core/Src/system_stm32f4xx.o
                0x0800fcc4                APBPrescTable
 .rodata.ExCvt  0x0800fccc       0x80 ./Middlewares/Third_Party/FatFs/src/ff.o
 .rodata.LfnOfs
                0x0800fd4c        0xd ./Middlewares/Third_Party/FatFs/src/ff.o
 *fill*         0x0800fd59        0x3 
 .rodata.Tbl    0x0800fd5c      0x100 ./Middlewares/Third_Party/FatFs/src/option/ccsbcs.o
 .rodata.cvt1.1
                0x0800fe5c      0x1f2 ./Middlewares/Third_Party/FatFs/src/option/ccsbcs.o
 *fill*         0x0801004e        0x2 
 .rodata.cvt2.0
                0x08010050       0xbc ./Middlewares/Third_Party/FatFs/src/option/ccsbcs.o
 .rodata.STORAGE_Inquirydata_FS
                0x0801010c       0x24 ./USB_DEVICE/App/usbd_storage_if.o
                0x0801010c                STORAGE_Inquirydata_FS
 .rodata._svfprintf_r.str1.1
                0x08010130       0x11 C:/ST/STM32CubeIDE_1.17.0/STM32CubeIDE/plugins/com.st.stm32cube.ide.mcu.externaltools.gnu-tools-for-stm32.12.3.rel1.win32_1.1.0.202410251130/tools/bin/../lib/gcc/arm-none-eabi/12.3.1/../../../../arm-none-eabi/lib/thumb/v7e-m+fp/hard\libc_nano.a(libc_a-nano-svfprintf.o)
 .rodata._printf_i.str1.1
                0x08010141       0x22 C:/ST/STM32CubeIDE_1.17.0/STM32CubeIDE/plugins/com.st.stm32cube.ide.mcu.externaltools.gnu-tools-for-stm32.12.3.rel1.win32_1.1.0.202410251130/tools/bin/../lib/gcc/arm-none-eabi/12.3.1/../../../../arm-none-eabi/lib/thumb/v7e-m+fp/hard\libc_nano.a(libc_a-nano-vfprintf_i.o)
                0x08010164                        . = ALIGN (0x4)
 *fill*         0x08010163        0x1 

.ARM.extab      0x08010164        0x0
                0x08010164                        . = ALIGN (0x4)
 *(.ARM.extab* .gnu.linkonce.armextab.*)
                0x08010164                        . = ALIGN (0x4)

.ARM            0x08010164        0x8
                0x08010164                        . = ALIGN (0x4)
                0x08010164                        __exidx_start = .
 *(.ARM.exidx*)
 .ARM.exidx     0x08010164        0x8 C:/ST/STM32CubeIDE_1.17.0/STM32CubeIDE/plugins/com.st.stm32cube.ide.mcu.externaltools.gnu-tools-for-stm32.12.3.rel1.win32_1.1.0.202410251130/tools/bin/../lib/gcc/arm-none-eabi/12.3.1/../../../../arm-none-eabi/lib/thumb/v7e-m+fp/hard\libc_nano.a(libc_a-strlen.o)
 .ARM.exidx     0x0801016c        0x0 C:/ST/STM32CubeIDE_1.17.0/STM32CubeIDE/plugins/com.st.stm32cube.ide.mcu.externaltools.gnu-tools-for-stm32.12.3.rel1.win32_1.1.0.202410251130/tools/bin/../lib/gcc/arm-none-eabi/12.3.1/../../../../arm-none-eabi/lib/thumb/v7e-m+fp/hard\libc_nano.a(libc_a-memchr.o)
                                  0x8 (size before relaxing)
 .ARM.exidx     0x0801016c        0x0 C:/ST/STM32CubeIDE_1.17.0/STM32CubeIDE/plugins/com.st.stm32cube.ide.mcu.externaltools.gnu-tools-for-stm32.12.3.rel1.win32_1.1.0.202410251130/tools/bin/../lib/gcc/arm-none-eabi/12.3.1/thumb/v7e-m+fp/hard\libgcc.a(_udivmoddi4.o)
                                  0x8 (size before relaxing)
                0x0801016c                        __exidx_end = .
                0x0801016c                        . = ALIGN (0x4)

.preinit_array  0x0801016c        0x0
                0x0801016c                        . = ALIGN (0x4)
                0x0801016c                        PROVIDE (__preinit_array_start = .)
 *(.preinit_array*)
                0x0801016c                        PROVIDE (__preinit_array_end = .)
                0x0801016c                        . = ALIGN (0x4)

.init_array     0x0801016c        0x4
                0x0801016c                        . = ALIGN (0x4)
                0x0801016c                        PROVIDE (__init_array_start = .)
 *(SORT_BY_NAME(.init_array.*))
 *(.init_array*)
 .init_array    0x0801016c        0x4 C:/ST/STM32CubeIDE_1.17.0/STM32CubeIDE/plugins/com.st.stm32cube.ide.mcu.externaltools.gnu-tools-for-stm32.12.3.rel1.win32_1.1.0.202410251130/tools/bin/../lib/gcc/arm-none-eabi/12.3.1/thumb/v7e-m+fp/hard/crtbegin.o
                0x08010170                        PROVIDE (__init_array_end = .)
                0x08010170                        . = ALIGN (0x4)

.fini_array     0x08010170        0x4
                0x08010170                        . = ALIGN (0x4)
                [!provide]                        PROVIDE (__fini_array_start = .)
 *(SORT_BY_NAME(.fini_array.*))
 *(.fini_array*)
 .fini_array    0x08010170        0x4 C:/ST/STM32CubeIDE_1.17.0/STM32CubeIDE/plugins/com.st.stm32cube.ide.mcu.externaltools.gnu-tools-for-stm32.12.3.rel1.win32_1.1.0.202410251130/tools/bin/../lib/gcc/arm-none-eabi/12.3.1/thumb/v7e-m+fp/hard/crtbegin.o
                [!provide]                        PROVIDE (__fini_array_end = .)
                0x08010174                        . = ALIGN (0x4)
                0x08010174                        _sidata = LOADADDR (.data)

.rel.dyn        0x08010174        0x0
 .rel.iplt      0x08010174        0x0 C:/ST/STM32CubeIDE_1.17.0/STM32CubeIDE/plugins/com.st.stm32cube.ide.mcu.externaltools.gnu-tools-for-stm32.12.3.rel1.win32_1.1.0.202410251130/tools/bin/../lib/gcc/arm-none-eabi/12.3.1/thumb/v7e-m+fp/hard/crtbegin.o

.data           0x20000000      0x164 load address 0x08010174
                0x20000000                        . = ALIGN (0x4)
                0x20000000                        _sdata = .
 *(.data)
 *(.data*)
 .data.Stat     0x20000000        0x1 ./Core/Src/fatfs_sd.o
 *fill*         0x20000001        0x3 
 .data.SystemCoreClock
                0x20000004        0x4 ./Core/Src/system_stm32f4xx.o
                0x20000004                SystemCoreClock
 .data.uwTickPrio
                0x20000008        0x4 ./Drivers/STM32F4xx_HAL_Driver/Src/stm32f4xx_hal.o
                0x20000008                uwTickPrio
 .data.uwTickFreq
                0x2000000c        0x1 ./Drivers/STM32F4xx_HAL_Driver/Src/stm32f4xx_hal.o
                0x2000000c                uwTickFreq
 *fill*         0x2000000d        0x3 
 .data.USER_Driver
                0x20000010       0x14 ./FATFS/Target/user_diskio.o
                0x20000010                USER_Driver
 .data.USBD_MSC
                0x20000024       0x38 ./Middlewares/ST/STM32_USB_Device_Library/Class/MSC/Src/usbd_msc.o
                0x20000024                USBD_MSC
 .data.USBD_MSC_CfgDesc
                0x2000005c       0x20 ./Middlewares/ST/STM32_USB_Device_Library/Class/MSC/Src/usbd_msc.o
 .data.USBD_MSC_DeviceQualifierDesc
                0x2000007c        0xa ./Middlewares/ST/STM32_USB_Device_Library/Class/MSC/Src/usbd_msc.o
 .data.MSCInEpAdd
                0x20000086        0x1 ./Middlewares/ST/STM32_USB_Device_Library/Class/MSC/Src/usbd_msc.o
                0x20000086                MSCInEpAdd
 .data.MSCOutEpAdd
                0x20000087        0x1 ./Middlewares/ST/STM32_USB_Device_Library/Class/MSC/Src/usbd_msc.o
                0x20000087                MSCOutEpAdd
 .data.MSC_Page00_Inquiry_Data
                0x20000088        0x6 ./Middlewares/ST/STM32_USB_Device_Library/Class/MSC/Src/usbd_msc_data.o
                0x20000088                MSC_Page00_Inquiry_Data
 *fill*         0x2000008e        0x2 
 .data.MSC_Page80_Inquiry_Data
                0x20000090        0x8 ./Middlewares/ST/STM32_USB_Device_Library/Class/MSC/Src/usbd_msc_data.o
                0x20000090                MSC_Page80_Inquiry_Data
 .data.MSC_Mode_Sense6_data
                0x20000098        0x4 ./Middlewares/ST/STM32_USB_Device_Library/Class/MSC/Src/usbd_msc_data.o
                0x20000098                MSC_Mode_Sense6_data
 .data.MSC_Mode_Sense10_data
                0x2000009c        0x8 ./Middlewares/ST/STM32_USB_Device_Library/Class/MSC/Src/usbd_msc_data.o
                0x2000009c                MSC_Mode_Sense10_data
 .data.FS_Desc  0x200000a4       0x1c ./USB_DEVICE/App/usbd_desc.o
                0x200000a4                FS_Desc
 .data.USBD_FS_DeviceDesc
                0x200000c0       0x12 ./USB_DEVICE/App/usbd_desc.o
                0x200000c0                USBD_FS_DeviceDesc
 *fill*         0x200000d2        0x2 
 .data.USBD_LangIDDesc
                0x200000d4        0x4 ./USB_DEVICE/App/usbd_desc.o
                0x200000d4                USBD_LangIDDesc
 .data.USBD_StringSerial
                0x200000d8       0x1a ./USB_DEVICE/App/usbd_desc.o
                0x200000d8                USBD_StringSerial
 *fill*         0x200000f2        0x2 
 .data.USBD_Storage_Interface_fops_FS
                0x200000f4       0x20 ./USB_DEVICE/App/usbd_storage_if.o
                0x200000f4                USBD_Storage_Interface_fops_FS
 .data._impure_ptr
                0x20000114        0x4 C:/ST/STM32CubeIDE_1.17.0/STM32CubeIDE/plugins/com.st.stm32cube.ide.mcu.externaltools.gnu-tools-for-stm32.12.3.rel1.win32_1.1.0.202410251130/tools/bin/../lib/gcc/arm-none-eabi/12.3.1/../../../../arm-none-eabi/lib/thumb/v7e-m+fp/hard\libc_nano.a(libc_a-impure.o)
                0x20000114                _impure_ptr
 .data._impure_data
                0x20000118       0x4c C:/ST/STM32CubeIDE_1.17.0/STM32CubeIDE/plugins/com.st.stm32cube.ide.mcu.externaltools.gnu-tools-for-stm32.12.3.rel1.win32_1.1.0.202410251130/tools/bin/../lib/gcc/arm-none-eabi/12.3.1/../../../../arm-none-eabi/lib/thumb/v7e-m+fp/hard\libc_nano.a(libc_a-impure.o)
                0x20000118                _impure_data
 *(.RamFunc)
 *(.RamFunc*)
                0x20000164                        . = ALIGN (0x4)
                0x20000164                        _edata = .
                0x080102d8                        _siccmram = LOADADDR (.ccmram)

.igot.plt       0x20000164        0x0 load address 0x080102d8
 .igot.plt      0x20000164        0x0 C:/ST/STM32CubeIDE_1.17.0/STM32CubeIDE/plugins/com.st.stm32cube.ide.mcu.externaltools.gnu-tools-for-stm32.12.3.rel1.win32_1.1.0.202410251130/tools/bin/../lib/gcc/arm-none-eabi/12.3.1/thumb/v7e-m+fp/hard/crtbegin.o

.ccmram         0x10000000        0x0 load address 0x080102d8
                0x10000000                        . = ALIGN (0x4)
                0x10000000                        _sccmram = .
 *(.ccmram)
 *(.ccmram*)
                0x10000000                        . = ALIGN (0x4)
                0x10000000                        _eccmram = .
                0x10000000                        . = ALIGN (0x4)

.bss            0x20000164     0x48d4
                0x20000164                        _sbss = .
                0x20000164                        __bss_start__ = _sbss
 *(.bss)
 .bss           0x20000164       0x1c C:/ST/STM32CubeIDE_1.17.0/STM32CubeIDE/plugins/com.st.stm32cube.ide.mcu.externaltools.gnu-tools-for-stm32.12.3.rel1.win32_1.1.0.202410251130/tools/bin/../lib/gcc/arm-none-eabi/12.3.1/thumb/v7e-m+fp/hard/crtbegin.o
 *(.bss*)
 .bss.retUSER   0x20000180        0x1 ./Core/Src/fatfs.o
                0x20000180                retUSER
 *fill*         0x20000181        0x3 
 .bss.USERPath  0x20000184        0x4 ./Core/Src/fatfs.o
                0x20000184                USERPath
 .bss.USER_Path
                0x20000188        0x4 ./Core/Src/fatfs_sd.o
                0x20000188                USER_Path
 .bss.SDFatFs   0x2000018c     0x1038 ./Core/Src/fatfs_sd.o
                0x2000018c                SDFatFs
 .bss.fileInfo  0x200011c4      0x118 ./Core/Src/fatfs_sd.o
                0x200011c4                fileInfo
 .bss.sect      0x200012dc      0x200 ./Core/Src/fatfs_sd.o
                0x200012dc                sect
 .bss.result    0x200014dc        0x1 ./Core/Src/fatfs_sd.o
                0x200014dc                result
 .bss.res       0x200014dd        0x1 ./Core/Src/fatfs_sd.o
                0x200014dd                res
 *fill*         0x200014de        0x2 
 .bss.fn        0x200014e0        0x4 ./Core/Src/fatfs_sd.o
                0x200014e0                fn
 .bss.dir       0x200014e4       0x34 ./Core/Src/fatfs_sd.o
                0x200014e4                dir
 .bss.CardType  0x20001518        0x1 ./Core/Src/fatfs_sd.o
 .bss.PowerFlag
                0x20001519        0x1 ./Core/Src/fatfs_sd.o
 *fill*         0x2000151a        0x2 
 .bss.hspi1     0x2000151c       0x58 ./Core/Src/main.o
                0x2000151c                hspi1
 .bss.huart1    0x20001574       0x48 ./Core/Src/main.o
                0x20001574                huart1
 .bss.fs        0x200015bc     0x1038 ./Core/Src/main.o
                0x200015bc                fs
 .bss.fil       0x200025f4     0x1030 ./Core/Src/main.o
                0x200025f4                fil
 .bss.fresult   0x20003624        0x1 ./Core/Src/main.o
                0x20003624                fresult
 *fill*         0x20003625        0x3 
 .bss.buffer    0x20003628      0x400 ./Core/Src/main.o
                0x20003628                buffer
 .bss.br        0x20003a28        0x4 ./Core/Src/main.o
                0x20003a28                br
 .bss.bw        0x20003a2c        0x4 ./Core/Src/main.o
                0x20003a2c                bw
 .bss.pfs       0x20003a30        0x4 ./Core/Src/main.o
                0x20003a30                pfs
 .bss.fre_clust
                0x20003a34        0x4 ./Core/Src/main.o
                0x20003a34                fre_clust
 .bss.total     0x20003a38        0x4 ./Core/Src/main.o
                0x20003a38                total
 .bss.free_space
                0x20003a3c        0x4 ./Core/Src/main.o
                0x20003a3c                free_space
 .bss.FatFsCnt  0x20003a40        0x1 ./Core/Src/stm32f4xx_it.o
                0x20003a40                FatFsCnt
 .bss.Timer1    0x20003a41        0x1 ./Core/Src/stm32f4xx_it.o
                0x20003a41                Timer1
 .bss.Timer2    0x20003a42        0x1 ./Core/Src/stm32f4xx_it.o
                0x20003a42                Timer2
 .bss.Timer3    0x20003a43        0x1 ./Core/Src/stm32f4xx_it.o
                0x20003a43                Timer3
 .bss.Timer4    0x20003a44        0x1 ./Core/Src/stm32f4xx_it.o
                0x20003a44                Timer4
 *fill*         0x20003a45        0x3 
 .bss.__sbrk_heap_end
                0x20003a48        0x4 ./Core/Src/sysmem.o
 .bss.uwTick    0x20003a4c        0x4 ./Drivers/STM32F4xx_HAL_Driver/Src/stm32f4xx_hal.o
                0x20003a4c                uwTick
 .bss.MSC_Diagnostic_Data
                0x20003a50        0x8 ./Middlewares/ST/STM32_USB_Device_Library/Class/MSC/Src/usbd_msc_data.o
                0x20003a50                MSC_Diagnostic_Data
 .bss.lun_report.0
                0x20003a58       0x18 ./Middlewares/ST/STM32_USB_Device_Library/Class/MSC/Src/usbd_msc_scsi.o
 .bss.cfgidx.0  0x20003a70        0x1 ./Middlewares/ST/STM32_USB_Device_Library/Core/Src/usbd_ctlreq.o
 *fill*         0x20003a71        0x3 
 .bss.FatFs     0x20003a74        0x4 ./Middlewares/Third_Party/FatFs/src/ff.o
 .bss.Fsid      0x20003a78        0x2 ./Middlewares/Third_Party/FatFs/src/ff.o
 *fill*         0x20003a7a        0x2 
 .bss.Files     0x20003a7c       0x20 ./Middlewares/Third_Party/FatFs/src/ff.o
 .bss.LfnBuf    0x20003a9c      0x200 ./Middlewares/Third_Party/FatFs/src/ff.o
 .bss.disk      0x20003c9c        0xc ./Middlewares/Third_Party/FatFs/src/ff_gen_drv.o
                0x20003c9c                disk
 .bss.hUsbDeviceFS
                0x20003ca8      0x2dc ./USB_DEVICE/App/usb_device.o
                0x20003ca8                hUsbDeviceFS
 .bss.USBD_StrDesc
                0x20003f84      0x200 ./USB_DEVICE/App/usbd_desc.o
                0x20003f84                USBD_StrDesc
 .bss.hpcd_USB_OTG_FS
                0x20004184      0x4e4 ./USB_DEVICE/Target/usbd_conf.o
                0x20004184                hpcd_USB_OTG_FS
 .bss.mem.0     0x20004668      0x288 ./USB_DEVICE/Target/usbd_conf.o
 .bss.__sf      0x200048f0      0x138 C:/ST/STM32CubeIDE_1.17.0/STM32CubeIDE/plugins/com.st.stm32cube.ide.mcu.externaltools.gnu-tools-for-stm32.12.3.rel1.win32_1.1.0.202410251130/tools/bin/../lib/gcc/arm-none-eabi/12.3.1/../../../../arm-none-eabi/lib/thumb/v7e-m+fp/hard\libc_nano.a(libc_a-findfp.o)
                0x200048f0                __sf
 .bss.errno     0x20004a28        0x4 C:/ST/STM32CubeIDE_1.17.0/STM32CubeIDE/plugins/com.st.stm32cube.ide.mcu.externaltools.gnu-tools-for-stm32.12.3.rel1.win32_1.1.0.202410251130/tools/bin/../lib/gcc/arm-none-eabi/12.3.1/../../../../arm-none-eabi/lib/thumb/v7e-m+fp/hard\libc_nano.a(libc_a-reent.o)
                0x20004a28                errno
 .bss.__lock___malloc_recursive_mutex
                0x20004a2c        0x1 C:/ST/STM32CubeIDE_1.17.0/STM32CubeIDE/plugins/com.st.stm32cube.ide.mcu.externaltools.gnu-tools-for-stm32.12.3.rel1.win32_1.1.0.202410251130/tools/bin/../lib/gcc/arm-none-eabi/12.3.1/../../../../arm-none-eabi/lib/thumb/v7e-m+fp/hard\libc_nano.a(libc_a-lock.o)
                0x20004a2c                __lock___malloc_recursive_mutex
 *fill*         0x20004a2d        0x3 
 .bss.__malloc_sbrk_start
                0x20004a30        0x4 C:/ST/STM32CubeIDE_1.17.0/STM32CubeIDE/plugins/com.st.stm32cube.ide.mcu.externaltools.gnu-tools-for-stm32.12.3.rel1.win32_1.1.0.202410251130/tools/bin/../lib/gcc/arm-none-eabi/12.3.1/../../../../arm-none-eabi/lib/thumb/v7e-m+fp/hard\libc_nano.a(libc_a-mallocr.o)
                0x20004a30                __malloc_sbrk_start
 .bss.__malloc_free_list
                0x20004a34        0x4 C:/ST/STM32CubeIDE_1.17.0/STM32CubeIDE/plugins/com.st.stm32cube.ide.mcu.externaltools.gnu-tools-for-stm32.12.3.rel1.win32_1.1.0.202410251130/tools/bin/../lib/gcc/arm-none-eabi/12.3.1/../../../../arm-none-eabi/lib/thumb/v7e-m+fp/hard\libc_nano.a(libc_a-mallocr.o)
                0x20004a34                __malloc_free_list
 *(COMMON)
                0x20004a38                        . = ALIGN (0x4)
                0x20004a38                        _ebss = .
                0x20004a38                        __bss_end__ = _ebss

._user_heap_stack
                0x20004a38      0x600
                0x20004a38                        . = ALIGN (0x8)
                [!provide]                        PROVIDE (end = .)
                0x20004a38                        PROVIDE (_end = .)
                0x20004c38                        . = (. + _Min_Heap_Size)
 *fill*         0x20004a38      0x200 
                0x20005038                        . = (. + _Min_Stack_Size)
 *fill*         0x20004c38      0x400 
                0x20005038                        . = ALIGN (0x8)

/DISCARD/
 libc.a(*)
 libm.a(*)
 libgcc.a(*)

.ARM.attributes
                0x00000000       0x30
 *(.ARM.attributes)
 .ARM.attributes
                0x00000000       0x22 C:/ST/STM32CubeIDE_1.17.0/STM32CubeIDE/plugins/com.st.stm32cube.ide.mcu.externaltools.gnu-tools-for-stm32.12.3.rel1.win32_1.1.0.202410251130/tools/bin/../lib/gcc/arm-none-eabi/12.3.1/thumb/v7e-m+fp/hard/crti.o
 .ARM.attributes