../Core/Src/main.c:75:6:test_sd_card	120	static
../Core/Src/main.c:114:6:print_buffer	120	static
../Core/Src/main.c:136:5:main	8	static
../Core/Src/main.c:191:6:SystemClock_Config	120	static
../Core/Src/main.c:250:13:MX_SPI2_Init	8	static
../Core/Src/main.c:298:13:MX_TIM6_Init	24	static
../Core/Src/main.c:336:13:MX_USART1_UART_Init	8	static
../Core/Src/main.c:384:13:MX_GPIO_Init	48	static
../Core/Src/main.c:416:6:MPU_Config	24	static
../Core/Src/main.c:447:6:Error_Handler	4	static,ignoring_inline_asm
