../Core/Src/mmcsd.c:22:10:HAL_GetTick	4	static
../Core/Src/mmcsd.c:79:6:SPI_Timer_On	16	static
../Core/Src/mmcsd.c:83:9:SPI_Timer_Status	8	static
../Core/Src/mmcsd.c:92:9:xchg_spi	32	static
../Core/Src/mmcsd.c:102:6:rcvr_spi_multi	32	static
../Core/Src/mmcsd.c:114:6:xmit_spi_multi	24	static
../Core/Src/mmcsd.c:125:5:wait_ready	32	static
../Core/Src/mmcsd.c:152:6:despiselect	8	static
../Core/Src/mmcsd.c:168:5:spiselect	8	static
../Core/Src/mmcsd.c:186:5:rcvr_datablock	24	static
../Core/Src/mmcsd.c:213:5:xmit_datablock	24	static
../Core/Src/mmcsd.c:238:9:send_cmd	24	static
../Core/Src/mmcsd.c:283:9:USER_SPI_initialize	32	static
../Core/Src/mmcsd.c:338:9:USER_SPI_status	16	static
../Core/Src/mmcsd.c:351:9:USER_SPI_read	24	static
../Core/Src/mmcsd.c:386:9:USER_SPI_write	24	static
../Core/Src/mmcsd.c:424:9:USER_SPI_ioctl	56	static
