../Core/Src/fatfs_sd.c:43:13:SELECT	8	static
../Core/Src/fatfs_sd.c:50:13:DESELECT	8	static
../Core/Src/fatfs_sd.c:56:13:SPI_TxByte	16	static
../Core/Src/fatfs_sd.c:63:13:SPI_TxBuffer	16	static
../Core/Src/fatfs_sd.c:70:16:SPI_RxByte	24	static
../Core/Src/fatfs_sd.c:79:13:SPI_RxBytePtr	16	static
../Core/Src/fatfs_sd.c:90:16:SD_ReadyWait	16	static
../Core/Src/fatfs_sd.c:101:13:SD_PowerOn	24	static
../Core/Src/fatfs_sd.c:132:13:SD_PowerOff	4	static
../Core/Src/fatfs_sd.c:138:16:SD_CheckPower	4	static
../Core/Src/fatfs_sd.c:150:16:SD_RxDataBlock	24	static
../Core/Src/fatfs_sd.c:171:16:SD_TxDataBlock	24	static
../Core/Src/fatfs_sd.c:208:16:SD_SendCmd	24	static
../Core/Src/fatfs_sd.c:239:9:SD_disk_initialize	32	static
../Core/Src/fatfs_sd.c:340:9:SD_disk_status	16	static
../Core/Src/fatfs_sd.c:347:9:SD_disk_read	24	static
../Core/Src/fatfs_sd.c:397:9:SD_disk_write	24	static
../Core/Src/fatfs_sd.c:452:9:SD_disk_ioctl	56	static
../Core/Src/fatfs_sd.c:553:6:SD_List_File	16	static
../Core/Src/fatfs_sd.c:590:6:SD_creatSubDir	16	static
../Core/Src/fatfs_sd.c:615:9:delete_node	88	static
../Core/Src/fatfs_sd.c:657:6:SD_deleteFolder	328	static
