../Core/Src/fatfs_sd.c:43:13:SELECT	8	static
../Core/Src/fatfs_sd.c:48:13:DESELECT	8	static
../Core/Src/fatfs_sd.c:54:13:SPI_TxByte	16	static
../Core/Src/fatfs_sd.c:61:13:SPI_TxBuffer	16	static
../Core/Src/fatfs_sd.c:68:16:SPI_RxByte	24	static
../Core/Src/fatfs_sd.c:77:13:SPI_RxBytePtr	16	static
../Core/Src/fatfs_sd.c:88:16:SD_ReadyWait	16	static
../Core/Src/fatfs_sd.c:99:13:SD_PowerOn	24	static
../Core/Src/fatfs_sd.c:130:13:SD_PowerOff	4	static
../Core/Src/fatfs_sd.c:136:16:SD_CheckPower	4	static
../Core/Src/fatfs_sd.c:148:16:SD_RxDataBlock	24	static
../Core/Src/fatfs_sd.c:169:16:SD_TxDataBlock	24	static
../Core/Src/fatfs_sd.c:206:16:SD_SendCmd	24	static
../Core/Src/fatfs_sd.c:237:9:SD_disk_initialize	32	static
../Core/Src/fatfs_sd.c:338:9:SD_disk_status	16	static
../Core/Src/fatfs_sd.c:345:9:SD_disk_read	24	static
../Core/Src/fatfs_sd.c:395:9:SD_disk_write	24	static
../Core/Src/fatfs_sd.c:450:9:SD_disk_ioctl	56	static
../Core/Src/fatfs_sd.c:551:6:SD_List_File	16	static
../Core/Src/fatfs_sd.c:588:6:SD_creatSubDir	16	static
../Core/Src/fatfs_sd.c:613:9:delete_node	88	static
../Core/Src/fatfs_sd.c:655:6:SD_deleteFolder	328	static
