../Core/Src/main.c:87:6:send_uart	56	dynamic
../Core/Src/main.c:97:5:bufsize	24	static
../Core/Src/main.c:104:6:clear_buffer	16	static
../Core/Src/main.c:110:6:uart_receive_string	24	static
../Core/Src/main.c:125:6:uart_receive_char	16	static
../Core/Src/main.c:139:5:main	80	static
../Core/Src/main.c:289:6:SystemClock_Config	88	static
../Core/Src/main.c:335:13:MX_SPI1_Init	8	static
../Core/Src/main.c:373:13:MX_USART1_UART_Init	8	static
../Core/Src/main.c:406:13:MX_GPIO_Init	16	static
../Core/Src/main.c:427:6:Error_Handler	4	static,ignoring_inline_asm
