../Core/Src/fatfs_sd.c:40:13:SELECT	8	static
../Core/Src/fatfs_sd.c:47:13:DESELECT	8	static
../Core/Src/fatfs_sd.c:54:13:SPI_TxByte	16	static
../Core/Src/fatfs_sd.c:61:13:SPI_TxBuffer	16	static
../Core/Src/fatfs_sd.c:68:16:SPI_RxByte	24	static
../Core/Src/fatfs_sd.c:80:13:SPI_RxBytePtr	16	static
../Core/Src/fatfs_sd.c:90:16:SD_ReadyWait	16	static
../Core/Src/fatfs_sd.c:106:13:SD_PowerOn	24	static
../Core/Src/fatfs_sd.c:144:13:SD_PowerOff	4	static
../Core/Src/fatfs_sd.c:150:16:SD_CheckPower	4	static
../Core/Src/fatfs_sd.c:156:13:SD_RxDataBlock	24	static
../Core/Src/fatfs_sd.c:185:13:SD_TxDataBlock	24	static
../Core/Src/fatfs_sd.c:228:13:SD_SendCmd	24	static
../Core/Src/fatfs_sd.c:267:9:SD_disk_initialize	32	static
../Core/Src/fatfs_sd.c:367:9:SD_disk_status	16	static
../Core/Src/fatfs_sd.c:374:9:SD_disk_read	24	static
../Core/Src/fatfs_sd.c:416:9:SD_disk_write	24	static
../Core/Src/fatfs_sd.c:471:9:SD_disk_ioctl	56	static
../Core/Src/fatfs_sd.c:568:6:SD_List_File	16	static
../Core/Src/fatfs_sd.c:605:6:SD_creatSubDir	16	static
../Core/Src/fatfs_sd.c:630:9:delete_node	88	static
../Core/Src/fatfs_sd.c:672:6:SD_deleteFolder	328	static
