../Core/Src/main.c:88:6:send_uart	56	dynamic
../Core/Src/main.c:103:5:bufsize	24	static
../Core/Src/main.c:109:6:bufclear	16	static
../Core/Src/main.c:116:6:clear_buffer	16	static
../Core/Src/main.c:122:6:uart_receive_string	24	static
../Core/Src/main.c:137:6:uart_receive_char	16	static
../Core/Src/main.c:151:5:main	80	static
../Core/Src/main.c:549:6:SystemClock_Config	88	static
../Core/Src/main.c:595:13:MX_SPI1_Init	8	static
../Core/Src/main.c:633:13:MX_USART1_UART_Init	8	static
../Core/Src/main.c:666:13:MX_GPIO_Init	40	static
../Core/Src/main.c:699:6:Error_Handler	4	static,ignoring_inline_asm
