22:25:10 **** Incremental Build of configuration Debug for project STM32_Try2 ****
make -j16 all 
arm-none-eabi-size  STM32_Try2.elf 
   text	   data	    bss	    dec	    hex	filename
  25740	    116	   7700	  33556	   8314	STM32_Try2.elf
Finished building: default.size.stdout
 
22:25:29 **** Incremental Build of configuration Debug for project STM32_Try2 ****
make -j16 all 
arm-none-eabi-size  STM32_Try2.elf 
   text	   data	    bss	    dec	    hex	filename
  25740	    116	   7700	  33556	   8314	STM32_Try2.elf
Finished building: default.size.stdout
 
22:26:34 **** Incremental Build of configuration Debug for project STM32_Try2 ****
make -j16 all 
arm-none-eabi-size  STM32_Try2.elf 
   text	   data	    bss	    dec	    hex	filename
  25740	    116	   7700	  33556	   8314	STM32_Try2.elf
Finished building: default.size.stdout
 
22:29:18 **** Incremental Build of configuration Debug for project STM32_Try2 ****
make -j16 all 
arm-none-eabi-size  STM32_Try2.elf 
   text	   data	    bss	    dec	    hex	filename
  25740	    116	   7700	  33556	   8314	STM32_Try2.elf
Finished building: default.size.stdout
 
22:30:18 **** Incremental Build of configuration Debug for project STM32_Try2 ****
make -j16 all 
arm-none-eabi-size  STM32_Try2.elf 
   text	   data	    bss	    dec	    hex	filename
  25740	    116	   7700	  33556	   8314	STM32_Try2.elf
Finished building: default.size.stdout
 
22:31:14 **** Incremental Build of configuration Debug for project STM32_Try2 ****
make -j16 all 
arm-none-eabi-size  STM32_Try2.elf 
   text	   data	    bss	    dec	    hex	filename
  25740	    116	   7700	  33556	   8314	STM32_Try2.elf
Finished building: default.size.stdout
 
